Archive member included to satisfy reference by file (symbol)

c:/st/stm32cubeide_1.8.0/stm32cubeide/plugins/com.st.stm32cube.ide.mcu.externaltools.gnu-tools-for-stm32.10.3-2021.10.win32_1.0.0.202111181127/tools/bin/../lib/gcc/arm-none-eabi/10.3.1/../../../../arm-none-eabi/lib/thumb/v7e-m+fp/hard\libc_nano.a(lib_a-errno.o)
                              ./Core/Src/syscalls.o (__errno)
c:/st/stm32cubeide_1.8.0/stm32cubeide/plugins/com.st.stm32cube.ide.mcu.externaltools.gnu-tools-for-stm32.10.3-2021.10.win32_1.0.0.202111181127/tools/bin/../lib/gcc/arm-none-eabi/10.3.1/../../../../arm-none-eabi/lib/thumb/v7e-m+fp/hard\libc_nano.a(lib_a-exit.o)
                              c:/st/stm32cubeide_1.8.0/stm32cubeide/plugins/com.st.stm32cube.ide.mcu.externaltools.gnu-tools-for-stm32.10.3-2021.10.win32_1.0.0.202111181127/tools/bin/../lib/gcc/arm-none-eabi/10.3.1/../../../../arm-none-eabi/lib/thumb/v7e-m+fp/hard/crt0.o (exit)
c:/st/stm32cubeide_1.8.0/stm32cubeide/plugins/com.st.stm32cube.ide.mcu.externaltools.gnu-tools-for-stm32.10.3-2021.10.win32_1.0.0.202111181127/tools/bin/../lib/gcc/arm-none-eabi/10.3.1/../../../../arm-none-eabi/lib/thumb/v7e-m+fp/hard\libc_nano.a(lib_a-impure.o)
                              c:/st/stm32cubeide_1.8.0/stm32cubeide/plugins/com.st.stm32cube.ide.mcu.externaltools.gnu-tools-for-stm32.10.3-2021.10.win32_1.0.0.202111181127/tools/bin/../lib/gcc/arm-none-eabi/10.3.1/../../../../arm-none-eabi/lib/thumb/v7e-m+fp/hard\libc_nano.a(lib_a-exit.o) (_global_impure_ptr)
c:/st/stm32cubeide_1.8.0/stm32cubeide/plugins/com.st.stm32cube.ide.mcu.externaltools.gnu-tools-for-stm32.10.3-2021.10.win32_1.0.0.202111181127/tools/bin/../lib/gcc/arm-none-eabi/10.3.1/../../../../arm-none-eabi/lib/thumb/v7e-m+fp/hard\libc_nano.a(lib_a-init.o)
                              c:/st/stm32cubeide_1.8.0/stm32cubeide/plugins/com.st.stm32cube.ide.mcu.externaltools.gnu-tools-for-stm32.10.3-2021.10.win32_1.0.0.202111181127/tools/bin/../lib/gcc/arm-none-eabi/10.3.1/../../../../arm-none-eabi/lib/thumb/v7e-m+fp/hard/crt0.o (__libc_init_array)
c:/st/stm32cubeide_1.8.0/stm32cubeide/plugins/com.st.stm32cube.ide.mcu.externaltools.gnu-tools-for-stm32.10.3-2021.10.win32_1.0.0.202111181127/tools/bin/../lib/gcc/arm-none-eabi/10.3.1/../../../../arm-none-eabi/lib/thumb/v7e-m+fp/hard\libc_nano.a(lib_a-memcpy-stub.o)
                              ./common/ThirdParty/FreeRTOS/queue.o (memcpy)
c:/st/stm32cubeide_1.8.0/stm32cubeide/plugins/com.st.stm32cube.ide.mcu.externaltools.gnu-tools-for-stm32.10.3-2021.10.win32_1.0.0.202111181127/tools/bin/../lib/gcc/arm-none-eabi/10.3.1/../../../../arm-none-eabi/lib/thumb/v7e-m+fp/hard\libc_nano.a(lib_a-memset.o)
                              c:/st/stm32cubeide_1.8.0/stm32cubeide/plugins/com.st.stm32cube.ide.mcu.externaltools.gnu-tools-for-stm32.10.3-2021.10.win32_1.0.0.202111181127/tools/bin/../lib/gcc/arm-none-eabi/10.3.1/../../../../arm-none-eabi/lib/thumb/v7e-m+fp/hard/crt0.o (memset)
c:/st/stm32cubeide_1.8.0/stm32cubeide/plugins/com.st.stm32cube.ide.mcu.externaltools.gnu-tools-for-stm32.10.3-2021.10.win32_1.0.0.202111181127/tools/bin/../lib/gcc/arm-none-eabi/10.3.1/../../../../arm-none-eabi/lib/thumb/v7e-m+fp/hard\libc_nano.a(lib_a-strcmp.o)
                              ./Core/Src/task_handler.o (strcmp)
c:/st/stm32cubeide_1.8.0/stm32cubeide/plugins/com.st.stm32cube.ide.mcu.externaltools.gnu-tools-for-stm32.10.3-2021.10.win32_1.0.0.202111181127/tools/bin/../lib/gcc/arm-none-eabi/10.3.1/../../../../arm-none-eabi/lib/thumb/v7e-m+fp/hard\libc_nano.a(lib_a-strlen.o)
                              ./Core/Src/task_handler.o (strlen)
c:/st/stm32cubeide_1.8.0/stm32cubeide/plugins/com.st.stm32cube.ide.mcu.externaltools.gnu-tools-for-stm32.10.3-2021.10.win32_1.0.0.202111181127/tools/bin/../lib/gcc/arm-none-eabi/10.3.1/thumb/v7e-m+fp/hard\libgcc.a(_aeabi_uldivmod.o)
                              ./Drivers/STM32F4xx_HAL_Driver/Src/stm32f4xx_hal_rcc.o (__aeabi_uldivmod)
c:/st/stm32cubeide_1.8.0/stm32cubeide/plugins/com.st.stm32cube.ide.mcu.externaltools.gnu-tools-for-stm32.10.3-2021.10.win32_1.0.0.202111181127/tools/bin/../lib/gcc/arm-none-eabi/10.3.1/thumb/v7e-m+fp/hard\libgcc.a(_udivmoddi4.o)
                              c:/st/stm32cubeide_1.8.0/stm32cubeide/plugins/com.st.stm32cube.ide.mcu.externaltools.gnu-tools-for-stm32.10.3-2021.10.win32_1.0.0.202111181127/tools/bin/../lib/gcc/arm-none-eabi/10.3.1/thumb/v7e-m+fp/hard\libgcc.a(_aeabi_uldivmod.o) (__udivmoddi4)
c:/st/stm32cubeide_1.8.0/stm32cubeide/plugins/com.st.stm32cube.ide.mcu.externaltools.gnu-tools-for-stm32.10.3-2021.10.win32_1.0.0.202111181127/tools/bin/../lib/gcc/arm-none-eabi/10.3.1/thumb/v7e-m+fp/hard\libgcc.a(_dvmd_tls.o)
                              c:/st/stm32cubeide_1.8.0/stm32cubeide/plugins/com.st.stm32cube.ide.mcu.externaltools.gnu-tools-for-stm32.10.3-2021.10.win32_1.0.0.202111181127/tools/bin/../lib/gcc/arm-none-eabi/10.3.1/thumb/v7e-m+fp/hard\libgcc.a(_aeabi_uldivmod.o) (__aeabi_ldiv0)

Discarded input sections

[...]
Memory Configuration

Name             Origin             Length             Attributes
RAM              0x0000000020000000 0x0000000000020000 xrw
FLASH            0x0000000008000000 0x0000000000080000 xr
*default*        0x0000000000000000 0xffffffffffffffff

Linker script and memory map

LOAD c:/st/stm32cubeide_1.8.0/stm32cubeide/plugins/com.st.stm32cube.ide.mcu.externaltools.gnu-tools-for-stm32.10.3-2021.10.win32_1.0.0.202111181127/tools/bin/../lib/gcc/arm-none-eabi/10.3.1/thumb/v7e-m+fp/hard/crti.o
LOAD c:/st/stm32cubeide_1.8.0/stm32cubeide/plugins/com.st.stm32cube.ide.mcu.externaltools.gnu-tools-for-stm32.10.3-2021.10.win32_1.0.0.202111181127/tools/bin/../lib/gcc/arm-none-eabi/10.3.1/thumb/v7e-m+fp/hard/crtbegin.o
LOAD c:/st/stm32cubeide_1.8.0/stm32cubeide/plugins/com.st.stm32cube.ide.mcu.externaltools.gnu-tools-for-stm32.10.3-2021.10.win32_1.0.0.202111181127/tools/bin/../lib/gcc/arm-none-eabi/10.3.1/../../../../arm-none-eabi/lib/thumb/v7e-m+fp/hard/crt0.o
LOAD ./Core/Src/led_effect.o
LOAD ./Core/Src/main.o
LOAD ./Core/Src/stm32f4xx_hal_msp.o
LOAD ./Core/Src/stm32f4xx_hal_timebase_tim.o
LOAD ./Core/Src/stm32f4xx_it.o
LOAD ./Core/Src/syscalls.o
LOAD ./Core/Src/sysmem.o
LOAD ./Core/Src/system_stm32f4xx.o
LOAD ./Core/Src/task_handler.o
LOAD ./Core/Startup/startup_stm32f446retx.o
LOAD ./Drivers/STM32F4xx_HAL_Driver/Src/stm32f4xx_hal.o
LOAD ./Drivers/STM32F4xx_HAL_Driver/Src/stm32f4xx_hal_cortex.o
LOAD ./Drivers/STM32F4xx_HAL_Driver/Src/stm32f4xx_hal_dma.o
LOAD ./Drivers/STM32F4xx_HAL_Driver/Src/stm32f4xx_hal_dma_ex.o
LOAD ./Drivers/STM32F4xx_HAL_Driver/Src/stm32f4xx_hal_exti.o
LOAD ./Drivers/STM32F4xx_HAL_Driver/Src/stm32f4xx_hal_flash.o
LOAD ./Drivers/STM32F4xx_HAL_Driver/Src/stm32f4xx_hal_flash_ex.o
LOAD ./Drivers/STM32F4xx_HAL_Driver/Src/stm32f4xx_hal_flash_ramfunc.o
LOAD ./Drivers/STM32F4xx_HAL_Driver/Src/stm32f4xx_hal_gpio.o
LOAD ./Drivers/STM32F4xx_HAL_Driver/Src/stm32f4xx_hal_i2c.o
LOAD ./Drivers/STM32F4xx_HAL_Driver/Src/stm32f4xx_hal_i2c_ex.o
LOAD ./Drivers/STM32F4xx_HAL_Driver/Src/stm32f4xx_hal_pwr.o
LOAD ./Drivers/STM32F4xx_HAL_Driver/Src/stm32f4xx_hal_pwr_ex.o
LOAD ./Drivers/STM32F4xx_HAL_Driver/Src/stm32f4xx_hal_rcc.o
LOAD ./Drivers/STM32F4xx_HAL_Driver/Src/stm32f4xx_hal_rcc_ex.o
LOAD ./Drivers/STM32F4xx_HAL_Driver/Src/stm32f4xx_hal_tim.o
LOAD ./Drivers/STM32F4xx_HAL_Driver/Src/stm32f4xx_hal_tim_ex.o
LOAD ./Drivers/STM32F4xx_HAL_Driver/Src/stm32f4xx_hal_uart.o
LOAD ./common/ThirdParty/FreeRTOS/croutine.o
LOAD ./common/ThirdParty/FreeRTOS/event_groups.o
LOAD ./common/ThirdParty/FreeRTOS/list.o
LOAD ./common/ThirdParty/FreeRTOS/queue.o
LOAD ./common/ThirdParty/FreeRTOS/stream_buffer.o
LOAD ./common/ThirdParty/FreeRTOS/tasks.o
LOAD ./common/ThirdParty/FreeRTOS/timers.o
LOAD ./common/ThirdParty/FreeRTOS/portable/GCC/ARM_CM4F/port.o
LOAD ./common/ThirdParty/FreeRTOS/portable/MemMang/heap_4.o
START GROUP
LOAD c:/st/stm32cubeide_1.8.0/stm32cubeide/plugins/com.st.stm32cube.ide.mcu.externaltools.gnu-tools-for-stm32.10.3-2021.10.win32_1.0.0.202111181127/tools/bin/../lib/gcc/arm-none-eabi/10.3.1/../../../../arm-none-eabi/lib/thumb/v7e-m+fp/hard\libc_nano.a
LOAD c:/st/stm32cubeide_1.8.0/stm32cubeide/plugins/com.st.stm32cube.ide.mcu.externaltools.gnu-tools-for-stm32.10.3-2021.10.win32_1.0.0.202111181127/tools/bin/../lib/gcc/arm-none-eabi/10.3.1/../../../../arm-none-eabi/lib/thumb/v7e-m+fp/hard\libm.a
END GROUP
START GROUP
LOAD c:/st/stm32cubeide_1.8.0/stm32cubeide/plugins/com.st.stm32cube.ide.mcu.externaltools.gnu-tools-for-stm32.10.3-2021.10.win32_1.0.0.202111181127/tools/bin/../lib/gcc/arm-none-eabi/10.3.1/thumb/v7e-m+fp/hard\libgcc.a
LOAD c:/st/stm32cubeide_1.8.0/stm32cubeide/plugins/com.st.stm32cube.ide.mcu.externaltools.gnu-tools-for-stm32.10.3-2021.10.win32_1.0.0.202111181127/tools/bin/../lib/gcc/arm-none-eabi/10.3.1/../../../../arm-none-eabi/lib/thumb/v7e-m+fp/hard\libc_nano.a
END GROUP
START GROUP
LOAD c:/st/stm32cubeide_1.8.0/stm32cubeide/plugins/com.st.stm32cube.ide.mcu.externaltools.gnu-tools-for-stm32.10.3-2021.10.win32_1.0.0.202111181127/tools/bin/../lib/gcc/arm-none-eabi/10.3.1/thumb/v7e-m+fp/hard\libgcc.a
LOAD c:/st/stm32cubeide_1.8.0/stm32cubeide/plugins/com.st.stm32cube.ide.mcu.externaltools.gnu-tools-for-stm32.10.3-2021.10.win32_1.0.0.202111181127/tools/bin/../lib/gcc/arm-none-eabi/10.3.1/../../../../arm-none-eabi/lib/thumb/v7e-m+fp/hard\libc_nano.a
LOAD c:/st/stm32cubeide_1.8.0/stm32cubeide/plugins/com.st.stm32cube.ide.mcu.externaltools.gnu-tools-for-stm32.10.3-2021.10.win32_1.0.0.202111181127/tools/bin/../lib/gcc/arm-none-eabi/10.3.1/../../../../arm-none-eabi/lib/thumb/v7e-m+fp/hard\libnosys.a
END GROUP
START GROUP
LOAD c:/st/stm32cubeide_1.8.0/stm32cubeide/plugins/com.st.stm32cube.ide.mcu.externaltools.gnu-tools-for-stm32.10.3-2021.10.win32_1.0.0.202111181127/tools/bin/../lib/gcc/arm-none-eabi/10.3.1/thumb/v7e-m+fp/hard\libgcc.a
LOAD c:/st/stm32cubeide_1.8.0/stm32cubeide/plugins/com.st.stm32cube.ide.mcu.externaltools.gnu-tools-for-stm32.10.3-2021.10.win32_1.0.0.202111181127/tools/bin/../lib/gcc/arm-none-eabi/10.3.1/../../../../arm-none-eabi/lib/thumb/v7e-m+fp/hard\libc_nano.a
LOAD c:/st/stm32cubeide_1.8.0/stm32cubeide/plugins/com.st.stm32cube.ide.mcu.externaltools.gnu-tools-for-stm32.10.3-2021.10.win32_1.0.0.202111181127/tools/bin/../lib/gcc/arm-none-eabi/10.3.1/../../../../arm-none-eabi/lib/thumb/v7e-m+fp/hard\libnosys.a
END GROUP
LOAD c:/st/stm32cubeide_1.8.0/stm32cubeide/plugins/com.st.stm32cube.ide.mcu.externaltools.gnu-tools-for-stm32.10.3-2021.10.win32_1.0.0.202111181127/tools/bin/../lib/gcc/arm-none-eabi/10.3.1/thumb/v7e-m+fp/hard/crtend.o
LOAD c:/st/stm32cubeide_1.8.0/stm32cubeide/plugins/com.st.stm32cube.ide.mcu.externaltools.gnu-tools-for-stm32.10.3-2021.10.win32_1.0.0.202111181127/tools/bin/../lib/gcc/arm-none-eabi/10.3.1/thumb/v7e-m+fp/hard/crtn.o
                0x0000000020020000                _estack = (ORIGIN (RAM) + LENGTH (RAM))
                0x0000000000000200                _Min_Heap_Size = 0x200
                0x0000000000000400                _Min_Stack_Size = 0x400

.isr_vector     0x0000000008000000      0x1c4
                0x0000000008000000                . = ALIGN (0x4)
 *(.isr_vector)
 .isr_vector    0x0000000008000000      0x1c4 ./Core/Startup/startup_stm32f446retx.o
                0x0000000008000000                g_pfnVectors
                0x00000000080001c4                . = ALIGN (0x4)

.text           0x00000000080001d0     0x84d4
                0x00000000080001d0                . = ALIGN (0x4)
 *(.text)
 .text          0x00000000080001d0       0x40 c:/st/stm32cubeide_1.8.0/stm32cubeide/plugins/com.st.stm32cube.ide.mcu.externaltools.gnu-tools-for-stm32.10.3-2021.10.win32_1.0.0.202111181127/tools/bin/../lib/gcc/arm-none-eabi/10.3.1/thumb/v7e-m+fp/hard/crtbegin.o
 .text          0x0000000008000210       0x14 c:/st/stm32cubeide_1.8.0/stm32cubeide/plugins/com.st.stm32cube.ide.mcu.externaltools.gnu-tools-for-stm32.10.3-2021.10.win32_1.0.0.202111181127/tools/bin/../lib/gcc/arm-none-eabi/10.3.1/../../../../arm-none-eabi/lib/thumb/v7e-m+fp/hard\libc_nano.a(lib_a-strcmp.o)
                0x0000000008000210                strcmp
 .text          0x0000000008000224       0x10 c:/st/stm32cubeide_1.8.0/stm32cubeide/plugins/com.st.stm32cube.ide.mcu.externaltools.gnu-tools-for-stm32.10.3-2021.10.win32_1.0.0.202111181127/tools/bin/../lib/gcc/arm-none-eabi/10.3.1/../../../../arm-none-eabi/lib/thumb/v7e-m+fp/hard\libc_nano.a(lib_a-strlen.o)
                0x0000000008000224                strlen
 .text          0x0000000008000234       0x30 c:/st/stm32cubeide_1.8.0/stm32cubeide/plugins/com.st.stm32cube.ide.mcu.externaltools.gnu-tools-for-stm32.10.3-2021.10.win32_1.0.0.202111181127/tools/bin/../lib/gcc/arm-none-eabi/10.3.1/thumb/v7e-m+fp/hard\libgcc.a(_aeabi_uldivmod.o)
                0x0000000008000234                __aeabi_uldivmod
 .text          0x0000000008000264      0x2d0 c:/st/stm32cubeide_1.8.0/stm32cubeide/plugins/com.st.stm32cube.ide.mcu.externaltools.gnu-tools-for-stm32.10.3-2021.10.win32_1.0.0.202111181127/tools/bin/../lib/gcc/arm-none-eabi/10.3.1/thumb/v7e-m+fp/hard\libgcc.a(_udivmoddi4.o)
                0x0000000008000264                __udivmoddi4
 .text          0x0000000008000534        0x4 c:/st/stm32cubeide_1.8.0/stm32cubeide/plugins/com.st.stm32cube.ide.mcu.externaltools.gnu-tools-for-stm32.10.3-2021.10.win32_1.0.0.202111181127/tools/bin/../lib/gcc/arm-none-eabi/10.3.1/thumb/v7e-m+fp/hard\libgcc.a(_dvmd_tls.o)
                0x0000000008000534                __aeabi_idiv0
                0x0000000008000534                __aeabi_ldiv0
 *(.text*)
 .text.led_effect_stop
                0x0000000008000538       0x3c ./Core/Src/led_effect.o
                0x0000000008000538                led_effect_stop
 .text.led_effect
                0x0000000008000574       0x38 ./Core/Src/led_effect.o
                0x0000000008000574                led_effect
 .text.turn_off_all_leds
                0x00000000080005ac       0x40 ./Core/Src/led_effect.o
                0x00000000080005ac                turn_off_all_leds
 .text.turn_on_all_leds
                0x00000000080005ec       0x40 ./Core/Src/led_effect.o
                0x00000000080005ec                turn_on_all_leds
 .text.turn_on_even_leds
                0x000000000800062c       0x40 ./Core/Src/led_effect.o
                0x000000000800062c                turn_on_even_leds
 .text.turn_on_odd_leds
                0x000000000800066c       0x40 ./Core/Src/led_effect.o
                0x000000000800066c                turn_on_odd_leds
 .text.Led_Control
                0x00000000080006ac       0x94 ./Core/Src/led_effect.o
                0x00000000080006ac                Led_Control
 .text.led_effect1
                0x0000000008000740       0x2c ./Core/Src/led_effect.o
                0x0000000008000740                led_effect1
 .text.led_effect2
                0x000000000800076c       0x2c ./Core/Src/led_effect.o
                0x000000000800076c                led_effect2
 .text.led_effect3
                0x0000000008000798        0xe ./Core/Src/led_effect.o
                0x0000000008000798                led_effect3
 .text.led_effect4
                0x00000000080007a6        0xe ./Core/Src/led_effect.o
                0x00000000080007a6                led_effect4
 .text.main     0x00000000080007b4      0x1d0 ./Core/Src/main.o
                0x00000000080007b4                main
 .text.SystemClock_Config
                0x0000000008000984       0xe4 ./Core/Src/main.o
                0x0000000008000984                SystemClock_Config
 .text.MX_I2C1_Init
                0x0000000008000a68       0x5c ./Core/Src/main.o
 .text.MX_USART2_UART_Init
                0x0000000008000ac4       0x54 ./Core/Src/main.o
 .text.MX_GPIO_Init
                0x0000000008000b18      0x14c ./Core/Src/main.o
 .text.led_effect_callback
                0x0000000008000c64       0x50 ./Core/Src/main.o
                0x0000000008000c64                led_effect_callback
 .text.HAL_UART_RxCpltCallback
                0x0000000008000cb4       0x94 ./Core/Src/main.o
                0x0000000008000cb4                HAL_UART_RxCpltCallback
 .text.HAL_TIM_PeriodElapsedCallback
                0x0000000008000d48       0x24 ./Core/Src/main.o
                0x0000000008000d48                HAL_TIM_PeriodElapsedCallback
 .text.Error_Handler
                0x0000000008000d6c        0xa ./Core/Src/main.o
                0x0000000008000d6c                Error_Handler
 *fill*         0x0000000008000d76        0x2 
 .text.HAL_MspInit
                0x0000000008000d78       0x50 ./Core/Src/stm32f4xx_hal_msp.o
                0x0000000008000d78                HAL_MspInit
 .text.HAL_I2C_MspInit
                0x0000000008000dc8       0xa0 ./Core/Src/stm32f4xx_hal_msp.o
                0x0000000008000dc8                HAL_I2C_MspInit
 .text.HAL_UART_MspInit
                0x0000000008000e68       0xa0 ./Core/Src/stm32f4xx_hal_msp.o
                0x0000000008000e68                HAL_UART_MspInit
 .text.HAL_InitTick
                0x0000000008000f08       0xb4 ./Core/Src/stm32f4xx_hal_timebase_tim.o
                0x0000000008000f08                HAL_InitTick
 .text.NMI_Handler
                0x0000000008000fbc        0x6 ./Core/Src/stm32f4xx_it.o
                0x0000000008000fbc                NMI_Handler
 .text.HardFault_Handler
                0x0000000008000fc2        0x6 ./Core/Src/stm32f4xx_it.o
                0x0000000008000fc2                HardFault_Handler
 .text.MemManage_Handler
                0x0000000008000fc8        0x6 ./Core/Src/stm32f4xx_it.o
                0x0000000008000fc8                MemManage_Handler
 .text.BusFault_Handler
                0x0000000008000fce        0x6 ./Core/Src/stm32f4xx_it.o
                0x0000000008000fce                BusFault_Handler
 .text.UsageFault_Handler
                0x0000000008000fd4        0x6 ./Core/Src/stm32f4xx_it.o
                0x0000000008000fd4                UsageFault_Handler
 .text.DebugMon_Handler
                0x0000000008000fda        0xe ./Core/Src/stm32f4xx_it.o
                0x0000000008000fda                DebugMon_Handler
 .text.I2C1_EV_IRQHandler
                0x0000000008000fe8       0x14 ./Core/Src/stm32f4xx_it.o
                0x0000000008000fe8                I2C1_EV_IRQHandler
 .text.USART2_IRQHandler
                0x0000000008000ffc       0x14 ./Core/Src/stm32f4xx_it.o
                0x0000000008000ffc                USART2_IRQHandler
 .text.TIM6_DAC_IRQHandler
                0x0000000008001010       0x14 ./Core/Src/stm32f4xx_it.o
                0x0000000008001010                TIM6_DAC_IRQHandler
 .text.SystemInit
                0x0000000008001024       0x24 ./Core/Src/system_stm32f4xx.o
                0x0000000008001024                SystemInit
 .text.menu_task
                0x0000000008001048       0xe8 ./Core/Src/task_handler.o
                0x0000000008001048                menu_task
 .text.printf_task
                0x0000000008001130       0x40 ./Core/Src/task_handler.o
                0x0000000008001130                printf_task
 .text.led_task
                0x0000000008001170      0x130 ./Core/Src/task_handler.o
                0x0000000008001170                led_task
 .text.cmd_hanlder_task
                0x00000000080012a0       0x2e ./Core/Src/task_handler.o
                0x00000000080012a0                cmd_hanlder_task
 *fill*         0x00000000080012ce        0x2 
 .text.process_command
                0x00000000080012d0       0x78 ./Core/Src/task_handler.o
                0x00000000080012d0                process_command
 .text.extract_cmmand
                0x0000000008001348       0x74 ./Core/Src/task_handler.o
                0x0000000008001348                extract_cmmand
 .text.Reset_Handler
                0x00000000080013bc       0x50 ./Core/Startup/startup_stm32f446retx.o
                0x00000000080013bc                Reset_Handler
 .text.Default_Handler
                0x000000000800140c        0x2 ./Core/Startup/startup_stm32f446retx.o
                0x000000000800140c                RTC_Alarm_IRQHandler
                0x000000000800140c                EXTI2_IRQHandler
                0x000000000800140c                TIM8_CC_IRQHandler
                0x000000000800140c                FMPI2C1_EV_IRQHandler
                0x000000000800140c                SPI4_IRQHandler
                0x000000000800140c                TIM1_CC_IRQHandler
                0x000000000800140c                DMA2_Stream5_IRQHandler
                0x000000000800140c                DMA1_Stream5_IRQHandler
                0x000000000800140c                PVD_IRQHandler
                0x000000000800140c                SDIO_IRQHandler
                0x000000000800140c                TAMP_STAMP_IRQHandler
                0x000000000800140c                CAN2_RX1_IRQHandler
                0x000000000800140c                EXTI3_IRQHandler
                0x000000000800140c                TIM8_TRG_COM_TIM14_IRQHandler
                0x000000000800140c                TIM1_UP_TIM10_IRQHandler
                0x000000000800140c                TIM8_UP_TIM13_IRQHandler
                0x000000000800140c                I2C3_ER_IRQHandler
                0x000000000800140c                EXTI0_IRQHandler
                0x000000000800140c                I2C2_EV_IRQHandler
                0x000000000800140c                DMA1_Stream2_IRQHandler
                0x000000000800140c                CAN1_RX0_IRQHandler
                0x000000000800140c                FPU_IRQHandler
                0x000000000800140c                OTG_HS_WKUP_IRQHandler
                0x000000000800140c                CAN2_SCE_IRQHandler
                0x000000000800140c                DMA2_Stream2_IRQHandler
                0x000000000800140c                SPI1_IRQHandler
                0x000000000800140c                TIM1_BRK_TIM9_IRQHandler
                0x000000000800140c                DCMI_IRQHandler
                0x000000000800140c                CAN2_RX0_IRQHandler
                0x000000000800140c                DMA2_Stream3_IRQHandler
                0x000000000800140c                SAI2_IRQHandler
                0x000000000800140c                USART6_IRQHandler
                0x000000000800140c                USART3_IRQHandler
                0x000000000800140c                CAN1_RX1_IRQHandler
                0x000000000800140c                UART5_IRQHandler
                0x000000000800140c                DMA2_Stream0_IRQHandler
                0x000000000800140c                TIM4_IRQHandler
                0x000000000800140c                QUADSPI_IRQHandler
                0x000000000800140c                DMA1_Stream6_IRQHandler
                0x000000000800140c                DMA1_Stream1_IRQHandler
                0x000000000800140c                UART4_IRQHandler
                0x000000000800140c                TIM3_IRQHandler
                0x000000000800140c                RCC_IRQHandler
                0x000000000800140c                TIM8_BRK_TIM12_IRQHandler
                0x000000000800140c                Default_Handler
                0x000000000800140c                CEC_IRQHandler
                0x000000000800140c                EXTI15_10_IRQHandler
                0x000000000800140c                ADC_IRQHandler
                0x000000000800140c                DMA1_Stream7_IRQHandler
                0x000000000800140c                TIM7_IRQHandler
                0x000000000800140c                CAN2_TX_IRQHandler
                0x000000000800140c                TIM5_IRQHandler
                0x000000000800140c                DMA2_Stream7_IRQHandler
                0x000000000800140c                I2C3_EV_IRQHandler
                0x000000000800140c                EXTI9_5_IRQHandler
                0x000000000800140c                RTC_WKUP_IRQHandler
                0x000000000800140c                SPDIF_RX_IRQHandler
                0x000000000800140c                SPI2_IRQHandler
                0x000000000800140c                OTG_HS_EP1_IN_IRQHandler
                0x000000000800140c                DMA1_Stream0_IRQHandler
                0x000000000800140c                CAN1_TX_IRQHandler
                0x000000000800140c                FMPI2C1_ER_IRQHandler
                0x000000000800140c                EXTI4_IRQHandler
                0x000000000800140c                OTG_HS_EP1_OUT_IRQHandler
                0x000000000800140c                WWDG_IRQHandler
                0x000000000800140c                TIM2_IRQHandler
                0x000000000800140c                OTG_FS_WKUP_IRQHandler
                0x000000000800140c                TIM1_TRG_COM_TIM11_IRQHandler
                0x000000000800140c                OTG_HS_IRQHandler
                0x000000000800140c                EXTI1_IRQHandler
                0x000000000800140c                I2C2_ER_IRQHandler
                0x000000000800140c                DMA2_Stream1_IRQHandler
                0x000000000800140c                CAN1_SCE_IRQHandler
                0x000000000800140c                FLASH_IRQHandler
                0x000000000800140c                DMA2_Stream4_IRQHandler
                0x000000000800140c                USART1_IRQHandler
                0x000000000800140c                OTG_FS_IRQHandler
                0x000000000800140c                SPI3_IRQHandler
                0x000000000800140c                DMA1_Stream4_IRQHandler
                0x000000000800140c                I2C1_ER_IRQHandler
                0x000000000800140c                FMC_IRQHandler
                0x000000000800140c                DMA2_Stream6_IRQHandler
                0x000000000800140c                SAI1_IRQHandler
                0x000000000800140c                DMA1_Stream3_IRQHandler
 *fill*         0x000000000800140e        0x2 
 .text.HAL_Init
                0x0000000008001410       0x44 ./Drivers/STM32F4xx_HAL_Driver/Src/stm32f4xx_hal.o
                0x0000000008001410                HAL_Init
 .text.HAL_IncTick
                0x0000000008001454       0x28 ./Drivers/STM32F4xx_HAL_Driver/Src/stm32f4xx_hal.o
                0x0000000008001454                HAL_IncTick
 .text.HAL_GetTick
                0x000000000800147c       0x18 ./Drivers/STM32F4xx_HAL_Driver/Src/stm32f4xx_hal.o
                0x000000000800147c                HAL_GetTick
 .text.__NVIC_SetPriorityGrouping
                0x0000000008001494       0x48 ./Drivers/STM32F4xx_HAL_Driver/Src/stm32f4xx_hal_cortex.o
 .text.__NVIC_GetPriorityGrouping
                0x00000000080014dc       0x1c ./Drivers/STM32F4xx_HAL_Driver/Src/stm32f4xx_hal_cortex.o
 .text.__NVIC_EnableIRQ
                0x00000000080014f8       0x3c ./Drivers/STM32F4xx_HAL_Driver/Src/stm32f4xx_hal_cortex.o
 .text.__NVIC_SetPriority
                0x0000000008001534       0x54 ./Drivers/STM32F4xx_HAL_Driver/Src/stm32f4xx_hal_cortex.o
 .text.NVIC_EncodePriority
                0x0000000008001588       0x66 ./Drivers/STM32F4xx_HAL_Driver/Src/stm32f4xx_hal_cortex.o
 .text.HAL_NVIC_SetPriorityGrouping
                0x00000000080015ee       0x16 ./Drivers/STM32F4xx_HAL_Driver/Src/stm32f4xx_hal_cortex.o
                0x00000000080015ee                HAL_NVIC_SetPriorityGrouping
 .text.HAL_NVIC_SetPriority
                0x0000000008001604       0x38 ./Drivers/STM32F4xx_HAL_Driver/Src/stm32f4xx_hal_cortex.o
                0x0000000008001604                HAL_NVIC_SetPriority
 .text.HAL_NVIC_EnableIRQ
                0x000000000800163c       0x1c ./Drivers/STM32F4xx_HAL_Driver/Src/stm32f4xx_hal_cortex.o
                0x000000000800163c                HAL_NVIC_EnableIRQ
 .text.HAL_DMA_Abort
                0x0000000008001658       0xe0 ./Drivers/STM32F4xx_HAL_Driver/Src/stm32f4xx_hal_dma.o
                0x0000000008001658                HAL_DMA_Abort
 .text.HAL_DMA_Abort_IT
                0x0000000008001738       0x44 ./Drivers/STM32F4xx_HAL_Driver/Src/stm32f4xx_hal_dma.o
                0x0000000008001738                HAL_DMA_Abort_IT
 .text.HAL_DMA_GetState
                0x000000000800177c       0x1c ./Drivers/STM32F4xx_HAL_Driver/Src/stm32f4xx_hal_dma.o
                0x000000000800177c                HAL_DMA_GetState
 .text.HAL_GPIO_Init
                0x0000000008001798      0x328 ./Drivers/STM32F4xx_HAL_Driver/Src/stm32f4xx_hal_gpio.o
                0x0000000008001798                HAL_GPIO_Init
 .text.HAL_GPIO_WritePin
                0x0000000008001ac0       0x32 ./Drivers/STM32F4xx_HAL_Driver/Src/stm32f4xx_hal_gpio.o
                0x0000000008001ac0                HAL_GPIO_WritePin
 *fill*         0x0000000008001af2        0x2 
 .text.HAL_I2C_Init
                0x0000000008001af4      0x288 ./Drivers/STM32F4xx_HAL_Driver/Src/stm32f4xx_hal_i2c.o
                0x0000000008001af4                HAL_I2C_Init
 .text.HAL_I2C_EV_IRQHandler
                0x0000000008001d7c      0x2e2 ./Drivers/STM32F4xx_HAL_Driver/Src/stm32f4xx_hal_i2c.o
                0x0000000008001d7c                HAL_I2C_EV_IRQHandler
 .text.HAL_I2C_MasterTxCpltCallback
                0x000000000800205e       0x14 ./Drivers/STM32F4xx_HAL_Driver/Src/stm32f4xx_hal_i2c.o
                0x000000000800205e                HAL_I2C_MasterTxCpltCallback
 .text.HAL_I2C_MasterRxCpltCallback
                0x0000000008002072       0x14 ./Drivers/STM32F4xx_HAL_Driver/Src/stm32f4xx_hal_i2c.o
                0x0000000008002072                HAL_I2C_MasterRxCpltCallback
 .text.HAL_I2C_SlaveTxCpltCallback
                0x0000000008002086       0x14 ./Drivers/STM32F4xx_HAL_Driver/Src/stm32f4xx_hal_i2c.o
                0x0000000008002086                HAL_I2C_SlaveTxCpltCallback
 .text.HAL_I2C_SlaveRxCpltCallback
                0x000000000800209a       0x14 ./Drivers/STM32F4xx_HAL_Driver/Src/stm32f4xx_hal_i2c.o
                0x000000000800209a                HAL_I2C_SlaveRxCpltCallback
 .text.HAL_I2C_AddrCallback
                0x00000000080020ae       0x1c ./Drivers/STM32F4xx_HAL_Driver/Src/stm32f4xx_hal_i2c.o
                0x00000000080020ae                HAL_I2C_AddrCallback
 .text.HAL_I2C_ListenCpltCallback
                0x00000000080020ca       0x14 ./Drivers/STM32F4xx_HAL_Driver/Src/stm32f4xx_hal_i2c.o
                0x00000000080020ca                HAL_I2C_ListenCpltCallback
 .text.HAL_I2C_MemTxCpltCallback
                0x00000000080020de       0x14 ./Drivers/STM32F4xx_HAL_Driver/Src/stm32f4xx_hal_i2c.o
                0x00000000080020de                HAL_I2C_MemTxCpltCallback
 .text.HAL_I2C_MemRxCpltCallback
                0x00000000080020f2       0x14 ./Drivers/STM32F4xx_HAL_Driver/Src/stm32f4xx_hal_i2c.o
                0x00000000080020f2                HAL_I2C_MemRxCpltCallback
 .text.HAL_I2C_ErrorCallback
                0x0000000008002106       0x14 ./Drivers/STM32F4xx_HAL_Driver/Src/stm32f4xx_hal_i2c.o
                0x0000000008002106                HAL_I2C_ErrorCallback
 .text.HAL_I2C_AbortCpltCallback
                0x000000000800211a       0x14 ./Drivers/STM32F4xx_HAL_Driver/Src/stm32f4xx_hal_i2c.o
                0x000000000800211a                HAL_I2C_AbortCpltCallback
 .text.I2C_MasterTransmit_TXE
                0x000000000800212e      0x138 ./Drivers/STM32F4xx_HAL_Driver/Src/stm32f4xx_hal_i2c.o
 .text.I2C_MasterTransmit_BTF
                0x0000000008002266       0xec ./Drivers/STM32F4xx_HAL_Driver/Src/stm32f4xx_hal_i2c.o
 .text.I2C_MemoryTransmit_TXE_BTF
                0x0000000008002352      0x128 ./Drivers/STM32F4xx_HAL_Driver/Src/stm32f4xx_hal_i2c.o
 .text.I2C_MasterReceive_RXNE
                0x000000000800247a      0x176 ./Drivers/STM32F4xx_HAL_Driver/Src/stm32f4xx_hal_i2c.o
 .text.I2C_MasterReceive_BTF
                0x00000000080025f0      0x1d4 ./Drivers/STM32F4xx_HAL_Driver/Src/stm32f4xx_hal_i2c.o
 .text.I2C_Master_SB
                0x00000000080027c4      0x10c ./Drivers/STM32F4xx_HAL_Driver/Src/stm32f4xx_hal_i2c.o
 .text.I2C_Master_ADD10
                0x00000000080028d0       0x54 ./Drivers/STM32F4xx_HAL_Driver/Src/stm32f4xx_hal_i2c.o
 .text.I2C_Master_ADDR
                0x0000000008002924      0x322 ./Drivers/STM32F4xx_HAL_Driver/Src/stm32f4xx_hal_i2c.o
 .text.I2C_SlaveTransmit_TXE
                0x0000000008002c46       0x7a ./Drivers/STM32F4xx_HAL_Driver/Src/stm32f4xx_hal_i2c.o
 .text.I2C_SlaveTransmit_BTF
                0x0000000008002cc0       0x42 ./Drivers/STM32F4xx_HAL_Driver/Src/stm32f4xx_hal_i2c.o
 .text.I2C_SlaveReceive_RXNE
                0x0000000008002d02       0x7c ./Drivers/STM32F4xx_HAL_Driver/Src/stm32f4xx_hal_i2c.o
 .text.I2C_SlaveReceive_BTF
                0x0000000008002d7e       0x44 ./Drivers/STM32F4xx_HAL_Driver/Src/stm32f4xx_hal_i2c.o
 .text.I2C_Slave_ADDR
                0x0000000008002dc2       0x94 ./Drivers/STM32F4xx_HAL_Driver/Src/stm32f4xx_hal_i2c.o
 *fill*         0x0000000008002e56        0x2 
 .text.I2C_Slave_STOPF
                0x0000000008002e58      0x260 ./Drivers/STM32F4xx_HAL_Driver/Src/stm32f4xx_hal_i2c.o
 .text.I2C_ITError
                0x00000000080030b8      0x264 ./Drivers/STM32F4xx_HAL_Driver/Src/stm32f4xx_hal_i2c.o
 .text.I2C_DMAAbort
                0x000000000800331c      0x150 ./Drivers/STM32F4xx_HAL_Driver/Src/stm32f4xx_hal_i2c.o
 .text.I2C_WaitOnSTOPRequestThroughIT
                0x000000000800346c       0x64 ./Drivers/STM32F4xx_HAL_Driver/Src/stm32f4xx_hal_i2c.o
 .text.I2C_ConvertOtherXferOptions
                0x00000000080034d0       0x36 ./Drivers/STM32F4xx_HAL_Driver/Src/stm32f4xx_hal_i2c.o
 *fill*         0x0000000008003506        0x2 
 .text.HAL_PWREx_EnableOverDrive
                0x0000000008003508       0xa0 ./Drivers/STM32F4xx_HAL_Driver/Src/stm32f4xx_hal_pwr_ex.o
                0x0000000008003508                HAL_PWREx_EnableOverDrive
 .text.HAL_RCC_ClockConfig
                0x00000000080035a8      0x1cc ./Drivers/STM32F4xx_HAL_Driver/Src/stm32f4xx_hal_rcc.o
                0x00000000080035a8                HAL_RCC_ClockConfig
 .text.HAL_RCC_GetHCLKFreq
                0x0000000008003774       0x18 ./Drivers/STM32F4xx_HAL_Driver/Src/stm32f4xx_hal_rcc.o
                0x0000000008003774                HAL_RCC_GetHCLKFreq
 .text.HAL_RCC_GetPCLK1Freq
                0x000000000800378c       0x28 ./Drivers/STM32F4xx_HAL_Driver/Src/stm32f4xx_hal_rcc.o
                0x000000000800378c                HAL_RCC_GetPCLK1Freq
 .text.HAL_RCC_GetPCLK2Freq
                0x00000000080037b4       0x28 ./Drivers/STM32F4xx_HAL_Driver/Src/stm32f4xx_hal_rcc.o
                0x00000000080037b4                HAL_RCC_GetPCLK2Freq
 .text.HAL_RCC_GetClockConfig
                0x00000000080037dc       0x64 ./Drivers/STM32F4xx_HAL_Driver/Src/stm32f4xx_hal_rcc.o
                0x00000000080037dc                HAL_RCC_GetClockConfig
 .text.HAL_RCC_GetSysClockFreq
                0x0000000008003840      0x460 ./Drivers/STM32F4xx_HAL_Driver/Src/stm32f4xx_hal_rcc_ex.o
                0x0000000008003840                HAL_RCC_GetSysClockFreq
 .text.HAL_RCC_OscConfig
                0x0000000008003ca0      0x53c ./Drivers/STM32F4xx_HAL_Driver/Src/stm32f4xx_hal_rcc_ex.o
                0x0000000008003ca0                HAL_RCC_OscConfig
 .text.HAL_TIM_Base_Init
                0x00000000080041dc       0x9e ./Drivers/STM32F4xx_HAL_Driver/Src/stm32f4xx_hal_tim.o
                0x00000000080041dc                HAL_TIM_Base_Init
 .text.HAL_TIM_Base_MspInit
                0x000000000800427a       0x14 ./Drivers/STM32F4xx_HAL_Driver/Src/stm32f4xx_hal_tim.o
                0x000000000800427a                HAL_TIM_Base_MspInit
 *fill*         0x000000000800428e        0x2 
 .text.HAL_TIM_Base_Start_IT
                0x0000000008004290       0xe0 ./Drivers/STM32F4xx_HAL_Driver/Src/stm32f4xx_hal_tim.o
                0x0000000008004290                HAL_TIM_Base_Start_IT
 .text.HAL_TIM_IRQHandler
                0x0000000008004370      0x210 ./Drivers/STM32F4xx_HAL_Driver/Src/stm32f4xx_hal_tim.o
                0x0000000008004370                HAL_TIM_IRQHandler
 .text.HAL_TIM_OC_DelayElapsedCallback
                0x0000000008004580       0x14 ./Drivers/STM32F4xx_HAL_Driver/Src/stm32f4xx_hal_tim.o
                0x0000000008004580                HAL_TIM_OC_DelayElapsedCallback
 .text.HAL_TIM_IC_CaptureCallback
                0x0000000008004594       0x14 ./Drivers/STM32F4xx_HAL_Driver/Src/stm32f4xx_hal_tim.o
                0x0000000008004594                HAL_TIM_IC_CaptureCallback
 .text.HAL_TIM_PWM_PulseFinishedCallback
                0x00000000080045a8       0x14 ./Drivers/STM32F4xx_HAL_Driver/Src/stm32f4xx_hal_tim.o
                0x00000000080045a8                HAL_TIM_PWM_PulseFinishedCallback
 .text.HAL_TIM_TriggerCallback
                0x00000000080045bc       0x14 ./Drivers/STM32F4xx_HAL_Driver/Src/stm32f4xx_hal_tim.o
                0x00000000080045bc                HAL_TIM_TriggerCallback
 .text.TIM_Base_SetConfig
                0x00000000080045d0      0x140 ./Drivers/STM32F4xx_HAL_Driver/Src/stm32f4xx_hal_tim.o
                0x00000000080045d0                TIM_Base_SetConfig
 .text.HAL_TIMEx_CommutCallback
                0x0000000008004710       0x14 ./Drivers/STM32F4xx_HAL_Driver/Src/stm32f4xx_hal_tim_ex.o
                0x0000000008004710                HAL_TIMEx_CommutCallback
 .text.HAL_TIMEx_BreakCallback
                0x0000000008004724       0x14 ./Drivers/STM32F4xx_HAL_Driver/Src/stm32f4xx_hal_tim_ex.o
                0x0000000008004724                HAL_TIMEx_BreakCallback
 .text.HAL_UART_Init
                0x0000000008004738       0x9a ./Drivers/STM32F4xx_HAL_Driver/Src/stm32f4xx_hal_uart.o
                0x0000000008004738                HAL_UART_Init
 .text.HAL_UART_Transmit
                0x00000000080047d2      0x124 ./Drivers/STM32F4xx_HAL_Driver/Src/stm32f4xx_hal_uart.o
                0x00000000080047d2                HAL_UART_Transmit
 .text.HAL_UART_Receive_IT
                0x00000000080048f6       0x60 ./Drivers/STM32F4xx_HAL_Driver/Src/stm32f4xx_hal_uart.o
                0x00000000080048f6                HAL_UART_Receive_IT
 *fill*         0x0000000008004956        0x2 
 .text.HAL_UART_IRQHandler
                0x0000000008004958      0x51c ./Drivers/STM32F4xx_HAL_Driver/Src/stm32f4xx_hal_uart.o
                0x0000000008004958                HAL_UART_IRQHandler
 .text.HAL_UART_TxCpltCallback
                0x0000000008004e74       0x14 ./Drivers/STM32F4xx_HAL_Driver/Src/stm32f4xx_hal_uart.o
                0x0000000008004e74                HAL_UART_TxCpltCallback
 .text.HAL_UART_ErrorCallback
                0x0000000008004e88       0x14 ./Drivers/STM32F4xx_HAL_Driver/Src/stm32f4xx_hal_uart.o
                0x0000000008004e88                HAL_UART_ErrorCallback
 .text.HAL_UARTEx_RxEventCallback
                0x0000000008004e9c       0x18 ./Drivers/STM32F4xx_HAL_Driver/Src/stm32f4xx_hal_uart.o
                0x0000000008004e9c                HAL_UARTEx_RxEventCallback
 .text.UART_WaitOnFlagUntilTimeout
                0x0000000008004eb4       0xdc ./Drivers/STM32F4xx_HAL_Driver/Src/stm32f4xx_hal_uart.o
 .text.UART_Start_Receive_IT
                0x0000000008004f90       0x7c ./Drivers/STM32F4xx_HAL_Driver/Src/stm32f4xx_hal_uart.o
                0x0000000008004f90                UART_Start_Receive_IT
 .text.UART_EndRxTransfer
                0x000000000800500c       0xc6 ./Drivers/STM32F4xx_HAL_Driver/Src/stm32f4xx_hal_uart.o
 .text.UART_DMAAbortOnError
                0x00000000080050d2       0x28 ./Drivers/STM32F4xx_HAL_Driver/Src/stm32f4xx_hal_uart.o
 .text.UART_Transmit_IT
                0x00000000080050fa       0xa0 ./Drivers/STM32F4xx_HAL_Driver/Src/stm32f4xx_hal_uart.o
 .text.UART_EndTransmit_IT
                0x000000000800519a       0x30 ./Drivers/STM32F4xx_HAL_Driver/Src/stm32f4xx_hal_uart.o
 .text.UART_Receive_IT
                0x00000000080051ca      0x176 ./Drivers/STM32F4xx_HAL_Driver/Src/stm32f4xx_hal_uart.o
 .text.UART_SetConfig
                0x0000000008005340      0x4e8 ./Drivers/STM32F4xx_HAL_Driver/Src/stm32f4xx_hal_uart.o
 .text.vListInitialise
                0x0000000008005828       0x40 ./common/ThirdParty/FreeRTOS/list.o
                0x0000000008005828                vListInitialise
 .text.vListInitialiseItem
                0x0000000008005868       0x1a ./common/ThirdParty/FreeRTOS/list.o
                0x0000000008005868                vListInitialiseItem
 .text.vListInsertEnd
                0x0000000008005882       0x48 ./common/ThirdParty/FreeRTOS/list.o
                0x0000000008005882                vListInsertEnd
 .text.vListInsert
                0x00000000080058ca       0x72 ./common/ThirdParty/FreeRTOS/list.o
                0x00000000080058ca                vListInsert
 .text.uxListRemove
                0x000000000800593c       0x54 ./common/ThirdParty/FreeRTOS/list.o
                0x000000000800593c                uxListRemove
 .text.xQueueGenericReset
                0x0000000008005990       0xd0 ./common/ThirdParty/FreeRTOS/queue.o
                0x0000000008005990                xQueueGenericReset
 .text.xQueueGenericCreate
                0x0000000008005a60       0xbe ./common/ThirdParty/FreeRTOS/queue.o
                0x0000000008005a60                xQueueGenericCreate
 .text.prvInitialiseNewQueue
                0x0000000008005b1e       0x46 ./common/ThirdParty/FreeRTOS/queue.o
 .text.xQueueGenericSend
                0x0000000008005b64      0x1fc ./common/ThirdParty/FreeRTOS/queue.o
                0x0000000008005b64                xQueueGenericSend
 .text.xQueueGenericSendFromISR
                0x0000000008005d60      0x154 ./common/ThirdParty/FreeRTOS/queue.o
                0x0000000008005d60                xQueueGenericSendFromISR
 .text.xQueueReceive
                0x0000000008005eb4      0x1c0 ./common/ThirdParty/FreeRTOS/queue.o
                0x0000000008005eb4                xQueueReceive
 .text.xQueueReceiveFromISR
                0x0000000008006074      0x11e ./common/ThirdParty/FreeRTOS/queue.o
                0x0000000008006074                xQueueReceiveFromISR
 .text.uxQueueMessagesWaiting
                0x0000000008006192       0x3c ./common/ThirdParty/FreeRTOS/queue.o
                0x0000000008006192                uxQueueMessagesWaiting
 .text.prvCopyDataToQueue
                0x00000000080061ce       0xd4 ./common/ThirdParty/FreeRTOS/queue.o
 .text.prvCopyDataFromQueue
                0x00000000080062a2       0x4c ./common/ThirdParty/FreeRTOS/queue.o
 .text.prvUnlockQueue
                0x00000000080062ee       0xa4 ./common/ThirdParty/FreeRTOS/queue.o
 .text.prvIsQueueEmpty
                0x0000000008006392       0x2c ./common/ThirdParty/FreeRTOS/queue.o
 .text.prvIsQueueFull
                0x00000000080063be       0x30 ./common/ThirdParty/FreeRTOS/queue.o
 .text.xQueueIsQueueFullFromISR
                0x00000000080063ee       0x4c ./common/ThirdParty/FreeRTOS/queue.o
                0x00000000080063ee                xQueueIsQueueFullFromISR
 *fill*         0x000000000800643a        0x2 
 .text.vQueueAddToRegistry
                0x000000000800643c       0x54 ./common/ThirdParty/FreeRTOS/queue.o
                0x000000000800643c                vQueueAddToRegistry
 .text.vQueueWaitForMessageRestricted
                0x0000000008006490       0x68 ./common/ThirdParty/FreeRTOS/queue.o
                0x0000000008006490                vQueueWaitForMessageRestricted
 .text.xTaskCreate
                0x00000000080064f8       0x80 ./common/ThirdParty/FreeRTOS/tasks.o
                0x00000000080064f8                xTaskCreate
 .text.prvInitialiseNewTask
                0x0000000008006578      0x12c ./common/ThirdParty/FreeRTOS/tasks.o
 .text.prvAddNewTaskToReadyList
                0x00000000080066a4       0xdc ./common/ThirdParty/FreeRTOS/tasks.o
 .text.vTaskStartScheduler
                0x0000000008006780       0xa4 ./common/ThirdParty/FreeRTOS/tasks.o
                0x0000000008006780                vTaskStartScheduler
 .text.vTaskSuspendAll
                0x0000000008006824       0x1c ./common/ThirdParty/FreeRTOS/tasks.o
                0x0000000008006824                vTaskSuspendAll
 .text.xTaskResumeAll
                0x0000000008006840      0x138 ./common/ThirdParty/FreeRTOS/tasks.o
                0x0000000008006840                xTaskResumeAll
 .text.xTaskGetTickCount
                0x0000000008006978       0x20 ./common/ThirdParty/FreeRTOS/tasks.o
                0x0000000008006978                xTaskGetTickCount
 .text.xTaskIncrementTick
                0x0000000008006998      0x170 ./common/ThirdParty/FreeRTOS/tasks.o
                0x0000000008006998                xTaskIncrementTick
 .text.vTaskSwitchContext
                0x0000000008006b08       0xb8 ./common/ThirdParty/FreeRTOS/tasks.o
                0x0000000008006b08                vTaskSwitchContext
 .text.vTaskPlaceOnEventList
                0x0000000008006bc0       0x48 ./common/ThirdParty/FreeRTOS/tasks.o
                0x0000000008006bc0                vTaskPlaceOnEventList
 .text.vTaskPlaceOnEventListRestricted
                0x0000000008006c08       0x58 ./common/ThirdParty/FreeRTOS/tasks.o
                0x0000000008006c08                vTaskPlaceOnEventListRestricted
 .text.xTaskRemoveFromEventList
                0x0000000008006c60       0xc4 ./common/ThirdParty/FreeRTOS/tasks.o
                0x0000000008006c60                xTaskRemoveFromEventList
 .text.vTaskInternalSetTimeOutState
                0x0000000008006d24       0x2c ./common/ThirdParty/FreeRTOS/tasks.o
                0x0000000008006d24                vTaskInternalSetTimeOutState
 .text.xTaskCheckForTimeOut
                0x0000000008006d50       0xcc ./common/ThirdParty/FreeRTOS/tasks.o
                0x0000000008006d50                xTaskCheckForTimeOut
 .text.vTaskMissedYield
                0x0000000008006e1c       0x18 ./common/ThirdParty/FreeRTOS/tasks.o
                0x0000000008006e1c                vTaskMissedYield
 .text.prvIdleTask
                0x0000000008006e34       0x30 ./common/ThirdParty/FreeRTOS/tasks.o
 .text.prvInitialiseTaskLists
                0x0000000008006e64       0x80 ./common/ThirdParty/FreeRTOS/tasks.o
 .text.prvCheckTasksWaitingTermination
                0x0000000008006ee4       0x5c ./common/ThirdParty/FreeRTOS/tasks.o
 .text.prvDeleteTCB
                0x0000000008006f40       0x20 ./common/ThirdParty/FreeRTOS/tasks.o
 .text.prvResetNextTaskUnblockTime
                0x0000000008006f60       0x38 ./common/ThirdParty/FreeRTOS/tasks.o
 .text.xTaskGetSchedulerState
                0x0000000008006f98       0x3c ./common/ThirdParty/FreeRTOS/tasks.o
                0x0000000008006f98                xTaskGetSchedulerState
 .text.xTaskPriorityDisinherit
                0x0000000008006fd4       0xf4 ./common/ThirdParty/FreeRTOS/tasks.o
                0x0000000008006fd4                xTaskPriorityDisinherit
 .text.xTaskGenericNotifyWait
                0x00000000080070c8      0x100 ./common/ThirdParty/FreeRTOS/tasks.o
                0x00000000080070c8                xTaskGenericNotifyWait
 .text.xTaskGenericNotify
                0x00000000080071c8      0x1c0 ./common/ThirdParty/FreeRTOS/tasks.o
                0x00000000080071c8                xTaskGenericNotify
 .text.xTaskGenericNotifyFromISR
                0x0000000008007388      0x204 ./common/ThirdParty/FreeRTOS/tasks.o
                0x0000000008007388                xTaskGenericNotifyFromISR
 .text.prvAddCurrentTaskToDelayedList
                0x000000000800758c       0xcc ./common/ThirdParty/FreeRTOS/tasks.o
 .text.xTimerCreateTimerTask
                0x0000000008007658       0x64 ./common/ThirdParty/FreeRTOS/timers.o
                0x0000000008007658                xTimerCreateTimerTask
 .text.xTimerCreate
                0x00000000080076bc       0x42 ./common/ThirdParty/FreeRTOS/timers.o
                0x00000000080076bc                xTimerCreate
 .text.prvInitialiseNewTimer
                0x00000000080076fe       0x76 ./common/ThirdParty/FreeRTOS/timers.o
 .text.xTimerGenericCommand
                0x0000000008007774       0x9c ./common/ThirdParty/FreeRTOS/timers.o
                0x0000000008007774                xTimerGenericCommand
 .text.prvProcessExpiredTimer
                0x0000000008007810       0x98 ./common/ThirdParty/FreeRTOS/timers.o
 .text.prvTimerTask
                0x00000000080078a8       0x24 ./common/ThirdParty/FreeRTOS/timers.o
 .text.prvProcessTimerOrBlockTask
                0x00000000080078cc       0x9c ./common/ThirdParty/FreeRTOS/timers.o
 .text.prvGetNextExpireTime
                0x0000000008007968       0x48 ./common/ThirdParty/FreeRTOS/timers.o
 .text.prvSampleTimeNow
                0x00000000080079b0       0x40 ./common/ThirdParty/FreeRTOS/timers.o
 .text.prvInsertTimerInActiveList
                0x00000000080079f0       0x84 ./common/ThirdParty/FreeRTOS/timers.o
 .text.prvProcessReceivedCommands
                0x0000000008007a74      0x18c ./common/ThirdParty/FreeRTOS/timers.o
 .text.prvSwitchTimerLists
                0x0000000008007c00       0xc8 ./common/ThirdParty/FreeRTOS/timers.o
 .text.prvCheckForValidListAndQueue
                0x0000000008007cc8       0x6c ./common/ThirdParty/FreeRTOS/timers.o
 .text.pvTimerGetTimerID
                0x0000000008007d34       0x40 ./common/ThirdParty/FreeRTOS/timers.o
                0x0000000008007d34                pvTimerGetTimerID
 .text.pxPortInitialiseStack
                0x0000000008007d74       0x68 ./common/ThirdParty/FreeRTOS/portable/GCC/ARM_CM4F/port.o
                0x0000000008007d74                pxPortInitialiseStack
 .text.prvTaskExitError
                0x0000000008007ddc       0x58 ./common/ThirdParty/FreeRTOS/portable/GCC/ARM_CM4F/port.o
 *fill*         0x0000000008007e34        0xc 
 .text.SVC_Handler
                0x0000000008007e40       0x28 ./common/ThirdParty/FreeRTOS/portable/GCC/ARM_CM4F/port.o
                0x0000000008007e40                SVC_Handler
 .text.prvPortStartFirstTask
                0x0000000008007e68       0x2c ./common/ThirdParty/FreeRTOS/portable/GCC/ARM_CM4F/port.o
 .text.xPortStartScheduler
                0x0000000008007e94      0x144 ./common/ThirdParty/FreeRTOS/portable/GCC/ARM_CM4F/port.o
                0x0000000008007e94                xPortStartScheduler
 .text.vPortEnterCritical
                0x0000000008007fd8       0x60 ./common/ThirdParty/FreeRTOS/portable/GCC/ARM_CM4F/port.o
                0x0000000008007fd8                vPortEnterCritical
 .text.vPortExitCritical
                0x0000000008008038       0x54 ./common/ThirdParty/FreeRTOS/portable/GCC/ARM_CM4F/port.o
                0x0000000008008038                vPortExitCritical
 *fill*         0x000000000800808c        0x4 
 .text.PendSV_Handler
                0x0000000008008090       0x68 ./common/ThirdParty/FreeRTOS/portable/GCC/ARM_CM4F/port.o
                0x0000000008008090                PendSV_Handler
 .text.SysTick_Handler
                0x00000000080080f8       0x44 ./common/ThirdParty/FreeRTOS/portable/GCC/ARM_CM4F/port.o
                0x00000000080080f8                SysTick_Handler
 .text.vPortSetupTimerInterrupt
                0x000000000800813c       0x48 ./common/ThirdParty/FreeRTOS/portable/GCC/ARM_CM4F/port.o
                0x000000000800813c                vPortSetupTimerInterrupt
 .text.vPortEnableVFP
                0x0000000008008184       0x18 ./common/ThirdParty/FreeRTOS/portable/GCC/ARM_CM4F/port.o
 .text.vPortValidateInterruptPriority
                0x000000000800819c       0x80 ./common/ThirdParty/FreeRTOS/portable/GCC/ARM_CM4F/port.o
                0x000000000800819c                vPortValidateInterruptPriority
 .text.pvPortMalloc
                0x000000000800821c      0x1c0 ./common/ThirdParty/FreeRTOS/portable/MemMang/heap_4.o
                0x000000000800821c                pvPortMalloc
 .text.vPortFree
                0x00000000080083dc       0xc4 ./common/ThirdParty/FreeRTOS/portable/MemMang/heap_4.o
                0x00000000080083dc                vPortFree
 .text.prvHeapInit
                0x00000000080084a0       0xc4 ./common/ThirdParty/FreeRTOS/portable/MemMang/heap_4.o
 .text.prvInsertBlockIntoFreeList
                0x0000000008008564       0xb4 ./common/ThirdParty/FreeRTOS/portable/MemMang/heap_4.o
 .text.__libc_init_array
                0x0000000008008618       0x48 c:/st/stm32cubeide_1.8.0/stm32cubeide/plugins/com.st.stm32cube.ide.mcu.externaltools.gnu-tools-for-stm32.10.3-2021.10.win32_1.0.0.202111181127/tools/bin/../lib/gcc/arm-none-eabi/10.3.1/../../../../arm-none-eabi/lib/thumb/v7e-m+fp/hard\libc_nano.a(lib_a-init.o)
                0x0000000008008618                __libc_init_array
 .text.memcpy   0x0000000008008660       0x1c c:/st/stm32cubeide_1.8.0/stm32cubeide/plugins/com.st.stm32cube.ide.mcu.externaltools.gnu-tools-for-stm32.10.3-2021.10.win32_1.0.0.202111181127/tools/bin/../lib/gcc/arm-none-eabi/10.3.1/../../../../arm-none-eabi/lib/thumb/v7e-m+fp/hard\libc_nano.a(lib_a-memcpy-stub.o)
                0x0000000008008660                memcpy
 .text.memset   0x000000000800867c       0x10 c:/st/stm32cubeide_1.8.0/stm32cubeide/plugins/com.st.stm32cube.ide.mcu.externaltools.gnu-tools-for-stm32.10.3-2021.10.win32_1.0.0.202111181127/tools/bin/../lib/gcc/arm-none-eabi/10.3.1/../../../../arm-none-eabi/lib/thumb/v7e-m+fp/hard\libc_nano.a(lib_a-memset.o)
                0x000000000800867c                memset
 *(.glue_7)
 .glue_7        0x000000000800868c        0x0 linker stubs
 *(.glue_7t)
 .glue_7t       0x000000000800868c        0x0 linker stubs
 *(.eh_frame)
 .eh_frame      0x000000000800868c        0x0 c:/st/stm32cubeide_1.8.0/stm32cubeide/plugins/com.st.stm32cube.ide.mcu.externaltools.gnu-tools-for-stm32.10.3-2021.10.win32_1.0.0.202111181127/tools/bin/../lib/gcc/arm-none-eabi/10.3.1/thumb/v7e-m+fp/hard/crtbegin.o
 *(.init)
 .init          0x000000000800868c        0x4 c:/st/stm32cubeide_1.8.0/stm32cubeide/plugins/com.st.stm32cube.ide.mcu.externaltools.gnu-tools-for-stm32.10.3-2021.10.win32_1.0.0.202111181127/tools/bin/../lib/gcc/arm-none-eabi/10.3.1/thumb/v7e-m+fp/hard/crti.o
                0x000000000800868c                _init
 .init          0x0000000008008690        0x8 c:/st/stm32cubeide_1.8.0/stm32cubeide/plugins/com.st.stm32cube.ide.mcu.externaltools.gnu-tools-for-stm32.10.3-2021.10.win32_1.0.0.202111181127/tools/bin/../lib/gcc/arm-none-eabi/10.3.1/thumb/v7e-m+fp/hard/crtn.o
 *(.fini)
 .fini          0x0000000008008698        0x4 c:/st/stm32cubeide_1.8.0/stm32cubeide/plugins/com.st.stm32cube.ide.mcu.externaltools.gnu-tools-for-stm32.10.3-2021.10.win32_1.0.0.202111181127/tools/bin/../lib/gcc/arm-none-eabi/10.3.1/thumb/v7e-m+fp/hard/crti.o
                0x0000000008008698                _fini
 .fini          0x000000000800869c        0x8 c:/st/stm32cubeide_1.8.0/stm32cubeide/plugins/com.st.stm32cube.ide.mcu.externaltools.gnu-tools-for-stm32.10.3-2021.10.win32_1.0.0.202111181127/tools/bin/../lib/gcc/arm-none-eabi/10.3.1/thumb/v7e-m+fp/hard/crtn.o
                0x00000000080086a4                . = ALIGN (0x4)
                0x00000000080086a4                _etext = .

.vfp11_veneer   0x00000000080086a4        0x0
 .vfp11_veneer  0x00000000080086a4        0x0 linker stubs

.v4_bx          0x00000000080086a4        0x0
 .v4_bx         0x00000000080086a4        0x0 linker stubs

.iplt           0x00000000080086a4        0x0
 .iplt          0x00000000080086a4        0x0 c:/st/stm32cubeide_1.8.0/stm32cubeide/plugins/com.st.stm32cube.ide.mcu.externaltools.gnu-tools-for-stm32.10.3-2021.10.win32_1.0.0.202111181127/tools/bin/../lib/gcc/arm-none-eabi/10.3.1/thumb/v7e-m+fp/hard/crtbegin.o

.rodata         0x00000000080086a4      0x1b0
                0x00000000080086a4                . = ALIGN (0x4)
 *(.rodata)
 .rodata        0x00000000080086a4       0x3a ./Core/Src/main.o
 *fill*         0x00000000080086de        0x2 
 .rodata        0x00000000080086e0      0x143 ./Core/Src/task_handler.o
 *fill*         0x0000000008008823        0x1 
 .rodata        0x0000000008008824        0x5 ./common/ThirdParty/FreeRTOS/tasks.o
 *fill*         0x0000000008008829        0x3 
 .rodata        0x000000000800882c        0xd ./common/ThirdParty/FreeRTOS/timers.o
 *(.rodata*)
 *fill*         0x0000000008008839        0x3 
 .rodata.AHBPrescTable
                0x000000000800883c       0x10 ./Core/Src/system_stm32f4xx.o
                0x000000000800883c                AHBPrescTable
 .rodata.APBPrescTable
                0x000000000800884c        0x8 ./Core/Src/system_stm32f4xx.o
                0x000000000800884c                APBPrescTable
                0x0000000008008854                . = ALIGN (0x4)

.ARM.extab      0x0000000008008854        0x0
                0x0000000008008854                . = ALIGN (0x4)
 *(.ARM.extab* .gnu.linkonce.armextab.*)
                0x0000000008008854                . = ALIGN (0x4)

.ARM            0x0000000008008854        0x8
                0x0000000008008854                . = ALIGN (0x4)
                0x0000000008008854                __exidx_start = .
 *(.ARM.exidx*)
 .ARM.exidx     0x0000000008008854        0x8 c:/st/stm32cubeide_1.8.0/stm32cubeide/plugins/com.st.stm32cube.ide.mcu.externaltools.gnu-tools-for-stm32.10.3-2021.10.win32_1.0.0.202111181127/tools/bin/../lib/gcc/arm-none-eabi/10.3.1/thumb/v7e-m+fp/hard\libgcc.a(_udivmoddi4.o)
                0x000000000800885c                __exidx_end = .
                0x000000000800885c                . = ALIGN (0x4)

.rel.dyn        0x000000000800885c        0x0
 .rel.iplt      0x000000000800885c        0x0 c:/st/stm32cubeide_1.8.0/stm32cubeide/plugins/com.st.stm32cube.ide.mcu.externaltools.gnu-tools-for-stm32.10.3-2021.10.win32_1.0.0.202111181127/tools/bin/../lib/gcc/arm-none-eabi/10.3.1/thumb/v7e-m+fp/hard/crtbegin.o

.preinit_array  0x000000000800885c        0x0
                0x000000000800885c                . = ALIGN (0x4)
                0x000000000800885c                PROVIDE (__preinit_array_start = .)
 *(.preinit_array*)
                0x000000000800885c                PROVIDE (__preinit_array_end = .)
                0x000000000800885c                . = ALIGN (0x4)

.init_array     0x000000000800885c        0x4
                0x000000000800885c                . = ALIGN (0x4)
                0x000000000800885c                PROVIDE (__init_array_start = .)
 *(SORT_BY_NAME(.init_array.*))
 *(.init_array*)
 .init_array    0x000000000800885c        0x4 c:/st/stm32cubeide_1.8.0/stm32cubeide/plugins/com.st.stm32cube.ide.mcu.externaltools.gnu-tools-for-stm32.10.3-2021.10.win32_1.0.0.202111181127/tools/bin/../lib/gcc/arm-none-eabi/10.3.1/thumb/v7e-m+fp/hard/crtbegin.o
                0x0000000008008860                PROVIDE (__init_array_end = .)
                0x0000000008008860                . = ALIGN (0x4)

.fini_array     0x0000000008008860        0x4
                0x0000000008008860                . = ALIGN (0x4)
                [!provide]                        PROVIDE (__fini_array_start = .)
 *(SORT_BY_NAME(.fini_array.*))
 *(.fini_array*)
 .fini_array    0x0000000008008860        0x4 c:/st/stm32cubeide_1.8.0/stm32cubeide/plugins/com.st.stm32cube.ide.mcu.externaltools.gnu-tools-for-stm32.10.3-2021.10.win32_1.0.0.202111181127/tools/bin/../lib/gcc/arm-none-eabi/10.3.1/thumb/v7e-m+fp/hard/crtbegin.o
                [!provide]                        PROVIDE (__fini_array_end = .)
                0x0000000008008864                . = ALIGN (0x4)
                0x0000000008008864                _sidata = LOADADDR (.data)

.data           0x0000000020000000       0x20 load address 0x0000000008008864
                0x0000000020000000                . = ALIGN (0x4)
                0x0000000020000000                _sdata = .
 *(.data)
 *(.data*)
 .data.flag.1   0x0000000020000000        0x4 ./Core/Src/led_effect.o
 .data.flag.0   0x0000000020000004        0x4 ./Core/Src/led_effect.o
 .data.SystemCoreClock
                0x0000000020000008        0x4 ./Core/Src/system_stm32f4xx.o
                0x0000000020000008                SystemCoreClock
 .data.msg_inv  0x000000002000000c        0x4 ./Core/Src/task_handler.o
                0x000000002000000c                msg_inv
 .data.uwTickPrio
                0x0000000020000010        0x4 ./Drivers/STM32F4xx_HAL_Driver/Src/stm32f4xx_hal.o
                0x0000000020000010                uwTickPrio
 .data.uwTickFreq
                0x0000000020000014        0x1 ./Drivers/STM32F4xx_HAL_Driver/Src/stm32f4xx_hal.o
                0x0000000020000014                uwTickFreq
 *fill*         0x0000000020000015        0x3 
 .data.uxTopUsedPriority
                0x0000000020000018        0x4 ./common/ThirdParty/FreeRTOS/tasks.o
                0x0000000020000018                uxTopUsedPriority
 .data.uxCriticalNesting
                0x000000002000001c        0x4 ./common/ThirdParty/FreeRTOS/portable/GCC/ARM_CM4F/port.o
 *(.RamFunc)
 *(.RamFunc*)
                0x0000000020000020                . = ALIGN (0x4)
                0x0000000020000020                _edata = .

.igot.plt       0x0000000020000020        0x0 load address 0x0000000008008884
 .igot.plt      0x0000000020000020        0x0 c:/st/stm32cubeide_1.8.0/stm32cubeide/plugins/com.st.stm32cube.ide.mcu.externaltools.gnu-tools-for-stm32.10.3-2021.10.win32_1.0.0.202111181127/tools/bin/../lib/gcc/arm-none-eabi/10.3.1/thumb/v7e-m+fp/hard/crtbegin.o
                0x0000000020000020                . = ALIGN (0x4)

.bss            0x0000000020000020    0x12ed8 load address 0x0000000008008884
                0x0000000020000020                _sbss = .
                0x0000000020000020                __bss_start__ = _sbss
 *(.bss)
 .bss           0x0000000020000020       0x1c c:/st/stm32cubeide_1.8.0/stm32cubeide/plugins/com.st.stm32cube.ide.mcu.externaltools.gnu-tools-for-stm32.10.3-2021.10.win32_1.0.0.202111181127/tools/bin/../lib/gcc/arm-none-eabi/10.3.1/thumb/v7e-m+fp/hard/crtbegin.o
 *(.bss*)
 .bss.hi2c1     0x000000002000003c       0x54 ./Core/Src/main.o
                0x000000002000003c                hi2c1
 .bss.huart2    0x0000000020000090       0x44 ./Core/Src/main.o
                0x0000000020000090                huart2
 .bss.handle_menu_task
                0x00000000200000d4        0x4 ./Core/Src/main.o
                0x00000000200000d4                handle_menu_task
 .bss.hanlde_cmd_task
                0x00000000200000d8        0x4 ./Core/Src/main.o
                0x00000000200000d8                hanlde_cmd_task
 .bss.handle_printf_task
                0x00000000200000dc        0x4 ./Core/Src/main.o
                0x00000000200000dc                handle_printf_task
 .bss.handle_led_task
                0x00000000200000e0        0x4 ./Core/Src/main.o
                0x00000000200000e0                handle_led_task
 .bss.handle_rtc_task
                0x00000000200000e4        0x4 ./Core/Src/main.o
                0x00000000200000e4                handle_rtc_task
 .bss.q_data    0x00000000200000e8        0x4 ./Core/Src/main.o
                0x00000000200000e8                q_data
 .bss.q_printf  0x00000000200000ec        0x4 ./Core/Src/main.o
                0x00000000200000ec                q_printf
 .bss.handle_led_timer
                0x00000000200000f0       0x10 ./Core/Src/main.o
                0x00000000200000f0                handle_led_timer
 .bss.curr_state
                0x0000000020000100        0x1 ./Core/Src/main.o
                0x0000000020000100                curr_state
 .bss.user_data
                0x0000000020000101        0x1 ./Core/Src/main.o
                0x0000000020000101                user_data
 *fill*         0x0000000020000102        0x2 
 .bss.htim6     0x0000000020000104       0x48 ./Core/Src/stm32f4xx_hal_timebase_tim.o
                0x0000000020000104                htim6
 .bss.uwTick    0x000000002000014c        0x4 ./Drivers/STM32F4xx_HAL_Driver/Src/stm32f4xx_hal.o
                0x000000002000014c                uwTick
 .bss.xQueueRegistry
                0x0000000020000150       0x40 ./common/ThirdParty/FreeRTOS/queue.o
                0x0000000020000150                xQueueRegistry
 .bss.pxCurrentTCB
                0x0000000020000190        0x4 ./common/ThirdParty/FreeRTOS/tasks.o
                0x0000000020000190                pxCurrentTCB
 .bss.pxReadyTasksLists
                0x0000000020000194       0x64 ./common/ThirdParty/FreeRTOS/tasks.o
 .bss.xDelayedTaskList1
                0x00000000200001f8       0x14 ./common/ThirdParty/FreeRTOS/tasks.o
 .bss.xDelayedTaskList2
                0x000000002000020c       0x14 ./common/ThirdParty/FreeRTOS/tasks.o
 .bss.pxDelayedTaskList
                0x0000000020000220        0x4 ./common/ThirdParty/FreeRTOS/tasks.o
 .bss.pxOverflowDelayedTaskList
                0x0000000020000224        0x4 ./common/ThirdParty/FreeRTOS/tasks.o
 .bss.xPendingReadyList
                0x0000000020000228       0x14 ./common/ThirdParty/FreeRTOS/tasks.o
 .bss.xTasksWaitingTermination
                0x000000002000023c       0x14 ./common/ThirdParty/FreeRTOS/tasks.o
 .bss.uxDeletedTasksWaitingCleanUp
                0x0000000020000250        0x4 ./common/ThirdParty/FreeRTOS/tasks.o
 .bss.xSuspendedTaskList
                0x0000000020000254       0x14 ./common/ThirdParty/FreeRTOS/tasks.o
 .bss.uxCurrentNumberOfTasks
                0x0000000020000268        0x4 ./common/ThirdParty/FreeRTOS/tasks.o
 .bss.xTickCount
                0x000000002000026c        0x4 ./common/ThirdParty/FreeRTOS/tasks.o
 .bss.uxTopReadyPriority
                0x0000000020000270        0x4 ./common/ThirdParty/FreeRTOS/tasks.o
 .bss.xSchedulerRunning
                0x0000000020000274        0x4 ./common/ThirdParty/FreeRTOS/tasks.o
 .bss.xPendedTicks
                0x0000000020000278        0x4 ./common/ThirdParty/FreeRTOS/tasks.o
 .bss.xYieldPending
                0x000000002000027c        0x4 ./common/ThirdParty/FreeRTOS/tasks.o
 .bss.xNumOfOverflows
                0x0000000020000280        0x4 ./common/ThirdParty/FreeRTOS/tasks.o
 .bss.uxTaskNumber
                0x0000000020000284        0x4 ./common/ThirdParty/FreeRTOS/tasks.o
 .bss.xNextTaskUnblockTime
                0x0000000020000288        0x4 ./common/ThirdParty/FreeRTOS/tasks.o
 .bss.xIdleTaskHandle
                0x000000002000028c        0x4 ./common/ThirdParty/FreeRTOS/tasks.o
 .bss.uxSchedulerSuspended
                0x0000000020000290        0x4 ./common/ThirdParty/FreeRTOS/tasks.o
 .bss.xActiveTimerList1
                0x0000000020000294       0x14 ./common/ThirdParty/FreeRTOS/timers.o
 .bss.xActiveTimerList2
                0x00000000200002a8       0x14 ./common/ThirdParty/FreeRTOS/timers.o
 .bss.pxCurrentTimerList
                0x00000000200002bc        0x4 ./common/ThirdParty/FreeRTOS/timers.o
 .bss.pxOverflowTimerList
                0x00000000200002c0        0x4 ./common/ThirdParty/FreeRTOS/timers.o
 .bss.xTimerQueue
                0x00000000200002c4        0x4 ./common/ThirdParty/FreeRTOS/timers.o
 .bss.xTimerTaskHandle
                0x00000000200002c8        0x4 ./common/ThirdParty/FreeRTOS/timers.o
 .bss.xLastTime.0
                0x00000000200002cc        0x4 ./common/ThirdParty/FreeRTOS/timers.o
 .bss.ucMaxSysCallPriority
                0x00000000200002d0        0x1 ./common/ThirdParty/FreeRTOS/portable/GCC/ARM_CM4F/port.o
 *fill*         0x00000000200002d1        0x3 
 .bss.ulMaxPRIGROUPValue
                0x00000000200002d4        0x4 ./common/ThirdParty/FreeRTOS/portable/GCC/ARM_CM4F/port.o
 .bss.ucHeap    0x00000000200002d8    0x12c00 ./common/ThirdParty/FreeRTOS/portable/MemMang/heap_4.o
 .bss.xStart    0x0000000020012ed8        0x8 ./common/ThirdParty/FreeRTOS/portable/MemMang/heap_4.o
 .bss.pxEnd     0x0000000020012ee0        0x4 ./common/ThirdParty/FreeRTOS/portable/MemMang/heap_4.o
 .bss.xFreeBytesRemaining
                0x0000000020012ee4        0x4 ./common/ThirdParty/FreeRTOS/portable/MemMang/heap_4.o
 .bss.xMinimumEverFreeBytesRemaining
                0x0000000020012ee8        0x4 ./common/ThirdParty/FreeRTOS/portable/MemMang/heap_4.o
 .bss.xNumberOfSuccessfulAllocations
                0x0000000020012eec        0x4 ./common/ThirdParty/FreeRTOS/portable/MemMang/heap_4.o
 .bss.xNumberOfSuccessfulFrees
                0x0000000020012ef0        0x4 ./common/ThirdParty/FreeRTOS/portable/MemMang/heap_4.o
 .bss.xBlockAllocatedBit
                0x0000000020012ef4        0x4 ./common/ThirdParty/FreeRTOS/portable/MemMang/heap_4.o
 *(COMMON)
                0x0000000020012ef8                . = ALIGN (0x4)
                0x0000000020012ef8                _ebss = .
                0x0000000020012ef8                __bss_end__ = _ebss

._user_heap_stack
                0x0000000020012ef8      0x600 load address 0x0000000008008884
                0x0000000020012ef8                . = ALIGN (0x8)
                [!provide]                        PROVIDE (end = .)
                0x0000000020012ef8                PROVIDE (_end = .)
                0x00000000200130f8                . = (. + _Min_Heap_Size)
 *fill*         0x0000000020012ef8      0x200 
                0x00000000200134f8                . = (. + _Min_Stack_Size)
 *fill*         0x00000000200130f8      0x400 
                0x00000000200134f8                . = ALIGN (0x8)

/DISCARD/
 libc.a(*)
 libm.a(*)
 libgcc.a(*)

.ARM.attributes
                0x0000000000000000       0x30
 *(.ARM.attributes)
 .ARM.attributes
                0x0000000000000000       0x1e c:/st/stm32cubeide_1.8.0/stm32cubeide/plugins/com.st.stm32cube.ide.mcu.externaltools.gnu-tools-for-stm32.10.3-2021.10.win32_1.0.0.202111181127/tools/bin/../lib/gcc/arm-none-eabi/10.3.1/thumb/v7e-m+fp/hard/crti.o
 .ARM.attributes
                0x000000000000001e       0x34 c:/st/stm32cubeide_1.8.0/stm32cubeide/plugins/com.st.stm32cube.ide.mcu.externaltools.gnu-tools-for-stm32.10.3-2021.10.win32_1.0.0.202111181127/tools/bin/../lib/gcc/arm-none-eabi/10.3.1/thumb/v7e-m+fp/hard/crtbegin.o
 .ARM.attributes
                0x0000000000000052       0x34 ./Core/Src/led_effect.o
 .ARM.attributes
                0x0000000000000086       0x34 ./Core/Src/main.o
 .ARM.attributes
                0x00000000000000ba       0x34 ./Core/Src/stm32f4xx_hal_msp.o
 .ARM.attributes
                0x00000000000000ee       0x34 ./Core/Src/stm32f4xx_hal_timebase_tim.o
 .ARM.attributes
                0x0000000000000122       0x34 ./Core/Src/stm32f4xx_it.o
 .ARM.attributes
                0x0000000000000156       0x34 ./Core/Src/system_stm32f4xx.o
 .ARM.attributes
                0x000000000000018a       0x34 ./Core/Src/task_handler.o
 .ARM.attributes
                0x00000000000001be       0x21 ./Core/Startup/startup_stm32f446retx.o
 .ARM.attributes
                0x00000000000001df       0x34 ./Drivers/STM32F4xx_HAL_Driver/Src/stm32f4xx_hal.o
 .ARM.attributes
                0x0000000000000213       0x34 ./Drivers/STM32F4xx_HAL_Driver/Src/stm32f4xx_hal_cortex.o
 .ARM.attributes
                0x0000000000000247       0x34 ./Drivers/STM32F4xx_HAL_Driver/Src/stm32f4xx_hal_dma.o
 .ARM.attributes
                0x000000000000027b       0x34 ./Drivers/STM32F4xx_HAL_Driver/Src/stm32f4xx_hal_gpio.o
 .ARM.attributes
                0x00000000000002af       0x34 ./Drivers/STM32F4xx_HAL_Driver/Src/stm32f4xx_hal_i2c.o
 .ARM.attributes
                0x00000000000002e3       0x34 ./Drivers/STM32F4xx_HAL_Driver/Src/stm32f4xx_hal_pwr_ex.o
 .ARM.attributes
                0x0000000000000317       0x34 ./Drivers/STM32F4xx_HAL_Driver/Src/stm32f4xx_hal_rcc.o
 .ARM.attributes
                0x000000000000034b       0x34 ./Drivers/STM32F4xx_HAL_Driver/Src/stm32f4xx_hal_rcc_ex.o
 .ARM.attributes
                0x000000000000037f       0x34 ./Drivers/STM32F4xx_HAL_Driver/Src/stm32f4xx_hal_tim.o
 .ARM.attributes
                0x00000000000003b3       0x34 ./Drivers/STM32F4xx_HAL_Driver/Src/stm32f4xx_hal_tim_ex.o
 .ARM.attributes
                0x00000000000003e7       0x34 ./Drivers/STM32F4xx_HAL_Driver/Src/stm32f4xx_hal_uart.o
 .ARM.attributes
                0x000000000000041b       0x34 ./common/ThirdParty/FreeRTOS/list.o
 .ARM.attributes
                0x000000000000044f       0x34 ./common/ThirdParty/FreeRTOS/queue.o
 .ARM.attributes
                0x0000000000000483       0x34 ./common/ThirdParty/FreeRTOS/tasks.o
 .ARM.attributes
                0x00000000000004b7       0x34 ./common/ThirdParty/FreeRTOS/timers.o
 .ARM.attributes
                0x00000000000004eb       0x34 ./common/ThirdParty/FreeRTOS/portable/GCC/ARM_CM4F/port.o
 .ARM.attributes
                0x000000000000051f       0x34 ./common/ThirdParty/FreeRTOS/portable/MemMang/heap_4.o
 .ARM.attributes
                0x0000000000000553       0x34 c:/st/stm32cubeide_1.8.0/stm32cubeide/plugins/com.st.stm32cube.ide.mcu.externaltools.gnu-tools-for-stm32.10.3-2021.10.win32_1.0.0.202111181127/tools/bin/../lib/gcc/arm-none-eabi/10.3.1/../../../../arm-none-eabi/lib/thumb/v7e-m+fp/hard\libc_nano.a(lib_a-init.o)
 .ARM.attributes
                0x0000000000000587       0x34 c:/st/stm32cubeide_1.8.0/stm32cubeide/plugins/com.st.stm32cube.ide.mcu.externaltools.gnu-tools-for-stm32.10.3-2021.10.win32_1.0.0.202111181127/tools/bin/../lib/gcc/arm-none-eabi/10.3.1/../../../../arm-none-eabi/lib/thumb/v7e-m+fp/hard\libc_nano.a(lib_a-memcpy-stub.o)
 .ARM.attributes
                0x00000000000005bb       0x34 c:/st/stm32cubeide_1.8.0/stm32cubeide/plugins/com.st.stm32cube.ide.mcu.externaltools.gnu-tools-for-stm32.10.3-2021.10.win32_1.0.0.202111181127/tools/bin/../lib/gcc/arm-none-eabi/10.3.1/../../../../arm-none-eabi/lib/thumb/v7e-m+fp/hard\libc_nano.a(lib_a-memset.o)
 .ARM.attributes
                0x00000000000005ef       0x1c c:/st/stm32cubeide_1.8.0/stm32cubeide/plugins/com.st.stm32cube.ide.mcu.externaltools.gnu-tools-for-stm32.10.3-2021.10.win32_1.0.0.202111181127/tools/bin/../lib/gcc/arm-none-eabi/10.3.1/../../../../arm-none-eabi/lib/thumb/v7e-m+fp/hard\libc_nano.a(lib_a-strcmp.o)
 .ARM.attributes
                0x000000000000060b       0x17 c:/st/stm32cubeide_1.8.0/stm32cubeide/plugins/com.st.stm32cube.ide.mcu.externaltools.gnu-tools-for-stm32.10.3-2021.10.win32_1.0.0.202111181127/tools/bin/../lib/gcc/arm-none-eabi/10.3.1/../../../../arm-none-eabi/lib/thumb/v7e-m+fp/hard\libc_nano.a(lib_a-strlen.o)
 .ARM.attributes
                0x0000000000000622       0x1e c:/st/stm32cubeide_1.8.0/stm32cubeide/plugins/com.st.stm32cube.ide.mcu.externaltools.gnu-tools-for-stm32.10.3-2021.10.win32_1.0.0.202111181127/tools/bin/../lib/gcc/arm-none-eabi/10.3.1/thumb/v7e-m+fp/hard\libgcc.a(_aeabi_uldivmod.o)
 .ARM.attributes
                0x0000000000000640       0x34 c:/st/stm32cubeide_1.8.0/stm32cubeide/plugins/com.st.stm32cube.ide.mcu.externaltools.gnu-tools-for-stm32.10.3-2021.10.win32_1.0.0.202111181127/tools/bin/../lib/gcc/arm-none-eabi/10.3.1/thumb/v7e-m+fp/hard\libgcc.a(_udivmoddi4.o)
 .ARM.attributes
                0x0000000000000674       0x1e c:/st/stm32cubeide_1.8.0/stm32cubeide/plugins/com.st.stm32cube.ide.mcu.externaltools.gnu-tools-for-stm32.10.3-2021.10.win32_1.0.0.202111181127/tools/bin/../lib/gcc/arm-none-eabi/10.3.1/thumb/v7e-m+fp/hard\libgcc.a(_dvmd_tls.o)
 .ARM.attributes
                0x0000000000000692       0x1e c:/st/stm32cubeide_1.8.0/stm32cubeide/plugins/com.st.stm32cube.ide.mcu.externaltools.gnu-tools-for-stm32.10.3-2021.10.win32_1.0.0.202111181127/tools/bin/../lib/gcc/arm-none-eabi/10.3.1/thumb/v7e-m+fp/hard/crtn.o
OUTPUT(LED_RTC_part2.elf elf32-littlearm)
LOAD linker stubs
LOAD c:/st/stm32cubeide_1.8.0/stm32cubeide/plugins/com.st.stm32cube.ide.mcu.externaltools.gnu-tools-for-stm32.10.3-2021.10.win32_1.0.0.202111181127/tools/bin/../lib/gcc/arm-none-eabi/10.3.1/../../../../arm-none-eabi/lib/thumb/v7e-m+fp/hard\libc.a
LOAD c:/st/stm32cubeide_1.8.0/stm32cubeide/plugins/com.st.stm32cube.ide.mcu.externaltools.gnu-tools-for-stm32.10.3-2021.10.win32_1.0.0.202111181127/tools/bin/../lib/gcc/arm-none-eabi/10.3.1/../../../../arm-none-eabi/lib/thumb/v7e-m+fp/hard\libm.a
LOAD c:/st/stm32cubeide_1.8.0/stm32cubeide/plugins/com.st.stm32cube.ide.mcu.externaltools.gnu-tools-for-stm32.10.3-2021.10.win32_1.0.0.202111181127/tools/bin/../lib/gcc/arm-none-eabi/10.3.1/thumb/v7e-m+fp/hard\libgcc.a

.debug_info     0x0000000000000000    0x1895c
 .debug_info    0x0000000000000000      0x3a3 ./Core/Src/led_effect.o
 .debug_info    0x00000000000003a3     0x18af ./Core/Src/main.o
 .debug_info    0x0000000000001c52      0xf87 ./Core/Src/stm32f4xx_hal_msp.o
 .debug_info    0x0000000000002bd9      0xc77 ./Core/Src/stm32f4xx_hal_timebase_tim.o
 .debug_info    0x0000000000003850      0xc94 ./Core/Src/stm32f4xx_it.o
 .debug_info    0x00000000000044e4      0x55b ./Core/Src/system_stm32f4xx.o
 .debug_info    0x0000000000004a3f      0xa3c ./Core/Src/task_handler.o
 .debug_info    0x000000000000547b       0x22 ./Core/Startup/startup_stm32f446retx.o
 .debug_info    0x000000000000549d      0x9d2 ./Drivers/STM32F4xx_HAL_Driver/Src/stm32f4xx_hal.o
 .debug_info    0x0000000000005e6f      0xe39 ./Drivers/STM32F4xx_HAL_Driver/Src/stm32f4xx_hal_cortex.o
 .debug_info    0x0000000000006ca8      0x94f ./Drivers/STM32F4xx_HAL_Driver/Src/stm32f4xx_hal_dma.o
 .debug_info    0x00000000000075f7      0x7be ./Drivers/STM32F4xx_HAL_Driver/Src/stm32f4xx_hal_gpio.o
 .debug_info    0x0000000000007db5     0x2617 ./Drivers/STM32F4xx_HAL_Driver/Src/stm32f4xx_hal_i2c.o
 .debug_info    0x000000000000a3cc      0x702 ./Drivers/STM32F4xx_HAL_Driver/Src/stm32f4xx_hal_pwr_ex.o
 .debug_info    0x000000000000aace      0x9ab ./Drivers/STM32F4xx_HAL_Driver/Src/stm32f4xx_hal_rcc.o
 .debug_info    0x000000000000b479      0x9ec ./Drivers/STM32F4xx_HAL_Driver/Src/stm32f4xx_hal_rcc_ex.o
 .debug_info    0x000000000000be65     0x2bbe ./Drivers/STM32F4xx_HAL_Driver/Src/stm32f4xx_hal_tim.o
 .debug_info    0x000000000000ea23     0x15e0 ./Drivers/STM32F4xx_HAL_Driver/Src/stm32f4xx_hal_tim_ex.o
 .debug_info    0x0000000000010003     0x31bc ./Drivers/STM32F4xx_HAL_Driver/Src/stm32f4xx_hal_uart.o
 .debug_info    0x00000000000131bf      0x2d1 ./common/ThirdParty/FreeRTOS/list.o
 .debug_info    0x0000000000013490     0x18ee ./common/ThirdParty/FreeRTOS/queue.o
 .debug_info    0x0000000000014d7e     0x225d ./common/ThirdParty/FreeRTOS/tasks.o
 .debug_info    0x0000000000016fdb      0xec5 ./common/ThirdParty/FreeRTOS/timers.o
 .debug_info    0x0000000000017ea0      0x5af ./common/ThirdParty/FreeRTOS/portable/GCC/ARM_CM4F/port.o
 .debug_info    0x000000000001844f      0x50d ./common/ThirdParty/FreeRTOS/portable/MemMang/heap_4.o

.debug_abbrev   0x0000000000000000     0x3671
 .debug_abbrev  0x0000000000000000      0x1cd ./Core/Src/led_effect.o
 .debug_abbrev  0x00000000000001cd      0x36c ./Core/Src/main.o
 .debug_abbrev  0x0000000000000539      0x1b9 ./Core/Src/stm32f4xx_hal_msp.o
 .debug_abbrev  0x00000000000006f2      0x1d3 ./Core/Src/stm32f4xx_hal_timebase_tim.o
 .debug_abbrev  0x00000000000008c5      0x178 ./Core/Src/stm32f4xx_it.o
 .debug_abbrev  0x0000000000000a3d      0x116 ./Core/Src/system_stm32f4xx.o
 .debug_abbrev  0x0000000000000b53      0x23c ./Core/Src/task_handler.o
 .debug_abbrev  0x0000000000000d8f       0x12 ./Core/Startup/startup_stm32f446retx.o
 .debug_abbrev  0x0000000000000da1      0x20d ./Drivers/STM32F4xx_HAL_Driver/Src/stm32f4xx_hal.o
 .debug_abbrev  0x0000000000000fae      0x316 ./Drivers/STM32F4xx_HAL_Driver/Src/stm32f4xx_hal_cortex.o
 .debug_abbrev  0x00000000000012c4      0x25b ./Drivers/STM32F4xx_HAL_Driver/Src/stm32f4xx_hal_dma.o
 .debug_abbrev  0x000000000000151f      0x1c4 ./Drivers/STM32F4xx_HAL_Driver/Src/stm32f4xx_hal_gpio.o
 .debug_abbrev  0x00000000000016e3      0x297 ./Drivers/STM32F4xx_HAL_Driver/Src/stm32f4xx_hal_i2c.o
 .debug_abbrev  0x000000000000197a      0x1c9 ./Drivers/STM32F4xx_HAL_Driver/Src/stm32f4xx_hal_pwr_ex.o
 .debug_abbrev  0x0000000000001b43      0x2aa ./Drivers/STM32F4xx_HAL_Driver/Src/stm32f4xx_hal_rcc.o
 .debug_abbrev  0x0000000000001ded      0x1fb ./Drivers/STM32F4xx_HAL_Driver/Src/stm32f4xx_hal_rcc_ex.o
 .debug_abbrev  0x0000000000001fe8      0x25d ./Drivers/STM32F4xx_HAL_Driver/Src/stm32f4xx_hal_tim.o
 .debug_abbrev  0x0000000000002245      0x265 ./Drivers/STM32F4xx_HAL_Driver/Src/stm32f4xx_hal_tim_ex.o
 .debug_abbrev  0x00000000000024aa      0x2f4 ./Drivers/STM32F4xx_HAL_Driver/Src/stm32f4xx_hal_uart.o
 .debug_abbrev  0x000000000000279e       0xf2 ./common/ThirdParty/FreeRTOS/list.o
 .debug_abbrev  0x0000000000002890      0x312 ./common/ThirdParty/FreeRTOS/queue.o
 .debug_abbrev  0x0000000000002ba2      0x38c ./common/ThirdParty/FreeRTOS/tasks.o
 .debug_abbrev  0x0000000000002f2e      0x2d8 ./common/ThirdParty/FreeRTOS/timers.o
 .debug_abbrev  0x0000000000003206      0x259 ./common/ThirdParty/FreeRTOS/portable/GCC/ARM_CM4F/port.o
 .debug_abbrev  0x000000000000345f      0x212 ./common/ThirdParty/FreeRTOS/portable/MemMang/heap_4.o

.debug_aranges  0x0000000000000000     0x1590
 .debug_aranges
                0x0000000000000000       0x70 ./Core/Src/led_effect.o
 .debug_aranges
                0x0000000000000070       0x60 ./Core/Src/main.o
 .debug_aranges
                0x00000000000000d0       0x40 ./Core/Src/stm32f4xx_hal_msp.o
 .debug_aranges
                0x0000000000000110       0x30 ./Core/Src/stm32f4xx_hal_timebase_tim.o
 .debug_aranges
                0x0000000000000140       0x60 ./Core/Src/stm32f4xx_it.o
 .debug_aranges
                0x00000000000001a0       0x28 ./Core/Src/system_stm32f4xx.o
 .debug_aranges
                0x00000000000001c8       0x48 ./Core/Src/task_handler.o
 .debug_aranges
                0x0000000000000210       0x28 ./Core/Startup/startup_stm32f446retx.o
 .debug_aranges
                0x0000000000000238       0xf0 ./Drivers/STM32F4xx_HAL_Driver/Src/stm32f4xx_hal.o
 .debug_aranges
                0x0000000000000328      0x118 ./Drivers/STM32F4xx_HAL_Driver/Src/stm32f4xx_hal_cortex.o
 .debug_aranges
                0x0000000000000440       0x90 ./Drivers/STM32F4xx_HAL_Driver/Src/stm32f4xx_hal_dma.o
 .debug_aranges
                0x00000000000004d0       0x58 ./Drivers/STM32F4xx_HAL_Driver/Src/stm32f4xx_hal_gpio.o
 .debug_aranges
                0x0000000000000528      0x2a0 ./Drivers/STM32F4xx_HAL_Driver/Src/stm32f4xx_hal_i2c.o
 .debug_aranges
                0x00000000000007c8       0x60 ./Drivers/STM32F4xx_HAL_Driver/Src/stm32f4xx_hal_pwr_ex.o
 .debug_aranges
                0x0000000000000828       0x88 ./Drivers/STM32F4xx_HAL_Driver/Src/stm32f4xx_hal_rcc.o
 .debug_aranges
                0x00000000000008b0       0x78 ./Drivers/STM32F4xx_HAL_Driver/Src/stm32f4xx_hal_rcc_ex.o
 .debug_aranges
                0x0000000000000928      0x3d0 ./Drivers/STM32F4xx_HAL_Driver/Src/stm32f4xx_hal_tim.o
 .debug_aranges
                0x0000000000000cf8      0x168 ./Drivers/STM32F4xx_HAL_Driver/Src/stm32f4xx_hal_tim_ex.o
 .debug_aranges
                0x0000000000000e60      0x200 ./Drivers/STM32F4xx_HAL_Driver/Src/stm32f4xx_hal_uart.o
 .debug_aranges
                0x0000000000001060       0x40 ./common/ThirdParty/FreeRTOS/list.o
 .debug_aranges
                0x00000000000010a0      0x130 ./common/ThirdParty/FreeRTOS/queue.o
 .debug_aranges
                0x00000000000011d0      0x208 ./common/ThirdParty/FreeRTOS/tasks.o
 .debug_aranges
                0x00000000000013d8       0xd8 ./common/ThirdParty/FreeRTOS/timers.o
 .debug_aranges
                0x00000000000014b0       0x88 ./common/ThirdParty/FreeRTOS/portable/GCC/ARM_CM4F/port.o
 .debug_aranges
                0x0000000000001538       0x58 ./common/ThirdParty/FreeRTOS/portable/MemMang/heap_4.o

.debug_ranges   0x0000000000000000     0x1450
 .debug_ranges  0x0000000000000000       0x60 ./Core/Src/led_effect.o
 .debug_ranges  0x0000000000000060       0x50 ./Core/Src/main.o
 .debug_ranges  0x00000000000000b0       0x30 ./Core/Src/stm32f4xx_hal_msp.o
 .debug_ranges  0x00000000000000e0       0x20 ./Core/Src/stm32f4xx_hal_timebase_tim.o
 .debug_ranges  0x0000000000000100       0x50 ./Core/Src/stm32f4xx_it.o
 .debug_ranges  0x0000000000000150       0x18 ./Core/Src/system_stm32f4xx.o
 .debug_ranges  0x0000000000000168       0x38 ./Core/Src/task_handler.o
 .debug_ranges  0x00000000000001a0       0x20 ./Core/Startup/startup_stm32f446retx.o
 .debug_ranges  0x00000000000001c0       0xe0 ./Drivers/STM32F4xx_HAL_Driver/Src/stm32f4xx_hal.o
 .debug_ranges  0x00000000000002a0      0x108 ./Drivers/STM32F4xx_HAL_Driver/Src/stm32f4xx_hal_cortex.o
 .debug_ranges  0x00000000000003a8       0x80 ./Drivers/STM32F4xx_HAL_Driver/Src/stm32f4xx_hal_dma.o
 .debug_ranges  0x0000000000000428       0x48 ./Drivers/STM32F4xx_HAL_Driver/Src/stm32f4xx_hal_gpio.o
 .debug_ranges  0x0000000000000470      0x2a8 ./Drivers/STM32F4xx_HAL_Driver/Src/stm32f4xx_hal_i2c.o
 .debug_ranges  0x0000000000000718       0x50 ./Drivers/STM32F4xx_HAL_Driver/Src/stm32f4xx_hal_pwr_ex.o
 .debug_ranges  0x0000000000000768       0x78 ./Drivers/STM32F4xx_HAL_Driver/Src/stm32f4xx_hal_rcc.o
 .debug_ranges  0x00000000000007e0       0x68 ./Drivers/STM32F4xx_HAL_Driver/Src/stm32f4xx_hal_rcc_ex.o
 .debug_ranges  0x0000000000000848      0x3c0 ./Drivers/STM32F4xx_HAL_Driver/Src/stm32f4xx_hal_tim.o
 .debug_ranges  0x0000000000000c08      0x158 ./Drivers/STM32F4xx_HAL_Driver/Src/stm32f4xx_hal_tim_ex.o
 .debug_ranges  0x0000000000000d60      0x220 ./Drivers/STM32F4xx_HAL_Driver/Src/stm32f4xx_hal_uart.o
 .debug_ranges  0x0000000000000f80       0x30 ./common/ThirdParty/FreeRTOS/list.o
 .debug_ranges  0x0000000000000fb0      0x120 ./common/ThirdParty/FreeRTOS/queue.o
 .debug_ranges  0x00000000000010d0      0x1f8 ./common/ThirdParty/FreeRTOS/tasks.o
 .debug_ranges  0x00000000000012c8       0xc8 ./common/ThirdParty/FreeRTOS/timers.o
 .debug_ranges  0x0000000000001390       0x78 ./common/ThirdParty/FreeRTOS/portable/GCC/ARM_CM4F/port.o
 .debug_ranges  0x0000000000001408       0x48 ./common/ThirdParty/FreeRTOS/portable/MemMang/heap_4.o

.debug_macro    0x0000000000000000    0x243a4
 .debug_macro   0x0000000000000000      0x348 ./Core/Src/led_effect.o
 .debug_macro   0x0000000000000348      0xa78 ./Core/Src/led_effect.o
 .debug_macro   0x0000000000000dc0      0x2a1 ./Core/Src/led_effect.o
 .debug_macro   0x0000000000001061       0x2e ./Core/Src/led_effect.o
 .debug_macro   0x000000000000108f       0x28 ./Core/Src/led_effect.o
 .debug_macro   0x00000000000010b7       0x22 ./Core/Src/led_effect.o
 .debug_macro   0x00000000000010d9       0x8e ./Core/Src/led_effect.o
 .debug_macro   0x0000000000001167       0x51 ./Core/Src/led_effect.o
 .debug_macro   0x00000000000011b8      0x103 ./Core/Src/led_effect.o
 .debug_macro   0x00000000000012bb       0x6a ./Core/Src/led_effect.o
 .debug_macro   0x0000000000001325      0x1df ./Core/Src/led_effect.o
 .debug_macro   0x0000000000001504       0x1c ./Core/Src/led_effect.o
 .debug_macro   0x0000000000001520       0x22 ./Core/Src/led_effect.o
 .debug_macro   0x0000000000001542       0xd9 ./Core/Src/led_effect.o
 .debug_macro   0x000000000000161b     0x102d ./Core/Src/led_effect.o
 .debug_macro   0x0000000000002648      0x11f ./Core/Src/led_effect.o
 .debug_macro   0x0000000000002767    0x16749 ./Core/Src/led_effect.o
 .debug_macro   0x0000000000018eb0       0x6d ./Core/Src/led_effect.o
 .debug_macro   0x0000000000018f1d     0x367e ./Core/Src/led_effect.o
 .debug_macro   0x000000000001c59b      0x174 ./Core/Src/led_effect.o
 .debug_macro   0x000000000001c70f       0x5c ./Core/Src/led_effect.o
 .debug_macro   0x000000000001c76b      0xc90 ./Core/Src/led_effect.o
 .debug_macro   0x000000000001d3fb      0x9fe ./Core/Src/led_effect.o
 .debug_macro   0x000000000001ddf9      0x115 ./Core/Src/led_effect.o
 .debug_macro   0x000000000001df0e      0x1a0 ./Core/Src/led_effect.o
 .debug_macro   0x000000000001e0ae       0xa5 ./Core/Src/led_effect.o
 .debug_macro   0x000000000001e153      0x16d ./Core/Src/led_effect.o
 .debug_macro   0x000000000001e2c0      0x287 ./Core/Src/led_effect.o
 .debug_macro   0x000000000001e547       0x5f ./Core/Src/led_effect.o
 .debug_macro   0x000000000001e5a6      0x236 ./Core/Src/led_effect.o
 .debug_macro   0x000000000001e7dc      0x132 ./Core/Src/led_effect.o
 .debug_macro   0x000000000001e90e      0x29c ./Core/Src/led_effect.o
 .debug_macro   0x000000000001ebaa       0x2e ./Core/Src/led_effect.o
 .debug_macro   0x000000000001ebd8      0x1b5 ./Core/Src/led_effect.o
 .debug_macro   0x000000000001ed8d       0x22 ./Core/Src/led_effect.o
 .debug_macro   0x000000000001edaf       0xd6 ./Core/Src/led_effect.o
 .debug_macro   0x000000000001ee85      0x11a ./Core/Src/led_effect.o
 .debug_macro   0x000000000001ef9f       0xe8 ./Core/Src/led_effect.o
 .debug_macro   0x000000000001f087       0x89 ./Core/Src/led_effect.o
 .debug_macro   0x000000000001f110      0x8e6 ./Core/Src/led_effect.o
 .debug_macro   0x000000000001f9f6       0x4d ./Core/Src/led_effect.o
 .debug_macro   0x000000000001fa43      0x295 ./Core/Src/led_effect.o
 .debug_macro   0x000000000001fcd8      0x126 ./Core/Src/led_effect.o
 .debug_macro   0x000000000001fdfe      0x112 ./Core/Src/led_effect.o
 .debug_macro   0x000000000001ff10      0x15a ./Core/Src/led_effect.o
 .debug_macro   0x000000000002006a       0xea ./Core/Src/led_effect.o
 .debug_macro   0x0000000000020154       0x1c ./Core/Src/led_effect.o
 .debug_macro   0x0000000000020170       0x26 ./Core/Src/led_effect.o
 .debug_macro   0x0000000000020196      0x527 ./Core/Src/led_effect.o
 .debug_macro   0x00000000000206bd       0xb5 ./Core/Src/led_effect.o
 .debug_macro   0x0000000000020772      0x120 ./Core/Src/led_effect.o
 .debug_macro   0x0000000000020892       0x80 ./Core/Src/led_effect.o
 .debug_macro   0x0000000000020912       0x52 ./Core/Src/led_effect.o
 .debug_macro   0x0000000000020964       0x1e ./Core/Src/led_effect.o
 .debug_macro   0x0000000000020982       0x3c ./Core/Src/led_effect.o
 .debug_macro   0x00000000000209be       0x34 ./Core/Src/led_effect.o
 .debug_macro   0x00000000000209f2       0x16 ./Core/Src/led_effect.o
 .debug_macro   0x0000000000020a08       0x43 ./Core/Src/led_effect.o
 .debug_macro   0x0000000000020a4b       0x34 ./Core/Src/led_effect.o
 .debug_macro   0x0000000000020a7f       0x10 ./Core/Src/led_effect.o
 .debug_macro   0x0000000000020a8f       0x58 ./Core/Src/led_effect.o
 .debug_macro   0x0000000000020ae7       0x71 ./Core/Src/led_effect.o
 .debug_macro   0x0000000000020b58       0x1c ./Core/Src/led_effect.o
 .debug_macro   0x0000000000020b74      0x12a ./Core/Src/led_effect.o
 .debug_macro   0x0000000000020c9e      0x341 ./Core/Src/led_effect.o
 .debug_macro   0x0000000000020fdf       0x10 ./Core/Src/led_effect.o
 .debug_macro   0x0000000000020fef       0x35 ./Core/Src/led_effect.o
 .debug_macro   0x0000000000021024       0x20 ./Core/Src/led_effect.o
 .debug_macro   0x0000000000021044       0x97 ./Core/Src/led_effect.o
 .debug_macro   0x00000000000210db       0x7e ./Core/Src/led_effect.o
 .debug_macro   0x0000000000021159      0x348 ./Core/Src/main.o
 .debug_macro   0x00000000000214a1      0x348 ./Core/Src/stm32f4xx_hal_msp.o
 .debug_macro   0x00000000000217e9      0x1e7 ./Core/Src/stm32f4xx_hal_timebase_tim.o
 .debug_macro   0x00000000000219d0      0x352 ./Core/Src/stm32f4xx_it.o
 .debug_macro   0x0000000000021d22      0x1e7 ./Core/Src/system_stm32f4xx.o
 .debug_macro   0x0000000000021f09      0x348 ./Core/Src/task_handler.o
 .debug_macro   0x0000000000022251      0x247 ./Drivers/STM32F4xx_HAL_Driver/Src/stm32f4xx_hal.o
 .debug_macro   0x0000000000022498      0x1e7 ./Drivers/STM32F4xx_HAL_Driver/Src/stm32f4xx_hal_cortex.o
 .debug_macro   0x000000000002267f      0x1ed ./Drivers/STM32F4xx_HAL_Driver/Src/stm32f4xx_hal_dma.o
 .debug_macro   0x000000000002286c      0x1ed ./Drivers/STM32F4xx_HAL_Driver/Src/stm32f4xx_hal_gpio.o
 .debug_macro   0x0000000000022a59      0x22e ./Drivers/STM32F4xx_HAL_Driver/Src/stm32f4xx_hal_i2c.o
 .debug_macro   0x0000000000022c87      0x1ff ./Drivers/STM32F4xx_HAL_Driver/Src/stm32f4xx_hal_pwr_ex.o
 .debug_macro   0x0000000000022e86      0x20b ./Drivers/STM32F4xx_HAL_Driver/Src/stm32f4xx_hal_rcc.o
 .debug_macro   0x0000000000023091      0x1e7 ./Drivers/STM32F4xx_HAL_Driver/Src/stm32f4xx_hal_rcc_ex.o
 .debug_macro   0x0000000000023278      0x1e8 ./Drivers/STM32F4xx_HAL_Driver/Src/stm32f4xx_hal_tim.o
 .debug_macro   0x0000000000023460      0x1e7 ./Drivers/STM32F4xx_HAL_Driver/Src/stm32f4xx_hal_tim_ex.o
 .debug_macro   0x0000000000023647      0x1e8 ./Drivers/STM32F4xx_HAL_Driver/Src/stm32f4xx_hal_uart.o
 .debug_macro   0x000000000002382f      0x193 ./common/ThirdParty/FreeRTOS/list.o
 .debug_macro   0x00000000000239c2      0x21c ./common/ThirdParty/FreeRTOS/queue.o
 .debug_macro   0x0000000000023bde       0x16 ./common/ThirdParty/FreeRTOS/queue.o
 .debug_macro   0x0000000000023bf4      0x280 ./common/ThirdParty/FreeRTOS/tasks.o
 .debug_macro   0x0000000000023e74       0x10 ./common/ThirdParty/FreeRTOS/tasks.o
 .debug_macro   0x0000000000023e84      0x1dc ./common/ThirdParty/FreeRTOS/timers.o
 .debug_macro   0x0000000000024060      0x196 ./common/ThirdParty/FreeRTOS/portable/GCC/ARM_CM4F/port.o
 .debug_macro   0x00000000000241f6      0x1ae ./common/ThirdParty/FreeRTOS/portable/MemMang/heap_4.o

.debug_line     0x0000000000000000    0x1acf1
 .debug_line    0x0000000000000000      0xaf3 ./Core/Src/led_effect.o
 .debug_line    0x0000000000000af3      0xc14 ./Core/Src/main.o
 .debug_line    0x0000000000001707      0xa17 ./Core/Src/stm32f4xx_hal_msp.o
 .debug_line    0x000000000000211e      0x748 ./Core/Src/stm32f4xx_hal_timebase_tim.o
 .debug_line    0x0000000000002866      0xa43 ./Core/Src/stm32f4xx_it.o
 .debug_line    0x00000000000032a9      0x76a ./Core/Src/system_stm32f4xx.o
 .debug_line    0x0000000000003a13      0xaee ./Core/Src/task_handler.o
 .debug_line    0x0000000000004501       0x88 ./Core/Startup/startup_stm32f446retx.o
 .debug_line    0x0000000000004589      0x9d0 ./Drivers/STM32F4xx_HAL_Driver/Src/stm32f4xx_hal.o
 .debug_line    0x0000000000004f59      0xc7f ./Drivers/STM32F4xx_HAL_Driver/Src/stm32f4xx_hal_cortex.o
 .debug_line    0x0000000000005bd8      0xf34 ./Drivers/STM32F4xx_HAL_Driver/Src/stm32f4xx_hal_dma.o
 .debug_line    0x0000000000006b0c      0xb30 ./Drivers/STM32F4xx_HAL_Driver/Src/stm32f4xx_hal_gpio.o
 .debug_line    0x000000000000763c     0x3985 ./Drivers/STM32F4xx_HAL_Driver/Src/stm32f4xx_hal_i2c.o
 .debug_line    0x000000000000afc1      0x8ff ./Drivers/STM32F4xx_HAL_Driver/Src/stm32f4xx_hal_pwr_ex.o
 .debug_line    0x000000000000b8c0      0xd58 ./Drivers/STM32F4xx_HAL_Driver/Src/stm32f4xx_hal_rcc.o
 .debug_line    0x000000000000c618     0x13e3 ./Drivers/STM32F4xx_HAL_Driver/Src/stm32f4xx_hal_rcc_ex.o
 .debug_line    0x000000000000d9fb     0x36c4 ./Drivers/STM32F4xx_HAL_Driver/Src/stm32f4xx_hal_tim.o
 .debug_line    0x00000000000110bf     0x19cd ./Drivers/STM32F4xx_HAL_Driver/Src/stm32f4xx_hal_tim_ex.o
 .debug_line    0x0000000000012a8c     0x2a75 ./Drivers/STM32F4xx_HAL_Driver/Src/stm32f4xx_hal_uart.o
 .debug_line    0x0000000000015501      0x720 ./common/ThirdParty/FreeRTOS/list.o
 .debug_line    0x0000000000015c21     0x15c9 ./common/ThirdParty/FreeRTOS/queue.o
 .debug_line    0x00000000000171ea     0x1cd1 ./common/ThirdParty/FreeRTOS/tasks.o
 .debug_line    0x0000000000018ebb      0xc7f ./common/ThirdParty/FreeRTOS/timers.o
 .debug_line    0x0000000000019b3a      0x84c ./common/ThirdParty/FreeRTOS/portable/GCC/ARM_CM4F/port.o
 .debug_line    0x000000000001a386      0x96b ./common/ThirdParty/FreeRTOS/portable/MemMang/heap_4.o

.debug_str      0x0000000000000000    0xdb221
 .debug_str     0x0000000000000000    0xd32de ./Core/Src/led_effect.o
                                      0xd35ae (size before relaxing)
 .debug_str     0x00000000000d32de      0xeb7 ./Core/Src/main.o
                                      0xd4540 (size before relaxing)
 .debug_str     0x00000000000d4195      0x5cf ./Core/Src/stm32f4xx_hal_msp.o
                                      0xd425c (size before relaxing)
 .debug_str     0x00000000000d4764       0xec ./Core/Src/stm32f4xx_hal_timebase_tim.o
                                      0xcb60a (size before relaxing)
 .debug_str     0x00000000000d4850      0x108 ./Core/Src/stm32f4xx_it.o
                                      0xd3eac (size before relaxing)
 .debug_str     0x00000000000d4958       0xdb ./Core/Src/system_stm32f4xx.o
                                      0xcaaf4 (size before relaxing)
 .debug_str     0x00000000000d4a33      0x101 ./Core/Src/task_handler.o
                                      0xd3b38 (size before relaxing)
 .debug_str     0x00000000000d4b34       0x36 ./Core/Startup/startup_stm32f446retx.o
                                         0x66 (size before relaxing)
 .debug_str     0x00000000000d4b6a      0x5de ./Drivers/STM32F4xx_HAL_Driver/Src/stm32f4xx_hal.o
                                      0xcb6b9 (size before relaxing)
 .debug_str     0x00000000000d5148      0x326 ./Drivers/STM32F4xx_HAL_Driver/Src/stm32f4xx_hal_cortex.o
                                      0xcb3c7 (size before relaxing)
 .debug_str     0x00000000000d546e      0x323 ./Drivers/STM32F4xx_HAL_Driver/Src/stm32f4xx_hal_dma.o
                                      0xcaee9 (size before relaxing)
 .debug_str     0x00000000000d5791      0x121 ./Drivers/STM32F4xx_HAL_Driver/Src/stm32f4xx_hal_gpio.o
                                      0xcac6f (size before relaxing)
 .debug_str     0x00000000000d58b2      0xa8e ./Drivers/STM32F4xx_HAL_Driver/Src/stm32f4xx_hal_i2c.o
                                      0xcba9f (size before relaxing)
 .debug_str     0x00000000000d6340      0x135 ./Drivers/STM32F4xx_HAL_Driver/Src/stm32f4xx_hal_pwr_ex.o
                                      0xcaccc (size before relaxing)
 .debug_str     0x00000000000d6475      0x1f2 ./Drivers/STM32F4xx_HAL_Driver/Src/stm32f4xx_hal_rcc.o
                                      0xcaf2d (size before relaxing)
 .debug_str     0x00000000000d6667      0x31c ./Drivers/STM32F4xx_HAL_Driver/Src/stm32f4xx_hal_rcc_ex.o
                                      0xcaf60 (size before relaxing)
 .debug_str     0x00000000000d6983      0xe36 ./Drivers/STM32F4xx_HAL_Driver/Src/stm32f4xx_hal_tim.o
                                      0xcbe49 (size before relaxing)
 .debug_str     0x00000000000d77b9      0x503 ./Drivers/STM32F4xx_HAL_Driver/Src/stm32f4xx_hal_tim_ex.o
                                      0xcb665 (size before relaxing)
 .debug_str     0x00000000000d7cbc      0x597 ./Drivers/STM32F4xx_HAL_Driver/Src/stm32f4xx_hal_uart.o
                                      0xcb4a2 (size before relaxing)
 .debug_str     0x00000000000d8253      0x285 ./common/ThirdParty/FreeRTOS/list.o
                                       0xa9d3 (size before relaxing)
 .debug_str     0x00000000000d84d8      0x9e7 ./common/ThirdParty/FreeRTOS/queue.o
                                       0xce5e (size before relaxing)
 .debug_str     0x00000000000d8ebf     0x13b4 ./common/ThirdParty/FreeRTOS/tasks.o
                                       0xdbd7 (size before relaxing)
 .debug_str     0x00000000000da273      0x4e3 ./common/ThirdParty/FreeRTOS/timers.o
                                       0xd1de (size before relaxing)
 .debug_str     0x00000000000da756      0x79b ./common/ThirdParty/FreeRTOS/portable/GCC/ARM_CM4F/port.o
                                       0x94d3 (size before relaxing)
 .debug_str     0x00000000000daef1      0x330 ./common/ThirdParty/FreeRTOS/portable/MemMang/heap_4.o
                                       0xbe9c (size before relaxing)

.comment        0x0000000000000000       0x50
 .comment       0x0000000000000000       0x50 ./Core/Src/led_effect.o
                                         0x51 (size before relaxing)
 .comment       0x0000000000000050       0x51 ./Core/Src/main.o