../Core/Src/main.c:82:5:main	8	static
../Core/Src/main.c:132:6:SystemClock_Config	88	static
../Core/Src/main.c:190:13:MX_ADC1_Init	24	static
../Core/Src/main.c:242:13:MX_ETH_Init	8	static
../Core/Src/main.c:289:13:MX_I2C1_Init	8	static
../Core/Src/main.c:337:13:MX_SPI1_Init	8	static
../Core/Src/main.c:377:13:MX_USART3_UART_Init	8	static
../Core/Src/main.c:412:13:MX_USART6_UART_Init	8	static
../Core/Src/main.c:447:13:MX_USB_OTG_FS_PCD_Init	8	static
../Core/Src/main.c:482:13:MX_GPIO_Init	64	static
../Core/Src/main.c:626:6:Error_Handler	4	static,ignoring_inline_asm
