Archive member included to satisfy reference by file (symbol)

c:/st/stm32cubeide_1.8.0/stm32cubeide/plugins/com.st.stm32cube.ide.mcu.externaltools.gnu-tools-for-stm32.10.3-2021.10.win32_1.0.0.202111181127/tools/bin/../lib/gcc/arm-none-eabi/10.3.1/../../../../arm-none-eabi/lib/thumb/v7e-m+dp/hard\libc_nano.a(lib_a-errno.o)
                              ./Core/Src/syscalls.o (__errno)
c:/st/stm32cubeide_1.8.0/stm32cubeide/plugins/com.st.stm32cube.ide.mcu.externaltools.gnu-tools-for-stm32.10.3-2021.10.win32_1.0.0.202111181127/tools/bin/../lib/gcc/arm-none-eabi/10.3.1/../../../../arm-none-eabi/lib/thumb/v7e-m+dp/hard\libc_nano.a(lib_a-exit.o)
                              c:/st/stm32cubeide_1.8.0/stm32cubeide/plugins/com.st.stm32cube.ide.mcu.externaltools.gnu-tools-for-stm32.10.3-2021.10.win32_1.0.0.202111181127/tools/bin/../lib/gcc/arm-none-eabi/10.3.1/../../../../arm-none-eabi/lib/thumb/v7e-m+dp/hard/crt0.o (exit)
c:/st/stm32cubeide_1.8.0/stm32cubeide/plugins/com.st.stm32cube.ide.mcu.externaltools.gnu-tools-for-stm32.10.3-2021.10.win32_1.0.0.202111181127/tools/bin/../lib/gcc/arm-none-eabi/10.3.1/../../../../arm-none-eabi/lib/thumb/v7e-m+dp/hard\libc_nano.a(lib_a-impure.o)
                              c:/st/stm32cubeide_1.8.0/stm32cubeide/plugins/com.st.stm32cube.ide.mcu.externaltools.gnu-tools-for-stm32.10.3-2021.10.win32_1.0.0.202111181127/tools/bin/../lib/gcc/arm-none-eabi/10.3.1/../../../../arm-none-eabi/lib/thumb/v7e-m+dp/hard\libc_nano.a(lib_a-exit.o) (_global_impure_ptr)
c:/st/stm32cubeide_1.8.0/stm32cubeide/plugins/com.st.stm32cube.ide.mcu.externaltools.gnu-tools-for-stm32.10.3-2021.10.win32_1.0.0.202111181127/tools/bin/../lib/gcc/arm-none-eabi/10.3.1/../../../../arm-none-eabi/lib/thumb/v7e-m+dp/hard\libc_nano.a(lib_a-init.o)
                              c:/st/stm32cubeide_1.8.0/stm32cubeide/plugins/com.st.stm32cube.ide.mcu.externaltools.gnu-tools-for-stm32.10.3-2021.10.win32_1.0.0.202111181127/tools/bin/../lib/gcc/arm-none-eabi/10.3.1/../../../../arm-none-eabi/lib/thumb/v7e-m+dp/hard/crt0.o (__libc_init_array)
c:/st/stm32cubeide_1.8.0/stm32cubeide/plugins/com.st.stm32cube.ide.mcu.externaltools.gnu-tools-for-stm32.10.3-2021.10.win32_1.0.0.202111181127/tools/bin/../lib/gcc/arm-none-eabi/10.3.1/../../../../arm-none-eabi/lib/thumb/v7e-m+dp/hard\libc_nano.a(lib_a-memcpy-stub.o)
                              ./ThirdParty/FreeRTOS/queue.o (memcpy)
c:/st/stm32cubeide_1.8.0/stm32cubeide/plugins/com.st.stm32cube.ide.mcu.externaltools.gnu-tools-for-stm32.10.3-2021.10.win32_1.0.0.202111181127/tools/bin/../lib/gcc/arm-none-eabi/10.3.1/../../../../arm-none-eabi/lib/thumb/v7e-m+dp/hard\libc_nano.a(lib_a-memset.o)
                              c:/st/stm32cubeide_1.8.0/stm32cubeide/plugins/com.st.stm32cube.ide.mcu.externaltools.gnu-tools-for-stm32.10.3-2021.10.win32_1.0.0.202111181127/tools/bin/../lib/gcc/arm-none-eabi/10.3.1/../../../../arm-none-eabi/lib/thumb/v7e-m+dp/hard/crt0.o (memset)
c:/st/stm32cubeide_1.8.0/stm32cubeide/plugins/com.st.stm32cube.ide.mcu.externaltools.gnu-tools-for-stm32.10.3-2021.10.win32_1.0.0.202111181127/tools/bin/../lib/gcc/arm-none-eabi/10.3.1/../../../../arm-none-eabi/lib/thumb/v7e-m+dp/hard\libc_nano.a(lib_a-sprintf.o)
                              ./ThirdParty/FreeRTOS/tasks.o (sprintf)
c:/st/stm32cubeide_1.8.0/stm32cubeide/plugins/com.st.stm32cube.ide.mcu.externaltools.gnu-tools-for-stm32.10.3-2021.10.win32_1.0.0.202111181127/tools/bin/../lib/gcc/arm-none-eabi/10.3.1/../../../../arm-none-eabi/lib/thumb/v7e-m+dp/hard\libc_nano.a(lib_a-strcpy.o)
                              ./ThirdParty/FreeRTOS/tasks.o (strcpy)
c:/st/stm32cubeide_1.8.0/stm32cubeide/plugins/com.st.stm32cube.ide.mcu.externaltools.gnu-tools-for-stm32.10.3-2021.10.win32_1.0.0.202111181127/tools/bin/../lib/gcc/arm-none-eabi/10.3.1/../../../../arm-none-eabi/lib/thumb/v7e-m+dp/hard\libc_nano.a(lib_a-strlen.o)
                              ./Core/Src/DataPLC.o (strlen)
c:/st/stm32cubeide_1.8.0/stm32cubeide/plugins/com.st.stm32cube.ide.mcu.externaltools.gnu-tools-for-stm32.10.3-2021.10.win32_1.0.0.202111181127/tools/bin/../lib/gcc/arm-none-eabi/10.3.1/../../../../arm-none-eabi/lib/thumb/v7e-m+dp/hard\libc_nano.a(lib_a-nano-svfprintf.o)
                              c:/st/stm32cubeide_1.8.0/stm32cubeide/plugins/com.st.stm32cube.ide.mcu.externaltools.gnu-tools-for-stm32.10.3-2021.10.win32_1.0.0.202111181127/tools/bin/../lib/gcc/arm-none-eabi/10.3.1/../../../../arm-none-eabi/lib/thumb/v7e-m+dp/hard\libc_nano.a(lib_a-sprintf.o) (_svfprintf_r)
c:/st/stm32cubeide_1.8.0/stm32cubeide/plugins/com.st.stm32cube.ide.mcu.externaltools.gnu-tools-for-stm32.10.3-2021.10.win32_1.0.0.202111181127/tools/bin/../lib/gcc/arm-none-eabi/10.3.1/../../../../arm-none-eabi/lib/thumb/v7e-m+dp/hard\libc_nano.a(lib_a-nano-vfprintf_i.o)
[...]
Memory Configuration

Name             Origin             Length             Attributes
RAM              0x0000000020000000 0x0000000000080000 xrw
FLASH            0x0000000008000000 0x0000000000200000 xr
*default*        0x0000000000000000 0xffffffffffffffff

Linker script and memory map

LOAD c:/st/stm32cubeide_1.8.0/stm32cubeide/plugins/com.st.stm32cube.ide.mcu.externaltools.gnu-tools-for-stm32.10.3-2021.10.win32_1.0.0.202111181127/tools/bin/../lib/gcc/arm-none-eabi/10.3.1/thumb/v7e-m+dp/hard/crti.o
LOAD c:/st/stm32cubeide_1.8.0/stm32cubeide/plugins/com.st.stm32cube.ide.mcu.externaltools.gnu-tools-for-stm32.10.3-2021.10.win32_1.0.0.202111181127/tools/bin/../lib/gcc/arm-none-eabi/10.3.1/thumb/v7e-m+dp/hard/crtbegin.o
LOAD c:/st/stm32cubeide_1.8.0/stm32cubeide/plugins/com.st.stm32cube.ide.mcu.externaltools.gnu-tools-for-stm32.10.3-2021.10.win32_1.0.0.202111181127/tools/bin/../lib/gcc/arm-none-eabi/10.3.1/../../../../arm-none-eabi/lib/thumb/v7e-m+dp/hard/crt0.o
LOAD ./Core/Src/DataPLC.o
LOAD ./Core/Src/main.o
LOAD ./Core/Src/stm32f7xx_hal_msp.o
LOAD ./Core/Src/stm32f7xx_hal_timebase_tim.o
LOAD ./Core/Src/stm32f7xx_it.o
LOAD ./Core/Src/syscalls.o
LOAD ./Core/Src/sysmem.o
LOAD ./Core/Src/system_stm32f7xx.o
LOAD ./Core/Startup/startup_stm32f767zitx.o
LOAD ./Drivers/STM32F7xx_HAL_Driver/Src/stm32f7xx_hal.o
LOAD ./Drivers/STM32F7xx_HAL_Driver/Src/stm32f7xx_hal_cortex.o
LOAD ./Drivers/STM32F7xx_HAL_Driver/Src/stm32f7xx_hal_dma.o
LOAD ./Drivers/STM32F7xx_HAL_Driver/Src/stm32f7xx_hal_dma_ex.o
LOAD ./Drivers/STM32F7xx_HAL_Driver/Src/stm32f7xx_hal_exti.o
LOAD ./Drivers/STM32F7xx_HAL_Driver/Src/stm32f7xx_hal_flash.o
LOAD ./Drivers/STM32F7xx_HAL_Driver/Src/stm32f7xx_hal_flash_ex.o
LOAD ./Drivers/STM32F7xx_HAL_Driver/Src/stm32f7xx_hal_gpio.o
LOAD ./Drivers/STM32F7xx_HAL_Driver/Src/stm32f7xx_hal_i2c.o
LOAD ./Drivers/STM32F7xx_HAL_Driver/Src/stm32f7xx_hal_i2c_ex.o
LOAD ./Drivers/STM32F7xx_HAL_Driver/Src/stm32f7xx_hal_pwr.o
LOAD ./Drivers/STM32F7xx_HAL_Driver/Src/stm32f7xx_hal_pwr_ex.o
LOAD ./Drivers/STM32F7xx_HAL_Driver/Src/stm32f7xx_hal_rcc.o
LOAD ./Drivers/STM32F7xx_HAL_Driver/Src/stm32f7xx_hal_rcc_ex.o
LOAD ./Drivers/STM32F7xx_HAL_Driver/Src/stm32f7xx_hal_spi.o
LOAD ./Drivers/STM32F7xx_HAL_Driver/Src/stm32f7xx_hal_spi_ex.o
LOAD ./Drivers/STM32F7xx_HAL_Driver/Src/stm32f7xx_hal_tim.o
LOAD ./Drivers/STM32F7xx_HAL_Driver/Src/stm32f7xx_hal_tim_ex.o
LOAD ./Drivers/STM32F7xx_HAL_Driver/Src/stm32f7xx_hal_uart.o
LOAD ./Drivers/STM32F7xx_HAL_Driver/Src/stm32f7xx_hal_uart_ex.o
LOAD ./FATFS/App/fatfs.o
LOAD ./FATFS/Target/user_diskio.o
LOAD ./Middlewares/Third_Party/FatFs/src/diskio.o
LOAD ./Middlewares/Third_Party/FatFs/src/ff.o
LOAD ./Middlewares/Third_Party/FatFs/src/ff_gen_drv.o
LOAD ./Middlewares/Third_Party/FatFs/src/option/ccsbcs.o
LOAD ./Middlewares/Third_Party/FatFs/src/option/syscall.o
LOAD ./ThirdParty/FreeRTOS/croutine.o
LOAD ./ThirdParty/FreeRTOS/event_groups.o
LOAD ./ThirdParty/FreeRTOS/list.o
LOAD ./ThirdParty/FreeRTOS/queue.o
LOAD ./ThirdParty/FreeRTOS/stream_buffer.o
LOAD ./ThirdParty/FreeRTOS/tasks.o
LOAD ./ThirdParty/FreeRTOS/timers.o
LOAD ./ThirdParty/FreeRTOS/portable/GCC/ARM_CM7/r0p1/port.o
LOAD ./ThirdParty/FreeRTOS/portable/MemMang/heap_4.o
LOAD ./ThirdParty/RTC/src/rtc.o
LOAD ./ThirdParty/SD_CARD/Src/fatfs_sd.o
START GROUP
LOAD c:/st/stm32cubeide_1.8.0/stm32cubeide/plugins/com.st.stm32cube.ide.mcu.externaltools.gnu-tools-for-stm32.10.3-2021.10.win32_1.0.0.202111181127/tools/bin/../lib/gcc/arm-none-eabi/10.3.1/../../../../arm-none-eabi/lib/thumb/v7e-m+dp/hard\libc_nano.a
LOAD c:/st/stm32cubeide_1.8.0/stm32cubeide/plugins/com.st.stm32cube.ide.mcu.externaltools.gnu-tools-for-stm32.10.3-2021.10.win32_1.0.0.202111181127/tools/bin/../lib/gcc/arm-none-eabi/10.3.1/../../../../arm-none-eabi/lib/thumb/v7e-m+dp/hard\libm.a
END GROUP
START GROUP
LOAD c:/st/stm32cubeide_1.8.0/stm32cubeide/plugins/com.st.stm32cube.ide.mcu.externaltools.gnu-tools-for-stm32.10.3-2021.10.win32_1.0.0.202111181127/tools/bin/../lib/gcc/arm-none-eabi/10.3.1/thumb/v7e-m+dp/hard\libgcc.a
LOAD c:/st/stm32cubeide_1.8.0/stm32cubeide/plugins/com.st.stm32cube.ide.mcu.externaltools.gnu-tools-for-stm32.10.3-2021.10.win32_1.0.0.202111181127/tools/bin/../lib/gcc/arm-none-eabi/10.3.1/../../../../arm-none-eabi/lib/thumb/v7e-m+dp/hard\libc_nano.a
END GROUP
START GROUP
LOAD c:/st/stm32cubeide_1.8.0/stm32cubeide/plugins/com.st.stm32cube.ide.mcu.externaltools.gnu-tools-for-stm32.10.3-2021.10.win32_1.0.0.202111181127/tools/bin/../lib/gcc/arm-none-eabi/10.3.1/thumb/v7e-m+dp/hard\libgcc.a
LOAD c:/st/stm32cubeide_1.8.0/stm32cubeide/plugins/com.st.stm32cube.ide.mcu.externaltools.gnu-tools-for-stm32.10.3-2021.10.win32_1.0.0.202111181127/tools/bin/../lib/gcc/arm-none-eabi/10.3.1/../../../../arm-none-eabi/lib/thumb/v7e-m+dp/hard\libc_nano.a
LOAD c:/st/stm32cubeide_1.8.0/stm32cubeide/plugins/com.st.stm32cube.ide.mcu.externaltools.gnu-tools-for-stm32.10.3-2021.10.win32_1.0.0.202111181127/tools/bin/../lib/gcc/arm-none-eabi/10.3.1/../../../../arm-none-eabi/lib/thumb/v7e-m+dp/hard\libnosys.a
END GROUP
START GROUP
LOAD c:/st/stm32cubeide_1.8.0/stm32cubeide/plugins/com.st.stm32cube.ide.mcu.externaltools.gnu-tools-for-stm32.10.3-2021.10.win32_1.0.0.202111181127/tools/bin/../lib/gcc/arm-none-eabi/10.3.1/thumb/v7e-m+dp/hard\libgcc.a
LOAD c:/st/stm32cubeide_1.8.0/stm32cubeide/plugins/com.st.stm32cube.ide.mcu.externaltools.gnu-tools-for-stm32.10.3-2021.10.win32_1.0.0.202111181127/tools/bin/../lib/gcc/arm-none-eabi/10.3.1/../../../../arm-none-eabi/lib/thumb/v7e-m+dp/hard\libc_nano.a
LOAD c:/st/stm32cubeide_1.8.0/stm32cubeide/plugins/com.st.stm32cube.ide.mcu.externaltools.gnu-tools-for-stm32.10.3-2021.10.win32_1.0.0.202111181127/tools/bin/../lib/gcc/arm-none-eabi/10.3.1/../../../../arm-none-eabi/lib/thumb/v7e-m+dp/hard\libnosys.a
END GROUP
LOAD c:/st/stm32cubeide_1.8.0/stm32cubeide/plugins/com.st.stm32cube.ide.mcu.externaltools.gnu-tools-for-stm32.10.3-2021.10.win32_1.0.0.202111181127/tools/bin/../lib/gcc/arm-none-eabi/10.3.1/thumb/v7e-m+dp/hard/crtend.o
LOAD c:/st/stm32cubeide_1.8.0/stm32cubeide/plugins/com.st.stm32cube.ide.mcu.externaltools.gnu-tools-for-stm32.10.3-2021.10.win32_1.0.0.202111181127/tools/bin/../lib/gcc/arm-none-eabi/10.3.1/thumb/v7e-m+dp/hard/crtn.o
                0x0000000020080000                _estack = (ORIGIN (RAM) + LENGTH (RAM))
                0x0000000000000200                _Min_Heap_Size = 0x200
                0x0000000000000400                _Min_Stack_Size = 0x400

.isr_vector     0x0000000008000000      0x1f8
                0x0000000008000000                . = ALIGN (0x4)
 *(.isr_vector)
 .isr_vector    0x0000000008000000      0x1f8 ./Core/Startup/startup_stm32f767zitx.o
                0x0000000008000000                g_pfnVectors
                0x00000000080001f8                . = ALIGN (0x4)

.text           0x0000000008000200     0x87ec
                0x0000000008000200                . = ALIGN (0x4)
 *(.text)
 .text          0x0000000008000200       0x40 c:/st/stm32cubeide_1.8.0/stm32cubeide/plugins/com.st.stm32cube.ide.mcu.externaltools.gnu-tools-for-stm32.10.3-2021.10.win32_1.0.0.202111181127/tools/bin/../lib/gcc/arm-none-eabi/10.3.1/thumb/v7e-m+dp/hard/crtbegin.o
 .text          0x0000000008000240       0x30 c:/st/stm32cubeide_1.8.0/stm32cubeide/plugins/com.st.stm32cube.ide.mcu.externaltools.gnu-tools-for-stm32.10.3-2021.10.win32_1.0.0.202111181127/tools/bin/../lib/gcc/arm-none-eabi/10.3.1/thumb/v7e-m+dp/hard\libgcc.a(_aeabi_uldivmod.o)
                0x0000000008000240                __aeabi_uldivmod
 .text          0x0000000008000270      0x2d0 c:/st/stm32cubeide_1.8.0/stm32cubeide/plugins/com.st.stm32cube.ide.mcu.externaltools.gnu-tools-for-stm32.10.3-2021.10.win32_1.0.0.202111181127/tools/bin/../lib/gcc/arm-none-eabi/10.3.1/thumb/v7e-m+dp/hard\libgcc.a(_udivmoddi4.o)
                0x0000000008000270                __udivmoddi4
 .text          0x0000000008000540        0x4 c:/st/stm32cubeide_1.8.0/stm32cubeide/plugins/com.st.stm32cube.ide.mcu.externaltools.gnu-tools-for-stm32.10.3-2021.10.win32_1.0.0.202111181127/tools/bin/../lib/gcc/arm-none-eabi/10.3.1/thumb/v7e-m+dp/hard\libgcc.a(_dvmd_tls.o)
                0x0000000008000540                __aeabi_idiv0
                0x0000000008000540                __aeabi_ldiv0
 *(.text*)
 .text.read_Pin_Input
                0x0000000008000544       0x24 ./Core/Src/DataPLC.o
                0x0000000008000544                read_Pin_Input
 .text.write_Pin_Output
                0x0000000008000568       0x7c ./Core/Src/DataPLC.o
                0x0000000008000568                write_Pin_Output
 .text.Main_task
                0x00000000080005e4      0x41c ./Core/Src/DataPLC.o
                0x00000000080005e4                Main_task
 .text.TimerCallBack
                0x0000000008000a00       0x30 ./Core/Src/DataPLC.o
                0x0000000008000a00                TimerCallBack
 .text.initTimer
                0x0000000008000a30       0x30 ./Core/Src/DataPLC.o
                0x0000000008000a30                initTimer
 .text.Start_task
                0x0000000008000a60       0x14 ./Core/Src/DataPLC.o
                0x0000000008000a60                Start_task
 .text.Send_task
                0x0000000008000a74       0x14 ./Core/Src/DataPLC.o
                0x0000000008000a74                Send_task
 .text.Setting_task
                0x0000000008000a88       0x14 ./Core/Src/DataPLC.o
                0x0000000008000a88                Setting_task
 .text.main     0x0000000008000a9c      0x130 ./Core/Src/main.o
                0x0000000008000a9c                main
 .text.SystemClock_Config
                0x0000000008000bcc       0xdc ./Core/Src/main.o
                0x0000000008000bcc                SystemClock_Config
 .text.MX_I2C1_Init
                0x0000000008000ca8       0x80 ./Core/Src/main.o
 .text.MX_SPI1_Init
                0x0000000008000d28       0x7c ./Core/Src/main.o
 .text.MX_USART3_UART_Init
                0x0000000008000da4       0x60 ./Core/Src/main.o
 .text.MX_GPIO_Init
                0x0000000008000e04      0x274 ./Core/Src/main.o
 .text.vAssertCalled
                0x0000000008001078       0x28 ./Core/Src/main.o
                0x0000000008001078                vAssertCalled
 .text.HAL_UART_RxCpltCallback
                0x00000000080010a0       0x14 ./Core/Src/main.o
                0x00000000080010a0                HAL_UART_RxCpltCallback
 .text.HAL_TIM_PeriodElapsedCallback
                0x00000000080010b4       0x24 ./Core/Src/main.o
                0x00000000080010b4                HAL_TIM_PeriodElapsedCallback
 .text.Error_Handler
                0x00000000080010d8        0xa ./Core/Src/main.o
                0x00000000080010d8                Error_Handler
 *fill*         0x00000000080010e2        0x2 
 .text.HAL_MspInit
                0x00000000080010e4       0x48 ./Core/Src/stm32f7xx_hal_msp.o
                0x00000000080010e4                HAL_MspInit
 .text.HAL_I2C_MspInit
                0x000000000800112c       0xc0 ./Core/Src/stm32f7xx_hal_msp.o
                0x000000000800112c                HAL_I2C_MspInit
 .text.HAL_SPI_MspInit
                0x00000000080011ec       0xc4 ./Core/Src/stm32f7xx_hal_msp.o
                0x00000000080011ec                HAL_SPI_MspInit
 .text.HAL_UART_MspInit
                0x00000000080012b0       0xd0 ./Core/Src/stm32f7xx_hal_msp.o
                0x00000000080012b0                HAL_UART_MspInit
 .text.HAL_InitTick
                0x0000000008001380       0xb0 ./Core/Src/stm32f7xx_hal_timebase_tim.o
                0x0000000008001380                HAL_InitTick
 .text.SDTimer_Handler
                0x0000000008001430       0x48 ./Core/Src/stm32f7xx_it.o
                0x0000000008001430                SDTimer_Handler
 .text.NMI_Handler
                0x0000000008001478        0x6 ./Core/Src/stm32f7xx_it.o
                0x0000000008001478                NMI_Handler
 .text.HardFault_Handler
                0x000000000800147e        0x6 ./Core/Src/stm32f7xx_it.o
                0x000000000800147e                HardFault_Handler
 .text.MemManage_Handler
                0x0000000008001484        0x6 ./Core/Src/stm32f7xx_it.o
                0x0000000008001484                MemManage_Handler
 .text.BusFault_Handler
                0x000000000800148a        0x6 ./Core/Src/stm32f7xx_it.o
                0x000000000800148a                BusFault_Handler
 .text.UsageFault_Handler
                0x0000000008001490        0x6 ./Core/Src/stm32f7xx_it.o
                0x0000000008001490                UsageFault_Handler
 .text.DebugMon_Handler
                0x0000000008001496        0xe ./Core/Src/stm32f7xx_it.o
                0x0000000008001496                DebugMon_Handler
 .text.USART3_IRQHandler
                0x00000000080014a4       0x14 ./Core/Src/stm32f7xx_it.o
                0x00000000080014a4                USART3_IRQHandler
 .text.TIM6_DAC_IRQHandler
                0x00000000080014b8       0x38 ./Core/Src/stm32f7xx_it.o
                0x00000000080014b8                TIM6_DAC_IRQHandler
 .text.SystemInit
                0x00000000080014f0       0x24 ./Core/Src/system_stm32f7xx.o
                0x00000000080014f0                SystemInit
 .text.Reset_Handler
                0x0000000008001514       0x50 ./Core/Startup/startup_stm32f767zitx.o
                0x0000000008001514                Reset_Handler
 .text.Default_Handler
                0x0000000008001564        0x2 ./Core/Startup/startup_stm32f767zitx.o
                0x0000000008001564                RTC_Alarm_IRQHandler
                0x0000000008001564                EXTI2_IRQHandler
                0x0000000008001564                TIM8_CC_IRQHandler
                0x0000000008001564                UART8_IRQHandler
                0x0000000008001564                SPI4_IRQHandler
                0x0000000008001564                TIM1_CC_IRQHandler
                0x0000000008001564                DMA2_Stream5_IRQHandler
                0x0000000008001564                JPEG_IRQHandler
                0x0000000008001564                DMA1_Stream5_IRQHandler
                0x0000000008001564                CAN3_RX1_IRQHandler
                0x0000000008001564                PVD_IRQHandler
                0x0000000008001564                TAMP_STAMP_IRQHandler
                0x0000000008001564                CAN2_RX1_IRQHandler
                0x0000000008001564                EXTI3_IRQHandler
                0x0000000008001564                TIM8_TRG_COM_TIM14_IRQHandler
                0x0000000008001564                DFSDM1_FLT1_IRQHandler
                0x0000000008001564                TIM1_UP_TIM10_IRQHandler
                0x0000000008001564                TIM8_UP_TIM13_IRQHandler
                0x0000000008001564                I2C3_ER_IRQHandler
                0x0000000008001564                DFSDM1_FLT2_IRQHandler
                0x0000000008001564                EXTI0_IRQHandler
                0x0000000008001564                I2C2_EV_IRQHandler
                0x0000000008001564                DMA1_Stream2_IRQHandler
                0x0000000008001564                CAN1_RX0_IRQHandler
                0x0000000008001564                FPU_IRQHandler
                0x0000000008001564                OTG_HS_WKUP_IRQHandler
                0x0000000008001564                CAN3_SCE_IRQHandler
                0x0000000008001564                LTDC_ER_IRQHandler
                0x0000000008001564                CAN2_SCE_IRQHandler
                0x0000000008001564                DMA2_Stream2_IRQHandler
                0x0000000008001564                SPI1_IRQHandler
                0x0000000008001564                TIM1_BRK_TIM9_IRQHandler
                0x0000000008001564                DCMI_IRQHandler
                0x0000000008001564                CAN2_RX0_IRQHandler
                0x0000000008001564                DMA2_Stream3_IRQHandler
                0x0000000008001564                SAI2_IRQHandler
                0x0000000008001564                DFSDM1_FLT3_IRQHandler
                0x0000000008001564                USART6_IRQHandler
                0x0000000008001564                CAN3_RX0_IRQHandler
                0x0000000008001564                CAN1_RX1_IRQHandler
                0x0000000008001564                UART5_IRQHandler
                0x0000000008001564                DMA2_Stream0_IRQHandler
                0x0000000008001564                TIM4_IRQHandler
                0x0000000008001564                QUADSPI_IRQHandler
                0x0000000008001564                I2C1_EV_IRQHandler
                0x0000000008001564                DMA1_Stream6_IRQHandler
                0x0000000008001564                DMA1_Stream1_IRQHandler
                0x0000000008001564                UART4_IRQHandler
                0x0000000008001564                TIM3_IRQHandler
                0x0000000008001564                RCC_IRQHandler
                0x0000000008001564                TIM8_BRK_TIM12_IRQHandler
                0x0000000008001564                Default_Handler
                0x0000000008001564                CEC_IRQHandler
                0x0000000008001564                EXTI15_10_IRQHandler
                0x0000000008001564                ADC_IRQHandler
                0x0000000008001564                DMA1_Stream7_IRQHandler
                0x0000000008001564                SPI5_IRQHandler
                0x0000000008001564                TIM7_IRQHandler
                0x0000000008001564                SDMMC1_IRQHandler
                0x0000000008001564                CAN2_TX_IRQHandler
                0x0000000008001564                TIM5_IRQHandler
                0x0000000008001564                DMA2_Stream7_IRQHandler
                0x0000000008001564                I2C3_EV_IRQHandler
                0x0000000008001564                EXTI9_5_IRQHandler
                0x0000000008001564                RTC_WKUP_IRQHandler
                0x0000000008001564                LTDC_IRQHandler
                0x0000000008001564                ETH_WKUP_IRQHandler
                0x0000000008001564                SPDIF_RX_IRQHandler
                0x0000000008001564                SPI2_IRQHandler
                0x0000000008001564                OTG_HS_EP1_IN_IRQHandler
                0x0000000008001564                DMA1_Stream0_IRQHandler
                0x0000000008001564                CAN1_TX_IRQHandler
                0x0000000008001564                EXTI4_IRQHandler
                0x0000000008001564                RNG_IRQHandler
                0x0000000008001564                ETH_IRQHandler
                0x0000000008001564                OTG_HS_EP1_OUT_IRQHandler
                0x0000000008001564                WWDG_IRQHandler
                0x0000000008001564                SPI6_IRQHandler
                0x0000000008001564                MDIOS_IRQHandler
                0x0000000008001564                I2C4_EV_IRQHandler
                0x0000000008001564                CAN3_TX_IRQHandler
                0x0000000008001564                TIM2_IRQHandler
                0x0000000008001564                OTG_FS_WKUP_IRQHandler
                0x0000000008001564                TIM1_TRG_COM_TIM11_IRQHandler
                0x0000000008001564                OTG_HS_IRQHandler
                0x0000000008001564                DMA2D_IRQHandler
                0x0000000008001564                EXTI1_IRQHandler
                0x0000000008001564                SDMMC2_IRQHandler
                0x0000000008001564                UART7_IRQHandler
                0x0000000008001564                USART2_IRQHandler
                0x0000000008001564                DFSDM1_FLT0_IRQHandler
                0x0000000008001564                I2C2_ER_IRQHandler
                0x0000000008001564                DMA2_Stream1_IRQHandler
                0x0000000008001564                CAN1_SCE_IRQHandler
                0x0000000008001564                FLASH_IRQHandler
                0x0000000008001564                DMA2_Stream4_IRQHandler
                0x0000000008001564                USART1_IRQHandler
                0x0000000008001564                OTG_FS_IRQHandler
                0x0000000008001564                SPI3_IRQHandler
                0x0000000008001564                DMA1_Stream4_IRQHandler
                0x0000000008001564                I2C1_ER_IRQHandler
                0x0000000008001564                FMC_IRQHandler
                0x0000000008001564                LPTIM1_IRQHandler
                0x0000000008001564                I2C4_ER_IRQHandler
                0x0000000008001564                DMA2_Stream6_IRQHandler
                0x0000000008001564                SAI1_IRQHandler
                0x0000000008001564                DMA1_Stream3_IRQHandler
 .text.HAL_Init
                0x0000000008001566       0x1a ./Drivers/STM32F7xx_HAL_Driver/Src/stm32f7xx_hal.o
                0x0000000008001566                HAL_Init
 .text.HAL_IncTick
                0x0000000008001580       0x28 ./Drivers/STM32F7xx_HAL_Driver/Src/stm32f7xx_hal.o
                0x0000000008001580                HAL_IncTick
 .text.HAL_GetTick
                0x00000000080015a8       0x18 ./Drivers/STM32F7xx_HAL_Driver/Src/stm32f7xx_hal.o
                0x00000000080015a8                HAL_GetTick
 .text.__NVIC_SetPriorityGrouping
                0x00000000080015c0       0x48 ./Drivers/STM32F7xx_HAL_Driver/Src/stm32f7xx_hal_cortex.o
 .text.__NVIC_GetPriorityGrouping
                0x0000000008001608       0x1c ./Drivers/STM32F7xx_HAL_Driver/Src/stm32f7xx_hal_cortex.o
 .text.__NVIC_EnableIRQ
                0x0000000008001624       0x3c ./Drivers/STM32F7xx_HAL_Driver/Src/stm32f7xx_hal_cortex.o
 .text.__NVIC_SetPriority
                0x0000000008001660       0x54 ./Drivers/STM32F7xx_HAL_Driver/Src/stm32f7xx_hal_cortex.o
 .text.NVIC_EncodePriority
                0x00000000080016b4       0x66 ./Drivers/STM32F7xx_HAL_Driver/Src/stm32f7xx_hal_cortex.o
 .text.HAL_NVIC_SetPriorityGrouping
                0x000000000800171a       0x16 ./Drivers/STM32F7xx_HAL_Driver/Src/stm32f7xx_hal_cortex.o
                0x000000000800171a                HAL_NVIC_SetPriorityGrouping
 .text.HAL_NVIC_SetPriority
                0x0000000008001730       0x38 ./Drivers/STM32F7xx_HAL_Driver/Src/stm32f7xx_hal_cortex.o
                0x0000000008001730                HAL_NVIC_SetPriority
 .text.HAL_NVIC_EnableIRQ
                0x0000000008001768       0x1c ./Drivers/STM32F7xx_HAL_Driver/Src/stm32f7xx_hal_cortex.o
                0x0000000008001768                HAL_NVIC_EnableIRQ
 .text.HAL_DMA_Abort
                0x0000000008001784       0xe0 ./Drivers/STM32F7xx_HAL_Driver/Src/stm32f7xx_hal_dma.o
                0x0000000008001784                HAL_DMA_Abort
 .text.HAL_DMA_Abort_IT
                0x0000000008001864       0x44 ./Drivers/STM32F7xx_HAL_Driver/Src/stm32f7xx_hal_dma.o
                0x0000000008001864                HAL_DMA_Abort_IT
 .text.HAL_GPIO_Init
                0x00000000080018a8      0x358 ./Drivers/STM32F7xx_HAL_Driver/Src/stm32f7xx_hal_gpio.o
                0x00000000080018a8                HAL_GPIO_Init
 .text.HAL_GPIO_ReadPin
                0x0000000008001c00       0x30 ./Drivers/STM32F7xx_HAL_Driver/Src/stm32f7xx_hal_gpio.o
                0x0000000008001c00                HAL_GPIO_ReadPin
 .text.HAL_GPIO_WritePin
                0x0000000008001c30       0x32 ./Drivers/STM32F7xx_HAL_Driver/Src/stm32f7xx_hal_gpio.o
                0x0000000008001c30                HAL_GPIO_WritePin
 *fill*         0x0000000008001c62        0x2 
 .text.HAL_I2C_Init
                0x0000000008001c64      0x120 ./Drivers/STM32F7xx_HAL_Driver/Src/stm32f7xx_hal_i2c.o
                0x0000000008001c64                HAL_I2C_Init
 .text.HAL_I2CEx_ConfigAnalogFilter
                0x0000000008001d84       0x96 ./Drivers/STM32F7xx_HAL_Driver/Src/stm32f7xx_hal_i2c_ex.o
                0x0000000008001d84                HAL_I2CEx_ConfigAnalogFilter
 .text.HAL_I2CEx_ConfigDigitalFilter
                0x0000000008001e1a       0x98 ./Drivers/STM32F7xx_HAL_Driver/Src/stm32f7xx_hal_i2c_ex.o
                0x0000000008001e1a                HAL_I2CEx_ConfigDigitalFilter
 *fill*         0x0000000008001eb2        0x2 
 .text.HAL_PWREx_EnableOverDrive
                0x0000000008001eb4       0xa0 ./Drivers/STM32F7xx_HAL_Driver/Src/stm32f7xx_hal_pwr_ex.o
                0x0000000008001eb4                HAL_PWREx_EnableOverDrive
 .text.HAL_RCC_OscConfig
                0x0000000008001f54      0x55c ./Drivers/STM32F7xx_HAL_Driver/Src/stm32f7xx_hal_rcc.o
                0x0000000008001f54                HAL_RCC_OscConfig
 .text.HAL_RCC_ClockConfig
                0x00000000080024b0      0x1d8 ./Drivers/STM32F7xx_HAL_Driver/Src/stm32f7xx_hal_rcc.o
                0x00000000080024b0                HAL_RCC_ClockConfig
 .text.HAL_RCC_GetSysClockFreq
                0x0000000008002688      0x208 ./Drivers/STM32F7xx_HAL_Driver/Src/stm32f7xx_hal_rcc.o
                0x0000000008002688                HAL_RCC_GetSysClockFreq
 .text.HAL_RCC_GetHCLKFreq
                0x0000000008002890       0x18 ./Drivers/STM32F7xx_HAL_Driver/Src/stm32f7xx_hal_rcc.o
                0x0000000008002890                HAL_RCC_GetHCLKFreq
 .text.HAL_RCC_GetPCLK1Freq
                0x00000000080028a8       0x28 ./Drivers/STM32F7xx_HAL_Driver/Src/stm32f7xx_hal_rcc.o
                0x00000000080028a8                HAL_RCC_GetPCLK1Freq
 .text.HAL_RCC_GetPCLK2Freq
                0x00000000080028d0       0x28 ./Drivers/STM32F7xx_HAL_Driver/Src/stm32f7xx_hal_rcc.o
                0x00000000080028d0                HAL_RCC_GetPCLK2Freq
 .text.HAL_RCC_GetClockConfig
                0x00000000080028f8       0x64 ./Drivers/STM32F7xx_HAL_Driver/Src/stm32f7xx_hal_rcc.o
                0x00000000080028f8                HAL_RCC_GetClockConfig
 .text.HAL_RCCEx_PeriphCLKConfig
                0x000000000800295c      0x850 ./Drivers/STM32F7xx_HAL_Driver/Src/stm32f7xx_hal_rcc_ex.o
                0x000000000800295c                HAL_RCCEx_PeriphCLKConfig
 .text.HAL_SPI_Init
                0x00000000080031ac      0x156 ./Drivers/STM32F7xx_HAL_Driver/Src/stm32f7xx_hal_spi.o
                0x00000000080031ac                HAL_SPI_Init
 .text.HAL_SPI_Transmit
                0x0000000008003302      0x2dc ./Drivers/STM32F7xx_HAL_Driver/Src/stm32f7xx_hal_spi.o
                0x0000000008003302                HAL_SPI_Transmit
 .text.HAL_SPI_TransmitReceive
                0x00000000080035de      0x426 ./Drivers/STM32F7xx_HAL_Driver/Src/stm32f7xx_hal_spi.o
                0x00000000080035de                HAL_SPI_TransmitReceive
 .text.HAL_SPI_GetState
                0x0000000008003a04       0x1c ./Drivers/STM32F7xx_HAL_Driver/Src/stm32f7xx_hal_spi.o
                0x0000000008003a04                HAL_SPI_GetState
 .text.SPI_WaitFlagStateUntilTimeout
                0x0000000008003a20      0x110 ./Drivers/STM32F7xx_HAL_Driver/Src/stm32f7xx_hal_spi.o
 .text.SPI_WaitFifoStateUntilTimeout
                0x0000000008003b30      0x12c ./Drivers/STM32F7xx_HAL_Driver/Src/stm32f7xx_hal_spi.o
 .text.SPI_EndRxTxTransaction
                0x0000000008003c5c       0xd4 ./Drivers/STM32F7xx_HAL_Driver/Src/stm32f7xx_hal_spi.o
 .text.HAL_TIM_Base_Init
                0x0000000008003d30       0xae ./Drivers/STM32F7xx_HAL_Driver/Src/stm32f7xx_hal_tim.o
                0x0000000008003d30                HAL_TIM_Base_Init
 .text.HAL_TIM_Base_MspInit
                0x0000000008003dde       0x14 ./Drivers/STM32F7xx_HAL_Driver/Src/stm32f7xx_hal_tim.o
                0x0000000008003dde                HAL_TIM_Base_MspInit
 *fill*         0x0000000008003df2        0x2 
 .text.HAL_TIM_Base_Start_IT
                0x0000000008003df4       0xf0 ./Drivers/STM32F7xx_HAL_Driver/Src/stm32f7xx_hal_tim.o
                0x0000000008003df4                HAL_TIM_Base_Start_IT
 .text.HAL_TIM_IRQHandler
                0x0000000008003ee4      0x23e ./Drivers/STM32F7xx_HAL_Driver/Src/stm32f7xx_hal_tim.o
                0x0000000008003ee4                HAL_TIM_IRQHandler
 .text.HAL_TIM_OC_DelayElapsedCallback
                0x0000000008004122       0x14 ./Drivers/STM32F7xx_HAL_Driver/Src/stm32f7xx_hal_tim.o
                0x0000000008004122                HAL_TIM_OC_DelayElapsedCallback
 .text.HAL_TIM_IC_CaptureCallback
                0x0000000008004136       0x14 ./Drivers/STM32F7xx_HAL_Driver/Src/stm32f7xx_hal_tim.o
                0x0000000008004136                HAL_TIM_IC_CaptureCallback
 .text.HAL_TIM_PWM_PulseFinishedCallback
                0x000000000800414a       0x14 ./Drivers/STM32F7xx_HAL_Driver/Src/stm32f7xx_hal_tim.o
                0x000000000800414a                HAL_TIM_PWM_PulseFinishedCallback
 .text.HAL_TIM_TriggerCallback
                0x000000000800415e       0x14 ./Drivers/STM32F7xx_HAL_Driver/Src/stm32f7xx_hal_tim.o
                0x000000000800415e                HAL_TIM_TriggerCallback
 *fill*         0x0000000008004172        0x2 
 .text.TIM_Base_SetConfig
                0x0000000008004174      0x140 ./Drivers/STM32F7xx_HAL_Driver/Src/stm32f7xx_hal_tim.o
                0x0000000008004174                TIM_Base_SetConfig
 .text.HAL_TIMEx_CommutCallback
                0x00000000080042b4       0x14 ./Drivers/STM32F7xx_HAL_Driver/Src/stm32f7xx_hal_tim_ex.o
                0x00000000080042b4                HAL_TIMEx_CommutCallback
 .text.HAL_TIMEx_BreakCallback
                0x00000000080042c8       0x14 ./Drivers/STM32F7xx_HAL_Driver/Src/stm32f7xx_hal_tim_ex.o
                0x00000000080042c8                HAL_TIMEx_BreakCallback
 .text.HAL_TIMEx_Break2Callback
                0x00000000080042dc       0x14 ./Drivers/STM32F7xx_HAL_Driver/Src/stm32f7xx_hal_tim_ex.o
                0x00000000080042dc                HAL_TIMEx_Break2Callback
 .text.HAL_UART_Init
                0x00000000080042f0       0x9c ./Drivers/STM32F7xx_HAL_Driver/Src/stm32f7xx_hal_uart.o
                0x00000000080042f0                HAL_UART_Init
 .text.HAL_UART_Receive_IT
                0x000000000800438c       0x9c ./Drivers/STM32F7xx_HAL_Driver/Src/stm32f7xx_hal_uart.o
                0x000000000800438c                HAL_UART_Receive_IT
 .text.HAL_UART_IRQHandler
                0x0000000008004428      0x5c0 ./Drivers/STM32F7xx_HAL_Driver/Src/stm32f7xx_hal_uart.o
                0x0000000008004428                HAL_UART_IRQHandler
 .text.HAL_UART_TxCpltCallback
                0x00000000080049e8       0x14 ./Drivers/STM32F7xx_HAL_Driver/Src/stm32f7xx_hal_uart.o
                0x00000000080049e8                HAL_UART_TxCpltCallback
 .text.HAL_UART_ErrorCallback
                0x00000000080049fc       0x14 ./Drivers/STM32F7xx_HAL_Driver/Src/stm32f7xx_hal_uart.o
                0x00000000080049fc                HAL_UART_ErrorCallback
 .text.HAL_UARTEx_RxEventCallback
                0x0000000008004a10       0x18 ./Drivers/STM32F7xx_HAL_Driver/Src/stm32f7xx_hal_uart.o
                0x0000000008004a10                HAL_UARTEx_RxEventCallback
 .text.HAL_UARTEx_WakeupCallback
                0x0000000008004a28       0x14 ./Drivers/STM32F7xx_HAL_Driver/Src/stm32f7xx_hal_uart.o
                0x0000000008004a28                HAL_UARTEx_WakeupCallback
 .text.UART_SetConfig
                0x0000000008004a3c      0x4c8 ./Drivers/STM32F7xx_HAL_Driver/Src/stm32f7xx_hal_uart.o
                0x0000000008004a3c                UART_SetConfig
 .text.UART_AdvFeatureConfig
                0x0000000008004f04      0x144 ./Drivers/STM32F7xx_HAL_Driver/Src/stm32f7xx_hal_uart.o
                0x0000000008004f04                UART_AdvFeatureConfig
 .text.UART_CheckIdleState
                0x0000000008005048       0x92 ./Drivers/STM32F7xx_HAL_Driver/Src/stm32f7xx_hal_uart.o
                0x0000000008005048                UART_CheckIdleState
 .text.UART_WaitOnFlagUntilTimeout
                0x00000000080050da      0x188 ./Drivers/STM32F7xx_HAL_Driver/Src/stm32f7xx_hal_uart.o
                0x00000000080050da                UART_WaitOnFlagUntilTimeout
 *fill*         0x0000000008005262        0x2 
 .text.UART_Start_Receive_IT
                0x0000000008005264      0x194 ./Drivers/STM32F7xx_HAL_Driver/Src/stm32f7xx_hal_uart.o
                0x0000000008005264                UART_Start_Receive_IT
 .text.UART_EndRxTransfer
                0x00000000080053f8       0xc6 ./Drivers/STM32F7xx_HAL_Driver/Src/stm32f7xx_hal_uart.o
 .text.UART_DMAAbortOnError
                0x00000000080054be       0x2c ./Drivers/STM32F7xx_HAL_Driver/Src/stm32f7xx_hal_uart.o
 .text.UART_EndTransmit_IT
                0x00000000080054ea       0x54 ./Drivers/STM32F7xx_HAL_Driver/Src/stm32f7xx_hal_uart.o
 .text.UART_RxISR_8BIT
                0x000000000800553e      0x15c ./Drivers/STM32F7xx_HAL_Driver/Src/stm32f7xx_hal_uart.o
 .text.UART_RxISR_16BIT
                0x000000000800569a      0x15c ./Drivers/STM32F7xx_HAL_Driver/Src/stm32f7xx_hal_uart.o
 *fill*         0x00000000080057f6        0x2 
 .text.MX_FATFS_Init
                0x00000000080057f8       0x24 ./FATFS/App/fatfs.o
                0x00000000080057f8                MX_FATFS_Init
 .text.USER_initialize
                0x000000000800581c       0x1c ./FATFS/Target/user_diskio.o
                0x000000000800581c                USER_initialize
 .text.USER_status
                0x0000000008005838       0x1c ./FATFS/Target/user_diskio.o
                0x0000000008005838                USER_status
 .text.USER_read
                0x0000000008005854       0x26 ./FATFS/Target/user_diskio.o
                0x0000000008005854                USER_read
 .text.USER_write
                0x000000000800587a       0x26 ./FATFS/Target/user_diskio.o
                0x000000000800587a                USER_write
 .text.USER_ioctl
                0x00000000080058a0       0x26 ./FATFS/Target/user_diskio.o
                0x00000000080058a0                USER_ioctl
 *fill*         0x00000000080058c6        0x2 
 .text.FATFS_LinkDriverEx
                0x00000000080058c8       0x98 ./Middlewares/Third_Party/FatFs/src/ff_gen_drv.o
                0x00000000080058c8                FATFS_LinkDriverEx
 .text.FATFS_LinkDriver
                0x0000000008005960       0x1e ./Middlewares/Third_Party/FatFs/src/ff_gen_drv.o
                0x0000000008005960                FATFS_LinkDriver
 .text.vListInitialise
                0x000000000800597e       0x40 ./ThirdParty/FreeRTOS/list.o
                0x000000000800597e                vListInitialise
 .text.vListInitialiseItem
                0x00000000080059be       0x1a ./ThirdParty/FreeRTOS/list.o
                0x00000000080059be                vListInitialiseItem
 .text.vListInsertEnd
                0x00000000080059d8       0x48 ./ThirdParty/FreeRTOS/list.o
                0x00000000080059d8                vListInsertEnd
 .text.vListInsert
                0x0000000008005a20       0x72 ./ThirdParty/FreeRTOS/list.o
                0x0000000008005a20                vListInsert
 .text.uxListRemove
                0x0000000008005a92       0x54 ./ThirdParty/FreeRTOS/list.o
                0x0000000008005a92                uxListRemove
 *fill*         0x0000000008005ae6        0x2 
 .text.xQueueGenericReset
                0x0000000008005ae8       0xc8 ./ThirdParty/FreeRTOS/queue.o
                0x0000000008005ae8                xQueueGenericReset
 .text.xQueueGenericCreate
                0x0000000008005bb0       0xa0 ./ThirdParty/FreeRTOS/queue.o
                0x0000000008005bb0                xQueueGenericCreate
 .text.prvInitialiseNewQueue
                0x0000000008005c50       0x46 ./ThirdParty/FreeRTOS/queue.o
 *fill*         0x0000000008005c96        0x2 
 .text.xQueueGenericSend
                0x0000000008005c98      0x1d0 ./ThirdParty/FreeRTOS/queue.o
                0x0000000008005c98                xQueueGenericSend
 .text.xQueueGenericSendFromISR
                0x0000000008005e68      0x12c ./ThirdParty/FreeRTOS/queue.o
                0x0000000008005e68                xQueueGenericSendFromISR
 .text.xQueueReceive
                0x0000000008005f94      0x1a0 ./ThirdParty/FreeRTOS/queue.o
                0x0000000008005f94                xQueueReceive
 .text.prvCopyDataToQueue
                0x0000000008006134       0xd4 ./ThirdParty/FreeRTOS/queue.o
 .text.prvCopyDataFromQueue
                0x0000000008006208       0x4c ./ThirdParty/FreeRTOS/queue.o
 .text.prvUnlockQueue
                0x0000000008006254       0xa4 ./ThirdParty/FreeRTOS/queue.o
 .text.prvIsQueueEmpty
                0x00000000080062f8       0x2c ./ThirdParty/FreeRTOS/queue.o
 .text.prvIsQueueFull
                0x0000000008006324       0x30 ./ThirdParty/FreeRTOS/queue.o
 .text.vQueueAddToRegistry
                0x0000000008006354       0x54 ./ThirdParty/FreeRTOS/queue.o
                0x0000000008006354                vQueueAddToRegistry
 .text.vQueueWaitForMessageRestricted
                0x00000000080063a8       0x68 ./ThirdParty/FreeRTOS/queue.o
                0x00000000080063a8                vQueueWaitForMessageRestricted
 .text.xTaskCreate
                0x0000000008006410       0x82 ./ThirdParty/FreeRTOS/tasks.o
                0x0000000008006410                xTaskCreate
 *fill*         0x0000000008006492        0x2 
 .text.prvInitialiseNewTask
                0x0000000008006494      0x124 ./ThirdParty/FreeRTOS/tasks.o
 .text.prvAddNewTaskToReadyList
                0x00000000080065b8       0xdc ./ThirdParty/FreeRTOS/tasks.o
 .text.vTaskDelay
                0x0000000008006694       0x60 ./ThirdParty/FreeRTOS/tasks.o
                0x0000000008006694                vTaskDelay
 .text.vTaskStartScheduler
                0x00000000080066f4       0xa0 ./ThirdParty/FreeRTOS/tasks.o
                0x00000000080066f4                vTaskStartScheduler
 .text.vTaskSuspendAll
                0x0000000008006794       0x1c ./ThirdParty/FreeRTOS/tasks.o
                0x0000000008006794                vTaskSuspendAll
 .text.xTaskResumeAll
                0x00000000080067b0      0x130 ./ThirdParty/FreeRTOS/tasks.o
                0x00000000080067b0                xTaskResumeAll
 .text.xTaskGetTickCount
                0x00000000080068e0       0x20 ./ThirdParty/FreeRTOS/tasks.o
                0x00000000080068e0                xTaskGetTickCount
 .text.xTaskIncrementTick
                0x0000000008006900      0x168 ./ThirdParty/FreeRTOS/tasks.o
                0x0000000008006900                xTaskIncrementTick
 .text.vTaskSwitchContext
                0x0000000008006a68       0xac ./ThirdParty/FreeRTOS/tasks.o
                0x0000000008006a68                vTaskSwitchContext
 .text.vTaskPlaceOnEventList
                0x0000000008006b14       0x40 ./ThirdParty/FreeRTOS/tasks.o
                0x0000000008006b14                vTaskPlaceOnEventList
 .text.vTaskPlaceOnEventListRestricted
                0x0000000008006b54       0x50 ./ThirdParty/FreeRTOS/tasks.o
                0x0000000008006b54                vTaskPlaceOnEventListRestricted
 .text.xTaskRemoveFromEventList
                0x0000000008006ba4       0xbc ./ThirdParty/FreeRTOS/tasks.o
                0x0000000008006ba4                xTaskRemoveFromEventList
 .text.vTaskInternalSetTimeOutState
                0x0000000008006c60       0x2c ./ThirdParty/FreeRTOS/tasks.o
                0x0000000008006c60                vTaskInternalSetTimeOutState
 .text.xTaskCheckForTimeOut
                0x0000000008006c8c       0xb8 ./ThirdParty/FreeRTOS/tasks.o
                0x0000000008006c8c                xTaskCheckForTimeOut
 .text.vTaskMissedYield
                0x0000000008006d44       0x18 ./ThirdParty/FreeRTOS/tasks.o
                0x0000000008006d44                vTaskMissedYield
 .text.prvIdleTask
                0x0000000008006d5c       0x30 ./ThirdParty/FreeRTOS/tasks.o
 .text.prvInitialiseTaskLists
                0x0000000008006d8c       0x80 ./ThirdParty/FreeRTOS/tasks.o
 .text.prvCheckTasksWaitingTermination
                0x0000000008006e0c       0x5c ./ThirdParty/FreeRTOS/tasks.o
 .text.prvDeleteTCB
                0x0000000008006e68       0x20 ./ThirdParty/FreeRTOS/tasks.o
 .text.prvResetNextTaskUnblockTime
                0x0000000008006e88       0x38 ./ThirdParty/FreeRTOS/tasks.o
 .text.xTaskGetSchedulerState
                0x0000000008006ec0       0x3c ./ThirdParty/FreeRTOS/tasks.o
                0x0000000008006ec0                xTaskGetSchedulerState
 .text.xTaskPriorityDisinherit
                0x0000000008006efc       0xe0 ./ThirdParty/FreeRTOS/tasks.o
                0x0000000008006efc                xTaskPriorityDisinherit
 .text.prvAddCurrentTaskToDelayedList
                0x0000000008006fdc       0xcc ./ThirdParty/FreeRTOS/tasks.o
 .text.xTimerCreateTimerTask
                0x00000000080070a8       0x5c ./ThirdParty/FreeRTOS/timers.o
                0x00000000080070a8                xTimerCreateTimerTask
 .text.xTimerCreate
                0x0000000008007104       0x42 ./ThirdParty/FreeRTOS/timers.o
                0x0000000008007104                xTimerCreate
 *fill*         0x0000000008007146        0x2 
 .text.prvInitialiseNewTimer
                0x0000000008007148       0x70 ./ThirdParty/FreeRTOS/timers.o
 .text.xTimerGenericCommand
                0x00000000080071b8       0x94 ./ThirdParty/FreeRTOS/timers.o
                0x00000000080071b8                xTimerGenericCommand
 .text.prvProcessExpiredTimer
                0x000000000800724c       0x94 ./ThirdParty/FreeRTOS/timers.o
 .text.prvTimerTask
                0x00000000080072e0       0x24 ./ThirdParty/FreeRTOS/timers.o
 .text.prvProcessTimerOrBlockTask
                0x0000000008007304       0x9c ./ThirdParty/FreeRTOS/timers.o
 .text.prvGetNextExpireTime
                0x00000000080073a0       0x48 ./ThirdParty/FreeRTOS/timers.o
 .text.prvSampleTimeNow
                0x00000000080073e8       0x40 ./ThirdParty/FreeRTOS/timers.o
 .text.prvInsertTimerInActiveList
                0x0000000008007428       0x84 ./ThirdParty/FreeRTOS/timers.o
 .text.prvProcessReceivedCommands
                0x00000000080074ac      0x1a8 ./ThirdParty/FreeRTOS/timers.o
 .text.prvSwitchTimerLists
                0x0000000008007654       0xc0 ./ThirdParty/FreeRTOS/timers.o
 .text.prvCheckForValidListAndQueue
                0x0000000008007714       0x6c ./ThirdParty/FreeRTOS/timers.o
 .text.pvTimerGetTimerID
                0x0000000008007780       0x38 ./ThirdParty/FreeRTOS/timers.o
                0x0000000008007780                pvTimerGetTimerID
 .text.pxPortInitialiseStack
                0x00000000080077b8       0x68 ./ThirdParty/FreeRTOS/portable/GCC/ARM_CM7/r0p1/port.o
                0x00000000080077b8                pxPortInitialiseStack
 .text.prvTaskExitError
                0x0000000008007820       0x50 ./ThirdParty/FreeRTOS/portable/GCC/ARM_CM7/r0p1/port.o
 .text.SVC_Handler
                0x0000000008007870       0x28 ./ThirdParty/FreeRTOS/portable/GCC/ARM_CM7/r0p1/port.o
                0x0000000008007870                SVC_Handler
 .text.prvPortStartFirstTask
                0x0000000008007898       0x2c ./ThirdParty/FreeRTOS/portable/GCC/ARM_CM7/r0p1/port.o
 .text.xPortStartScheduler
                0x00000000080078c4      0x104 ./ThirdParty/FreeRTOS/portable/GCC/ARM_CM7/r0p1/port.o
                0x00000000080078c4                xPortStartScheduler
 .text.vPortEnterCritical
                0x00000000080079c8       0x58 ./ThirdParty/FreeRTOS/portable/GCC/ARM_CM7/r0p1/port.o
                0x00000000080079c8                vPortEnterCritical
 .text.vPortExitCritical
                0x0000000008007a20       0x48 ./ThirdParty/FreeRTOS/portable/GCC/ARM_CM7/r0p1/port.o
                0x0000000008007a20                vPortExitCritical
 *fill*         0x0000000008007a68        0x8 
 .text.PendSV_Handler
                0x0000000008007a70       0x68 ./ThirdParty/FreeRTOS/portable/GCC/ARM_CM7/r0p1/port.o
                0x0000000008007a70                PendSV_Handler
 .text.SysTick_Handler
                0x0000000008007ad8       0x48 ./ThirdParty/FreeRTOS/portable/GCC/ARM_CM7/r0p1/port.o
                0x0000000008007ad8                SysTick_Handler
 .text.vPortSetupTimerInterrupt
                0x0000000008007b20       0x48 ./ThirdParty/FreeRTOS/portable/GCC/ARM_CM7/r0p1/port.o
                0x0000000008007b20                vPortSetupTimerInterrupt
 .text.vPortEnableVFP
                0x0000000008007b68       0x18 ./ThirdParty/FreeRTOS/portable/GCC/ARM_CM7/r0p1/port.o
 .text.vPortValidateInterruptPriority
                0x0000000008007b80       0x68 ./ThirdParty/FreeRTOS/portable/GCC/ARM_CM7/r0p1/port.o
                0x0000000008007b80                vPortValidateInterruptPriority
 .text.pvPortMalloc
                0x0000000008007be8      0x19c ./ThirdParty/FreeRTOS/portable/MemMang/heap_4.o
                0x0000000008007be8                pvPortMalloc
 .text.vPortFree
                0x0000000008007d84       0xb0 ./ThirdParty/FreeRTOS/portable/MemMang/heap_4.o
                0x0000000008007d84                vPortFree
 .text.prvHeapInit
                0x0000000008007e34       0xc4 ./ThirdParty/FreeRTOS/portable/MemMang/heap_4.o
 .text.prvInsertBlockIntoFreeList
                0x0000000008007ef8       0xb4 ./ThirdParty/FreeRTOS/portable/MemMang/heap_4.o
 .text.SELECT   0x0000000008007fac       0x18 ./ThirdParty/SD_CARD/Src/fatfs_sd.o
 .text.DESELECT
                0x0000000008007fc4       0x18 ./ThirdParty/SD_CARD/Src/fatfs_sd.o
 .text.SPI_TxByte
                0x0000000008007fdc       0x34 ./ThirdParty/SD_CARD/Src/fatfs_sd.o
 .text.SPI_RxByte
                0x0000000008008010       0x3c ./ThirdParty/SD_CARD/Src/fatfs_sd.o
 .text.SPI_RxBytePtr
                0x000000000800804c       0x1c ./ThirdParty/SD_CARD/Src/fatfs_sd.o
 .text.SD_ReadyWait
                0x0000000008008068       0x38 ./ThirdParty/SD_CARD/Src/fatfs_sd.o
 .text.SD_PowerOn
                0x00000000080080a0       0x98 ./ThirdParty/SD_CARD/Src/fatfs_sd.o
 .text.SD_PowerOff
                0x0000000008008138       0x18 ./ThirdParty/SD_CARD/Src/fatfs_sd.o
 .text.SD_CheckPower
                0x0000000008008150       0x18 ./ThirdParty/SD_CARD/Src/fatfs_sd.o
 .text.SD_RxDataBlock
                0x0000000008008168       0x6c ./ThirdParty/SD_CARD/Src/fatfs_sd.o
 .text.SD_TxDataBlock
                0x00000000080081d4       0xa8 ./ThirdParty/SD_CARD/Src/fatfs_sd.o
 .text.SD_SendCmd
                0x000000000800827c       0xa4 ./ThirdParty/SD_CARD/Src/fatfs_sd.o
 .text.SD_disk_initialize
                0x0000000008008320      0x1d4 ./ThirdParty/SD_CARD/Src/fatfs_sd.o
                0x0000000008008320                SD_disk_initialize
 .text.SD_disk_status
                0x00000000080084f4       0x2c ./ThirdParty/SD_CARD/Src/fatfs_sd.o
                0x00000000080084f4                SD_disk_status
 .text.SD_disk_read
                0x0000000008008520       0xd4 ./ThirdParty/SD_CARD/Src/fatfs_sd.o
                0x0000000008008520                SD_disk_read
 .text.SD_disk_write
                0x00000000080085f4      0x108 ./ThirdParty/SD_CARD/Src/fatfs_sd.o
                0x00000000080085f4                SD_disk_write
 .text.SD_disk_ioctl
                0x00000000080086fc      0x264 ./ThirdParty/SD_CARD/Src/fatfs_sd.o
                0x00000000080086fc                SD_disk_ioctl
 .text.__libc_init_array
                0x0000000008008960       0x48 c:/st/stm32cubeide_1.8.0/stm32cubeide/plugins/com.st.stm32cube.ide.mcu.externaltools.gnu-tools-for-stm32.10.3-2021.10.win32_1.0.0.202111181127/tools/bin/../lib/gcc/arm-none-eabi/10.3.1/../../../../arm-none-eabi/lib/thumb/v7e-m+dp/hard\libc_nano.a(lib_a-init.o)
                0x0000000008008960                __libc_init_array
 .text.memcpy   0x00000000080089a8       0x1c c:/st/stm32cubeide_1.8.0/stm32cubeide/plugins/com.st.stm32cube.ide.mcu.externaltools.gnu-tools-for-stm32.10.3-2021.10.win32_1.0.0.202111181127/tools/bin/../lib/gcc/arm-none-eabi/10.3.1/../../../../arm-none-eabi/lib/thumb/v7e-m+dp/hard\libc_nano.a(lib_a-memcpy-stub.o)
                0x00000000080089a8                memcpy
 .text.memset   0x00000000080089c4       0x10 c:/st/stm32cubeide_1.8.0/stm32cubeide/plugins/com.st.stm32cube.ide.mcu.externaltools.gnu-tools-for-stm32.10.3-2021.10.win32_1.0.0.202111181127/tools/bin/../lib/gcc/arm-none-eabi/10.3.1/../../../../arm-none-eabi/lib/thumb/v7e-m+dp/hard\libc_nano.a(lib_a-memset.o)
                0x00000000080089c4                memset
 *(.glue_7)
 .glue_7        0x00000000080089d4        0x0 linker stubs
 *(.glue_7t)
 .glue_7t       0x00000000080089d4        0x0 linker stubs
 *(.eh_frame)
 .eh_frame      0x00000000080089d4        0x0 c:/st/stm32cubeide_1.8.0/stm32cubeide/plugins/com.st.stm32cube.ide.mcu.externaltools.gnu-tools-for-stm32.10.3-2021.10.win32_1.0.0.202111181127/tools/bin/../lib/gcc/arm-none-eabi/10.3.1/thumb/v7e-m+dp/hard/crtbegin.o
 *(.init)
 .init          0x00000000080089d4        0x4 c:/st/stm32cubeide_1.8.0/stm32cubeide/plugins/com.st.stm32cube.ide.mcu.externaltools.gnu-tools-for-stm32.10.3-2021.10.win32_1.0.0.202111181127/tools/bin/../lib/gcc/arm-none-eabi/10.3.1/thumb/v7e-m+dp/hard/crti.o
                0x00000000080089d4                _init
 .init          0x00000000080089d8        0x8 c:/st/stm32cubeide_1.8.0/stm32cubeide/plugins/com.st.stm32cube.ide.mcu.externaltools.gnu-tools-for-stm32.10.3-2021.10.win32_1.0.0.202111181127/tools/bin/../lib/gcc/arm-none-eabi/10.3.1/thumb/v7e-m+dp/hard/crtn.o
 *(.fini)
 .fini          0x00000000080089e0        0x4 c:/st/stm32cubeide_1.8.0/stm32cubeide/plugins/com.st.stm32cube.ide.mcu.externaltools.gnu-tools-for-stm32.10.3-2021.10.win32_1.0.0.202111181127/tools/bin/../lib/gcc/arm-none-eabi/10.3.1/thumb/v7e-m+dp/hard/crti.o
                0x00000000080089e0                _fini
 .fini          0x00000000080089e4        0x8 c:/st/stm32cubeide_1.8.0/stm32cubeide/plugins/com.st.stm32cube.ide.mcu.externaltools.gnu-tools-for-stm32.10.3-2021.10.win32_1.0.0.202111181127/tools/bin/../lib/gcc/arm-none-eabi/10.3.1/thumb/v7e-m+dp/hard/crtn.o
                0x00000000080089ec                . = ALIGN (0x4)
                0x00000000080089ec                _etext = .

.vfp11_veneer   0x00000000080089ec        0x0
 .vfp11_veneer  0x00000000080089ec        0x0 linker stubs

.v4_bx          0x00000000080089ec        0x0
 .v4_bx         0x00000000080089ec        0x0 linker stubs

.iplt           0x00000000080089ec        0x0
 .iplt          0x00000000080089ec        0x0 c:/st/stm32cubeide_1.8.0/stm32cubeide/plugins/com.st.stm32cube.ide.mcu.externaltools.gnu-tools-for-stm32.10.3-2021.10.win32_1.0.0.202111181127/tools/bin/../lib/gcc/arm-none-eabi/10.3.1/thumb/v7e-m+dp/hard/crtbegin.o

.rodata         0x00000000080089ec      0x160
                0x00000000080089ec                . = ALIGN (0x4)
 *(.rodata)
 .rodata        0x00000000080089ec        0xc ./Core/Src/DataPLC.o
 .rodata        0x00000000080089f8       0x45 ./Core/Src/main.o
 *fill*         0x0000000008008a3d        0x3 
 .rodata        0x0000000008008a40       0x1f ./ThirdParty/FreeRTOS/queue.o
 *fill*         0x0000000008008a5f        0x1 
 .rodata        0x0000000008008a60       0x37 ./ThirdParty/FreeRTOS/tasks.o
 *fill*         0x0000000008008a97        0x1 
 .rodata        0x0000000008008a98       0x2d ./ThirdParty/FreeRTOS/timers.o
 *fill*         0x0000000008008ac5        0x3 
 .rodata        0x0000000008008ac8       0x38 ./ThirdParty/FreeRTOS/portable/GCC/ARM_CM7/r0p1/port.o
 .rodata        0x0000000008008b00       0x31 ./ThirdParty/FreeRTOS/portable/MemMang/heap_4.o
 *(.rodata*)
 *fill*         0x0000000008008b31        0x3 
 .rodata.AHBPrescTable
                0x0000000008008b34       0x10 ./Core/Src/system_stm32f7xx.o
                0x0000000008008b34                AHBPrescTable
 .rodata.APBPrescTable
                0x0000000008008b44        0x8 ./Core/Src/system_stm32f7xx.o
                0x0000000008008b44                APBPrescTable
                0x0000000008008b4c                . = ALIGN (0x4)

.ARM.extab      0x0000000008008b4c        0x0
                0x0000000008008b4c                . = ALIGN (0x4)
 *(.ARM.extab* .gnu.linkonce.armextab.*)
                0x0000000008008b4c                . = ALIGN (0x4)

.ARM            0x0000000008008b4c        0x8
                0x0000000008008b4c                . = ALIGN (0x4)
                0x0000000008008b4c                __exidx_start = .
 *(.ARM.exidx*)
 .ARM.exidx     0x0000000008008b4c        0x8 c:/st/stm32cubeide_1.8.0/stm32cubeide/plugins/com.st.stm32cube.ide.mcu.externaltools.gnu-tools-for-stm32.10.3-2021.10.win32_1.0.0.202111181127/tools/bin/../lib/gcc/arm-none-eabi/10.3.1/thumb/v7e-m+dp/hard\libgcc.a(_udivmoddi4.o)
                0x0000000008008b54                __exidx_end = .
                0x0000000008008b54                . = ALIGN (0x4)

.rel.dyn        0x0000000008008b54        0x0
 .rel.iplt      0x0000000008008b54        0x0 c:/st/stm32cubeide_1.8.0/stm32cubeide/plugins/com.st.stm32cube.ide.mcu.externaltools.gnu-tools-for-stm32.10.3-2021.10.win32_1.0.0.202111181127/tools/bin/../lib/gcc/arm-none-eabi/10.3.1/thumb/v7e-m+dp/hard/crtbegin.o

.preinit_array  0x0000000008008b54        0x0
                0x0000000008008b54                . = ALIGN (0x4)
                0x0000000008008b54                PROVIDE (__preinit_array_start = .)
 *(.preinit_array*)
                0x0000000008008b54                PROVIDE (__preinit_array_end = .)
                0x0000000008008b54                . = ALIGN (0x4)

.init_array     0x0000000008008b54        0x4
                0x0000000008008b54                . = ALIGN (0x4)
                0x0000000008008b54                PROVIDE (__init_array_start = .)
 *(SORT_BY_NAME(.init_array.*))
 *(.init_array*)
 .init_array    0x0000000008008b54        0x4 c:/st/stm32cubeide_1.8.0/stm32cubeide/plugins/com.st.stm32cube.ide.mcu.externaltools.gnu-tools-for-stm32.10.3-2021.10.win32_1.0.0.202111181127/tools/bin/../lib/gcc/arm-none-eabi/10.3.1/thumb/v7e-m+dp/hard/crtbegin.o
                0x0000000008008b58                PROVIDE (__init_array_end = .)
                0x0000000008008b58                . = ALIGN (0x4)

.fini_array     0x0000000008008b58        0x4
                0x0000000008008b58                . = ALIGN (0x4)
                [!provide]                        PROVIDE (__fini_array_start = .)
 *(SORT_BY_NAME(.fini_array.*))
 *(.fini_array*)
 .fini_array    0x0000000008008b58        0x4 c:/st/stm32cubeide_1.8.0/stm32cubeide/plugins/com.st.stm32cube.ide.mcu.externaltools.gnu-tools-for-stm32.10.3-2021.10.win32_1.0.0.202111181127/tools/bin/../lib/gcc/arm-none-eabi/10.3.1/thumb/v7e-m+dp/hard/crtbegin.o
                [!provide]                        PROVIDE (__fini_array_end = .)
                0x0000000008008b5c                . = ALIGN (0x4)
                0x0000000008008b5c                _sidata = LOADADDR (.data)

.data           0x0000000020000000       0x38 load address 0x0000000008008b5c
                0x0000000020000000                . = ALIGN (0x4)
                0x0000000020000000                _sdata = .
 *(.data)
 *(.data*)
 .data.datT37.13
                0x0000000020000000        0x4 ./Core/Src/DataPLC.o
 .data.datC1.6  0x0000000020000004        0x4 ./Core/Src/DataPLC.o
 .data.datC2.0  0x0000000020000008        0x4 ./Core/Src/DataPLC.o
 .data.SystemCoreClock
                0x000000002000000c        0x4 ./Core/Src/system_stm32f7xx.o
                0x000000002000000c                SystemCoreClock
 .data.uwTickPrio
                0x0000000020000010        0x4 ./Drivers/STM32F7xx_HAL_Driver/Src/stm32f7xx_hal.o
                0x0000000020000010                uwTickPrio
 .data.uwTickFreq
                0x0000000020000014        0x1 ./Drivers/STM32F7xx_HAL_Driver/Src/stm32f7xx_hal.o
                0x0000000020000014                uwTickFreq
 *fill*         0x0000000020000015        0x3 
 .data.USER_Driver
                0x0000000020000018       0x14 ./FATFS/Target/user_diskio.o
                0x0000000020000018                USER_Driver
 .data.uxTopUsedPriority
                0x000000002000002c        0x4 ./ThirdParty/FreeRTOS/tasks.o
                0x000000002000002c                uxTopUsedPriority
 .data.uxCriticalNesting
                0x0000000020000030        0x4 ./ThirdParty/FreeRTOS/portable/GCC/ARM_CM7/r0p1/port.o
 .data.Stat     0x0000000020000034        0x1 ./ThirdParty/SD_CARD/Src/fatfs_sd.o
 *(.RamFunc)
 *(.RamFunc*)
                0x0000000020000038                . = ALIGN (0x4)
 *fill*         0x0000000020000035        0x3 
                0x0000000020000038                _edata = .

.igot.plt       0x0000000020000038        0x0 load address 0x0000000008008b94
 .igot.plt      0x0000000020000038        0x0 c:/st/stm32cubeide_1.8.0/stm32cubeide/plugins/com.st.stm32cube.ide.mcu.externaltools.gnu-tools-for-stm32.10.3-2021.10.win32_1.0.0.202111181127/tools/bin/../lib/gcc/arm-none-eabi/10.3.1/thumb/v7e-m+dp/hard/crtbegin.o
                0x0000000020000038                . = ALIGN (0x4)

.bss            0x0000000020000038    0x193e0 load address 0x0000000008008b94
                0x0000000020000038                _sbss = .
                0x0000000020000038                __bss_start__ = _sbss
 *(.bss)
 .bss           0x0000000020000038       0x1c c:/st/stm32cubeide_1.8.0/stm32cubeide/plugins/com.st.stm32cube.ide.mcu.externaltools.gnu-tools-for-stm32.10.3-2021.10.win32_1.0.0.202111181127/tools/bin/../lib/gcc/arm-none-eabi/10.3.1/thumb/v7e-m+dp/hard/crtbegin.o
 *(.bss*)
 .bss.I         0x0000000020000054       0x10 ./Core/Src/DataPLC.o
 .bss.Q         0x0000000020000064       0x10 ./Core/Src/DataPLC.o
 .bss.M         0x0000000020000074       0x14 ./Core/Src/DataPLC.o
 .bss.T37       0x0000000020000088        0x1 ./Core/Src/DataPLC.o
 *fill*         0x0000000020000089        0x3 
 .bss.countT37  0x000000002000008c        0x4 ./Core/Src/DataPLC.o
 .bss.T37reset  0x0000000020000090        0x4 ./Core/Src/DataPLC.o
 .bss.C1        0x0000000020000094        0x1 ./Core/Src/DataPLC.o
 *fill*         0x0000000020000095        0x3 
 .bss.countC1   0x0000000020000098        0x4 ./Core/Src/DataPLC.o
 .bss.C2        0x000000002000009c        0x1 ./Core/Src/DataPLC.o
 *fill*         0x000000002000009d        0x3 
 .bss.countC2   0x00000000200000a0        0x4 ./Core/Src/DataPLC.o
 .bss.vaoT37.14
                0x00000000200000a4        0x1 ./Core/Src/DataPLC.o
 .bss.checkT37.12
                0x00000000200000a5        0x1 ./Core/Src/DataPLC.o
 .bss.checkEU0.11
                0x00000000200000a6        0x1 ./Core/Src/DataPLC.o
 .bss.vaoC1.10  0x00000000200000a7        0x1 ./Core/Src/DataPLC.o
 .bss.resetC1.9
                0x00000000200000a8        0x1 ./Core/Src/DataPLC.o
 .bss.startC1.8
                0x00000000200000a9        0x1 ./Core/Src/DataPLC.o
 .bss.checkC1.7
                0x00000000200000aa        0x1 ./Core/Src/DataPLC.o
 .bss.checkEU1.5
                0x00000000200000ab        0x1 ./Core/Src/DataPLC.o
 .bss.vaoC2.4   0x00000000200000ac        0x1 ./Core/Src/DataPLC.o
 .bss.resetC2.3
                0x00000000200000ad        0x1 ./Core/Src/DataPLC.o
 .bss.startC2.2
                0x00000000200000ae        0x1 ./Core/Src/DataPLC.o
 .bss.checkC2.1
                0x00000000200000af        0x1 ./Core/Src/DataPLC.o
 .bss.hi2c1     0x00000000200000b0       0x4c ./Core/Src/main.o
                0x00000000200000b0                hi2c1
 .bss.hspi1     0x00000000200000fc       0x64 ./Core/Src/main.o
                0x00000000200000fc                hspi1
 .bss.huart3    0x0000000020000160       0x84 ./Core/Src/main.o
                0x0000000020000160                huart3
 .bss.handle_timerPLC
                0x00000000200001e4        0x4 ./Core/Src/main.o
                0x00000000200001e4                handle_timerPLC
 .bss.handle_start_task
                0x00000000200001e8        0x4 ./Core/Src/main.o
                0x00000000200001e8                handle_start_task
 .bss.handle_main_task
                0x00000000200001ec        0x4 ./Core/Src/main.o
                0x00000000200001ec                handle_main_task
 .bss.handle_send_task
                0x00000000200001f0        0x4 ./Core/Src/main.o
                0x00000000200001f0                handle_send_task
 .bss.handle_setting_task
                0x00000000200001f4        0x4 ./Core/Src/main.o
                0x00000000200001f4                handle_setting_task
 .bss.q_data    0x00000000200001f8        0x4 ./Core/Src/main.o
                0x00000000200001f8                q_data
 .bss.user_data
                0x00000000200001fc        0x1 ./Core/Src/main.o
                0x00000000200001fc                user_data
 *fill*         0x00000000200001fd        0x3 
 .bss.htim6     0x0000000020000200       0x4c ./Core/Src/stm32f7xx_hal_timebase_tim.o
                0x0000000020000200                htim6
 .bss.FatFsCnt  0x000000002000024c        0x1 ./Core/Src/stm32f7xx_it.o
                0x000000002000024c                FatFsCnt
 *fill*         0x000000002000024d        0x1 
 .bss.Timer1    0x000000002000024e        0x2 ./Core/Src/stm32f7xx_it.o
                0x000000002000024e                Timer1
 .bss.Timer2    0x0000000020000250        0x2 ./Core/Src/stm32f7xx_it.o
                0x0000000020000250                Timer2
 *fill*         0x0000000020000252        0x2 
 .bss.uwTick    0x0000000020000254        0x4 ./Drivers/STM32F7xx_HAL_Driver/Src/stm32f7xx_hal.o
                0x0000000020000254                uwTick
 .bss.retUSER   0x0000000020000258        0x1 ./FATFS/App/fatfs.o
                0x0000000020000258                retUSER
 *fill*         0x0000000020000259        0x3 
 .bss.USERPath  0x000000002000025c        0x4 ./FATFS/App/fatfs.o
                0x000000002000025c                USERPath
 .bss.disk      0x0000000020000260        0xc ./Middlewares/Third_Party/FatFs/src/ff_gen_drv.o
                0x0000000020000260                disk
 .bss.xQueueRegistry
                0x000000002000026c       0x40 ./ThirdParty/FreeRTOS/queue.o
                0x000000002000026c                xQueueRegistry
 .bss.pxCurrentTCB
                0x00000000200002ac        0x4 ./ThirdParty/FreeRTOS/tasks.o
                0x00000000200002ac                pxCurrentTCB
 .bss.pxReadyTasksLists
                0x00000000200002b0       0x64 ./ThirdParty/FreeRTOS/tasks.o
 .bss.xDelayedTaskList1
                0x0000000020000314       0x14 ./ThirdParty/FreeRTOS/tasks.o
 .bss.xDelayedTaskList2
                0x0000000020000328       0x14 ./ThirdParty/FreeRTOS/tasks.o
 .bss.pxDelayedTaskList
                0x000000002000033c        0x4 ./ThirdParty/FreeRTOS/tasks.o
 .bss.pxOverflowDelayedTaskList
                0x0000000020000340        0x4 ./ThirdParty/FreeRTOS/tasks.o
 .bss.xPendingReadyList
                0x0000000020000344       0x14 ./ThirdParty/FreeRTOS/tasks.o
 .bss.xTasksWaitingTermination
                0x0000000020000358       0x14 ./ThirdParty/FreeRTOS/tasks.o
 .bss.uxDeletedTasksWaitingCleanUp
                0x000000002000036c        0x4 ./ThirdParty/FreeRTOS/tasks.o
 .bss.xSuspendedTaskList
                0x0000000020000370       0x14 ./ThirdParty/FreeRTOS/tasks.o
 .bss.uxCurrentNumberOfTasks
                0x0000000020000384        0x4 ./ThirdParty/FreeRTOS/tasks.o
 .bss.xTickCount
                0x0000000020000388        0x4 ./ThirdParty/FreeRTOS/tasks.o
 .bss.uxTopReadyPriority
                0x000000002000038c        0x4 ./ThirdParty/FreeRTOS/tasks.o
 .bss.xSchedulerRunning
                0x0000000020000390        0x4 ./ThirdParty/FreeRTOS/tasks.o
 .bss.xPendedTicks
                0x0000000020000394        0x4 ./ThirdParty/FreeRTOS/tasks.o
 .bss.xYieldPending
                0x0000000020000398        0x4 ./ThirdParty/FreeRTOS/tasks.o
 .bss.xNumOfOverflows
                0x000000002000039c        0x4 ./ThirdParty/FreeRTOS/tasks.o
 .bss.uxTaskNumber
                0x00000000200003a0        0x4 ./ThirdParty/FreeRTOS/tasks.o
 .bss.xNextTaskUnblockTime
                0x00000000200003a4        0x4 ./ThirdParty/FreeRTOS/tasks.o
 .bss.xIdleTaskHandle
                0x00000000200003a8        0x4 ./ThirdParty/FreeRTOS/tasks.o
 .bss.uxSchedulerSuspended
                0x00000000200003ac        0x4 ./ThirdParty/FreeRTOS/tasks.o
 .bss.xActiveTimerList1
                0x00000000200003b0       0x14 ./ThirdParty/FreeRTOS/timers.o
 .bss.xActiveTimerList2
                0x00000000200003c4       0x14 ./ThirdParty/FreeRTOS/timers.o
 .bss.pxCurrentTimerList
                0x00000000200003d8        0x4 ./ThirdParty/FreeRTOS/timers.o
 .bss.pxOverflowTimerList
                0x00000000200003dc        0x4 ./ThirdParty/FreeRTOS/timers.o
 .bss.xTimerQueue
                0x00000000200003e0        0x4 ./ThirdParty/FreeRTOS/timers.o
 .bss.xTimerTaskHandle
                0x00000000200003e4        0x4 ./ThirdParty/FreeRTOS/timers.o
 .bss.xLastTime.0
                0x00000000200003e8        0x4 ./ThirdParty/FreeRTOS/timers.o
 .bss.ucMaxSysCallPriority
                0x00000000200003ec        0x1 ./ThirdParty/FreeRTOS/portable/GCC/ARM_CM7/r0p1/port.o
 *fill*         0x00000000200003ed        0x3 
 .bss.ulMaxPRIGROUPValue
                0x00000000200003f0        0x4 ./ThirdParty/FreeRTOS/portable/GCC/ARM_CM7/r0p1/port.o
 .bss.ucHeap    0x00000000200003f4    0x19000 ./ThirdParty/FreeRTOS/portable/MemMang/heap_4.o
 .bss.xStart    0x00000000200193f4        0x8 ./ThirdParty/FreeRTOS/portable/MemMang/heap_4.o
 .bss.pxEnd     0x00000000200193fc        0x4 ./ThirdParty/FreeRTOS/portable/MemMang/heap_4.o
 .bss.xFreeBytesRemaining
                0x0000000020019400        0x4 ./ThirdParty/FreeRTOS/portable/MemMang/heap_4.o
 .bss.xMinimumEverFreeBytesRemaining
                0x0000000020019404        0x4 ./ThirdParty/FreeRTOS/portable/MemMang/heap_4.o
 .bss.xNumberOfSuccessfulAllocations
                0x0000000020019408        0x4 ./ThirdParty/FreeRTOS/portable/MemMang/heap_4.o
 .bss.xNumberOfSuccessfulFrees
                0x000000002001940c        0x4 ./ThirdParty/FreeRTOS/portable/MemMang/heap_4.o
 .bss.xBlockAllocatedBit
                0x0000000020019410        0x4 ./ThirdParty/FreeRTOS/portable/MemMang/heap_4.o
 .bss.CardType  0x0000000020019414        0x1 ./ThirdParty/SD_CARD/Src/fatfs_sd.o
 .bss.PowerFlag
                0x0000000020019415        0x1 ./ThirdParty/SD_CARD/Src/fatfs_sd.o
 *(COMMON)
                0x0000000020019418                . = ALIGN (0x4)
 *fill*         0x0000000020019416        0x2 
                0x0000000020019418                _ebss = .
                0x0000000020019418                __bss_end__ = _ebss

._user_heap_stack
                0x0000000020019418      0x600 load address 0x0000000008008b94
                0x0000000020019418                . = ALIGN (0x8)
                [!provide]                        PROVIDE (end = .)
                0x0000000020019418                PROVIDE (_end = .)
                0x0000000020019618                . = (. + _Min_Heap_Size)
 *fill*         0x0000000020019418      0x200 
                0x0000000020019a18                . = (. + _Min_Stack_Size)
 *fill*         0x0000000020019618      0x400 
                0x0000000020019a18                . = ALIGN (0x8)

/DISCARD/
 libc.a(*)
 libm.a(*)
 libgcc.a(*)

.ARM.attributes
                0x0000000000000000       0x2e
 *(.ARM.attributes)
 .ARM.attributes
                0x0000000000000000       0x1e c:/st/stm32cubeide_1.8.0/stm32cubeide/plugins/com.st.stm32cube.ide.mcu.externaltools.gnu-tools-for-stm32.10.3-2021.10.win32_1.0.0.202111181127/tools/bin/../lib/gcc/arm-none-eabi/10.3.1/thumb/v7e-m+dp/hard/crti.o
 .ARM.attributes
                0x000000000000001e       0x32 c:/st/stm32cubeide_1.8.0/stm32cubeide/plugins/com.st.stm32cube.ide.mcu.externaltools.gnu-tools-for-stm32.10.3-2021.10.win32_1.0.0.202111181127/tools/bin/../lib/gcc/arm-none-eabi/10.3.1/thumb/v7e-m+dp/hard/crtbegin.o
 .ARM.attributes
                0x0000000000000050       0x32 ./Core/Src/DataPLC.o
 .ARM.attributes
                0x0000000000000082       0x32 ./Core/Src/main.o
 .ARM.attributes
                0x00000000000000b4       0x32 ./Core/Src/stm32f7xx_hal_msp.o
 .ARM.attributes
                0x00000000000000e6       0x32 ./Core/Src/stm32f7xx_hal_timebase_tim.o
 .ARM.attributes
                0x0000000000000118       0x32 ./Core/Src/stm32f7xx_it.o
 .ARM.attributes
                0x000000000000014a       0x32 ./Core/Src/system_stm32f7xx.o
 .ARM.attributes
                0x000000000000017c       0x21 ./Core/Startup/startup_stm32f767zitx.o
 .ARM.attributes
                0x000000000000019d       0x32 ./Drivers/STM32F7xx_HAL_Driver/Src/stm32f7xx_hal.o
 .ARM.attributes
                0x00000000000001cf       0x32 ./Drivers/STM32F7xx_HAL_Driver/Src/stm32f7xx_hal_cortex.o
 .ARM.attributes
                0x0000000000000201       0x32 ./Drivers/STM32F7xx_HAL_Driver/Src/stm32f7xx_hal_dma.o
 .ARM.attributes
                0x0000000000000233       0x32 ./Drivers/STM32F7xx_HAL_Driver/Src/stm32f7xx_hal_gpio.o
 .ARM.attributes
                0x0000000000000265       0x32 ./Drivers/STM32F7xx_HAL_Driver/Src/stm32f7xx_hal_i2c.o
 .ARM.attributes
                0x0000000000000297       0x32 ./Drivers/STM32F7xx_HAL_Driver/Src/stm32f7xx_hal_i2c_ex.o
 .ARM.attributes
                0x00000000000002c9       0x32 ./Drivers/STM32F7xx_HAL_Driver/Src/stm32f7xx_hal_pwr_ex.o
 .ARM.attributes
                0x00000000000002fb       0x32 ./Drivers/STM32F7xx_HAL_Driver/Src/stm32f7xx_hal_rcc.o
 .ARM.attributes
                0x000000000000032d       0x32 ./Drivers/STM32F7xx_HAL_Driver/Src/stm32f7xx_hal_rcc_ex.o
 .ARM.attributes
                0x000000000000035f       0x32 ./Drivers/STM32F7xx_HAL_Driver/Src/stm32f7xx_hal_spi.o
 .ARM.attributes
                0x0000000000000391       0x32 ./Drivers/STM32F7xx_HAL_Driver/Src/stm32f7xx_hal_tim.o
 .ARM.attributes
                0x00000000000003c3       0x32 ./Drivers/STM32F7xx_HAL_Driver/Src/stm32f7xx_hal_tim_ex.o
 .ARM.attributes
                0x00000000000003f5       0x32 ./Drivers/STM32F7xx_HAL_Driver/Src/stm32f7xx_hal_uart.o
 .ARM.attributes
                0x0000000000000427       0x32 ./FATFS/App/fatfs.o
 .ARM.attributes
                0x0000000000000459       0x32 ./FATFS/Target/user_diskio.o
 .ARM.attributes
                0x000000000000048b       0x32 ./Middlewares/Third_Party/FatFs/src/ff_gen_drv.o
 .ARM.attributes
                0x00000000000004bd       0x32 ./ThirdParty/FreeRTOS/list.o
 .ARM.attributes
                0x00000000000004ef       0x32 ./ThirdParty/FreeRTOS/queue.o
 .ARM.attributes
                0x0000000000000521       0x32 ./ThirdParty/FreeRTOS/tasks.o
 .ARM.attributes
                0x0000000000000553       0x32 ./ThirdParty/FreeRTOS/timers.o
 .ARM.attributes
                0x0000000000000585       0x32 ./ThirdParty/FreeRTOS/portable/GCC/ARM_CM7/r0p1/port.o
 .ARM.attributes
                0x00000000000005b7       0x32 ./ThirdParty/FreeRTOS/portable/MemMang/heap_4.o
 .ARM.attributes
                0x00000000000005e9       0x32 ./ThirdParty/SD_CARD/Src/fatfs_sd.o
 .ARM.attributes
                0x000000000000061b       0x32 c:/st/stm32cubeide_1.8.0/stm32cubeide/plugins/com.st.stm32cube.ide.mcu.externaltools.gnu-tools-for-stm32.10.3-2021.10.win32_1.0.0.202111181127/tools/bin/../lib/gcc/arm-none-eabi/10.3.1/../../../../arm-none-eabi/lib/thumb/v7e-m+dp/hard\libc_nano.a(lib_a-init.o)
 .ARM.attributes
                0x000000000000064d       0x32 c:/st/stm32cubeide_1.8.0/stm32cubeide/plugins/com.st.stm32cube.ide.mcu.externaltools.gnu-tools-for-stm32.10.3-2021.10.win32_1.0.0.202111181127/tools/bin/../lib/gcc/arm-none-eabi/10.3.1/../../../../arm-none-eabi/lib/thumb/v7e-m+dp/hard\libc_nano.a(lib_a-memcpy-stub.o)
 .ARM.attributes
                0x000000000000067f       0x32 c:/st/stm32cubeide_1.8.0/stm32cubeide/plugins/com.st.stm32cube.ide.mcu.externaltools.gnu-tools-for-stm32.10.3-2021.10.win32_1.0.0.202111181127/tools/bin/../lib/gcc/arm-none-eabi/10.3.1/../../../../arm-none-eabi/lib/thumb/v7e-m+dp/hard\libc_nano.a(lib_a-memset.o)
 .ARM.attributes
                0x00000000000006b1       0x1e c:/st/stm32cubeide_1.8.0/stm32cubeide/plugins/com.st.stm32cube.ide.mcu.externaltools.gnu-tools-for-stm32.10.3-2021.10.win32_1.0.0.202111181127/tools/bin/../lib/gcc/arm-none-eabi/10.3.1/thumb/v7e-m+dp/hard\libgcc.a(_aeabi_uldivmod.o)
 .ARM.attributes
                0x00000000000006cf       0x32 c:/st/stm32cubeide_1.8.0/stm32cubeide/plugins/com.st.stm32cube.ide.mcu.externaltools.gnu-tools-for-stm32.10.3-2021.10.win32_1.0.0.202111181127/tools/bin/../lib/gcc/arm-none-eabi/10.3.1/thumb/v7e-m+dp/hard\libgcc.a(_udivmoddi4.o)
 .ARM.attributes
                0x0000000000000701       0x1e c:/st/stm32cubeide_1.8.0/stm32cubeide/plugins/com.st.stm32cube.ide.mcu.externaltools.gnu-tools-for-stm32.10.3-2021.10.win32_1.0.0.202111181127/tools/bin/../lib/gcc/arm-none-eabi/10.3.1/thumb/v7e-m+dp/hard\libgcc.a(_dvmd_tls.o)
 .ARM.attributes
                0x000000000000071f       0x1e c:/st/stm32cubeide_1.8.0/stm32cubeide/plugins/com.st.stm32cube.ide.mcu.externaltools.gnu-tools-for-stm32.10.3-2021.10.win32_1.0.0.202111181127/tools/bin/../lib/gcc/arm-none-eabi/10.3.1/thumb/v7e-m+dp/hard/crtn.o
OUTPUT(DATN.elf elf32-littlearm)
LOAD linker stubs
LOAD c:/st/stm32cubeide_1.8.0/stm32cubeide/plugins/com.st.stm32cube.ide.mcu.externaltools.gnu-tools-for-stm32.10.3-2021.10.win32_1.0.0.202111181127/tools/bin/../lib/gcc/arm-none-eabi/10.3.1/../../../../arm-none-eabi/lib/thumb/v7e-m+dp/hard\libc.a
LOAD c:/st/stm32cubeide_1.8.0/stm32cubeide/plugins/com.st.stm32cube.ide.mcu.externaltools.gnu-tools-for-stm32.10.3-2021.10.win32_1.0.0.202111181127/tools/bin/../lib/gcc/arm-none-eabi/10.3.1/../../../../arm-none-eabi/lib/thumb/v7e-m+dp/hard\libm.a
LOAD c:/st/stm32cubeide_1.8.0/stm32cubeide/plugins/com.st.stm32cube.ide.mcu.externaltools.gnu-tools-for-stm32.10.3-2021.10.win32_1.0.0.202111181127/tools/bin/../lib/gcc/arm-none-eabi/10.3.1/thumb/v7e-m+dp/hard\libgcc.a

.debug_info     0x0000000000000000    0x1d696
 .debug_info    0x0000000000000000     0x1220 ./Core/Src/DataPLC.o
 .debug_info    0x0000000000001220     0x1acc ./Core/Src/main.o
 .debug_info    0x0000000000002cec     0x1717 ./Core/Src/stm32f7xx_hal_msp.o
 .debug_info    0x0000000000004403      0xd54 ./Core/Src/stm32f7xx_hal_timebase_tim.o
 .debug_info    0x0000000000005157      0xb49 ./Core/Src/stm32f7xx_it.o
 .debug_info    0x0000000000005ca0      0x72c ./Core/Src/system_stm32f7xx.o
 .debug_info    0x00000000000063cc       0x22 ./Core/Startup/startup_stm32f767zitx.o
 .debug_info    0x00000000000063ee      0xa82 ./Drivers/STM32F7xx_HAL_Driver/Src/stm32f7xx_hal.o
 .debug_info    0x0000000000006e70     0x109c ./Drivers/STM32F7xx_HAL_Driver/Src/stm32f7xx_hal_cortex.o
 .debug_info    0x0000000000007f0c      0x94f ./Drivers/STM32F7xx_HAL_Driver/Src/stm32f7xx_hal_dma.o
 .debug_info    0x000000000000885b      0x7a2 ./Drivers/STM32F7xx_HAL_Driver/Src/stm32f7xx_hal_gpio.o
 .debug_info    0x0000000000008ffd     0x2231 ./Drivers/STM32F7xx_HAL_Driver/Src/stm32f7xx_hal_i2c.o
 .debug_info    0x000000000000b22e      0x9c8 ./Drivers/STM32F7xx_HAL_Driver/Src/stm32f7xx_hal_i2c_ex.o
 .debug_info    0x000000000000bbf6      0x92e ./Drivers/STM32F7xx_HAL_Driver/Src/stm32f7xx_hal_pwr_ex.o
 .debug_info    0x000000000000c524      0x9f8 ./Drivers/STM32F7xx_HAL_Driver/Src/stm32f7xx_hal_rcc.o
 .debug_info    0x000000000000cf1c      0x78b ./Drivers/STM32F7xx_HAL_Driver/Src/stm32f7xx_hal_rcc_ex.o
 .debug_info    0x000000000000d6a7     0x1802 ./Drivers/STM32F7xx_HAL_Driver/Src/stm32f7xx_hal_spi.o
 .debug_info    0x000000000000eea9     0x2d0a ./Drivers/STM32F7xx_HAL_Driver/Src/stm32f7xx_hal_tim.o
 .debug_info    0x0000000000011bb3     0x17d1 ./Drivers/STM32F7xx_HAL_Driver/Src/stm32f7xx_hal_tim_ex.o
 .debug_info    0x0000000000013384     0x3ccb ./Drivers/STM32F7xx_HAL_Driver/Src/stm32f7xx_hal_uart.o
 .debug_info    0x000000000001704f      0x526 ./FATFS/App/fatfs.o
 .debug_info    0x0000000000017575      0x3d2 ./FATFS/Target/user_diskio.o
 .debug_info    0x0000000000017947      0x3a9 ./Middlewares/Third_Party/FatFs/src/ff_gen_drv.o
 .debug_info    0x0000000000017cf0      0x2d1 ./ThirdParty/FreeRTOS/list.o
 .debug_info    0x0000000000017fc1     0x143c ./ThirdParty/FreeRTOS/queue.o
 .debug_info    0x00000000000193fd     0x1df7 ./ThirdParty/FreeRTOS/tasks.o
 .debug_info    0x000000000001b1f4      0xec2 ./ThirdParty/FreeRTOS/timers.o
 .debug_info    0x000000000001c0b6      0x469 ./ThirdParty/FreeRTOS/portable/GCC/ARM_CM7/r0p1/port.o
 .debug_info    0x000000000001c51f      0x489 ./ThirdParty/FreeRTOS/portable/MemMang/heap_4.o
 .debug_info    0x000000000001c9a8      0xcee ./ThirdParty/SD_CARD/Src/fatfs_sd.o

.debug_abbrev   0x0000000000000000     0x3f8b
 .debug_abbrev  0x0000000000000000      0x31f ./Core/Src/DataPLC.o
 .debug_abbrev  0x000000000000031f      0x32a ./Core/Src/main.o
 .debug_abbrev  0x0000000000000649      0x22c ./Core/Src/stm32f7xx_hal_msp.o
 .debug_abbrev  0x0000000000000875      0x1d3 ./Core/Src/stm32f7xx_hal_timebase_tim.o
 .debug_abbrev  0x0000000000000a48      0x18b ./Core/Src/stm32f7xx_it.o
 .debug_abbrev  0x0000000000000bd3      0x136 ./Core/Src/system_stm32f7xx.o
 .debug_abbrev  0x0000000000000d09       0x12 ./Core/Startup/startup_stm32f767zitx.o
 .debug_abbrev  0x0000000000000d1b      0x20d ./Drivers/STM32F7xx_HAL_Driver/Src/stm32f7xx_hal.o
 .debug_abbrev  0x0000000000000f28      0x316 ./Drivers/STM32F7xx_HAL_Driver/Src/stm32f7xx_hal_cortex.o
 .debug_abbrev  0x000000000000123e      0x25b ./Drivers/STM32F7xx_HAL_Driver/Src/stm32f7xx_hal_dma.o
 .debug_abbrev  0x0000000000001499      0x1c4 ./Drivers/STM32F7xx_HAL_Driver/Src/stm32f7xx_hal_gpio.o
 .debug_abbrev  0x000000000000165d      0x243 ./Drivers/STM32F7xx_HAL_Driver/Src/stm32f7xx_hal_i2c.o
 .debug_abbrev  0x00000000000018a0      0x18e ./Drivers/STM32F7xx_HAL_Driver/Src/stm32f7xx_hal_i2c_ex.o
 .debug_abbrev  0x0000000000001a2e      0x1cb ./Drivers/STM32F7xx_HAL_Driver/Src/stm32f7xx_hal_pwr_ex.o
 .debug_abbrev  0x0000000000001bf9      0x2d1 ./Drivers/STM32F7xx_HAL_Driver/Src/stm32f7xx_hal_rcc.o
 .debug_abbrev  0x0000000000001eca      0x1b9 ./Drivers/STM32F7xx_HAL_Driver/Src/stm32f7xx_hal_rcc_ex.o
 .debug_abbrev  0x0000000000002083      0x254 ./Drivers/STM32F7xx_HAL_Driver/Src/stm32f7xx_hal_spi.o
 .debug_abbrev  0x00000000000022d7      0x25d ./Drivers/STM32F7xx_HAL_Driver/Src/stm32f7xx_hal_tim.o
 .debug_abbrev  0x0000000000002534      0x265 ./Drivers/STM32F7xx_HAL_Driver/Src/stm32f7xx_hal_tim_ex.o
 .debug_abbrev  0x0000000000002799      0x2ce ./Drivers/STM32F7xx_HAL_Driver/Src/stm32f7xx_hal_uart.o
 .debug_abbrev  0x0000000000002a67      0x15a ./FATFS/App/fatfs.o
 .debug_abbrev  0x0000000000002bc1      0x13f ./FATFS/Target/user_diskio.o
 .debug_abbrev  0x0000000000002d00      0x196 ./Middlewares/Third_Party/FatFs/src/ff_gen_drv.o
 .debug_abbrev  0x0000000000002e96       0xf2 ./ThirdParty/FreeRTOS/list.o
 .debug_abbrev  0x0000000000002f88      0x2ff ./ThirdParty/FreeRTOS/queue.o
 .debug_abbrev  0x0000000000003287      0x382 ./ThirdParty/FreeRTOS/tasks.o
 .debug_abbrev  0x0000000000003609      0x2ae ./ThirdParty/FreeRTOS/timers.o
 .debug_abbrev  0x00000000000038b7      0x257 ./ThirdParty/FreeRTOS/portable/GCC/ARM_CM7/r0p1/port.o
 .debug_abbrev  0x0000000000003b0e      0x1cc ./ThirdParty/FreeRTOS/portable/MemMang/heap_4.o
 .debug_abbrev  0x0000000000003cda      0x2b1 ./ThirdParty/SD_CARD/Src/fatfs_sd.o

.debug_aranges  0x0000000000000000     0x1928
 .debug_aranges
                0x0000000000000000       0x70 ./Core/Src/DataPLC.o
 .debug_aranges
                0x0000000000000070       0x68 ./Core/Src/main.o
 .debug_aranges
                0x00000000000000d8       0x50 ./Core/Src/stm32f7xx_hal_msp.o
 .debug_aranges
                0x0000000000000128       0x30 ./Core/Src/stm32f7xx_hal_timebase_tim.o
 .debug_aranges
                0x0000000000000158       0x60 ./Core/Src/stm32f7xx_it.o
 .debug_aranges
                0x00000000000001b8       0x28 ./Core/Src/system_stm32f7xx.o
 .debug_aranges
                0x00000000000001e0       0x28 ./Core/Startup/startup_stm32f767zitx.o
 .debug_aranges
                0x0000000000000208      0x110 ./Drivers/STM32F7xx_HAL_Driver/Src/stm32f7xx_hal.o
 .debug_aranges
                0x0000000000000318      0x118 ./Drivers/STM32F7xx_HAL_Driver/Src/stm32f7xx_hal_cortex.o
 .debug_aranges
                0x0000000000000430       0x90 ./Drivers/STM32F7xx_HAL_Driver/Src/stm32f7xx_hal_dma.o
 .debug_aranges
                0x00000000000004c0       0x58 ./Drivers/STM32F7xx_HAL_Driver/Src/stm32f7xx_hal_gpio.o
 .debug_aranges
                0x0000000000000518      0x290 ./Drivers/STM32F7xx_HAL_Driver/Src/stm32f7xx_hal_i2c.o
 .debug_aranges
                0x00000000000007a8       0x38 ./Drivers/STM32F7xx_HAL_Driver/Src/stm32f7xx_hal_i2c_ex.o
 .debug_aranges
                0x00000000000007e0       0x80 ./Drivers/STM32F7xx_HAL_Driver/Src/stm32f7xx_hal_pwr_ex.o
 .debug_aranges
                0x0000000000000860       0x88 ./Drivers/STM32F7xx_HAL_Driver/Src/stm32f7xx_hal_rcc.o
 .debug_aranges
                0x00000000000008e8       0x50 ./Drivers/STM32F7xx_HAL_Driver/Src/stm32f7xx_hal_rcc_ex.o
 .debug_aranges
                0x0000000000000938      0x1d8 ./Drivers/STM32F7xx_HAL_Driver/Src/stm32f7xx_hal_spi.o
 .debug_aranges
                0x0000000000000b10      0x3e0 ./Drivers/STM32F7xx_HAL_Driver/Src/stm32f7xx_hal_tim.o
 .debug_aranges
                0x0000000000000ef0      0x180 ./Drivers/STM32F7xx_HAL_Driver/Src/stm32f7xx_hal_tim_ex.o
 .debug_aranges
                0x0000000000001070      0x230 ./Drivers/STM32F7xx_HAL_Driver/Src/stm32f7xx_hal_uart.o
 .debug_aranges
                0x00000000000012a0       0x28 ./FATFS/App/fatfs.o
 .debug_aranges
                0x00000000000012c8       0x40 ./FATFS/Target/user_diskio.o
 .debug_aranges
                0x0000000000001308       0x40 ./Middlewares/Third_Party/FatFs/src/ff_gen_drv.o
 .debug_aranges
                0x0000000000001348       0x40 ./ThirdParty/FreeRTOS/list.o
 .debug_aranges
                0x0000000000001388      0x130 ./ThirdParty/FreeRTOS/queue.o
 .debug_aranges
                0x00000000000014b8      0x208 ./ThirdParty/FreeRTOS/tasks.o
 .debug_aranges
                0x00000000000016c0       0xe8 ./ThirdParty/FreeRTOS/timers.o
 .debug_aranges
                0x00000000000017a8       0x88 ./ThirdParty/FreeRTOS/portable/GCC/ARM_CM7/r0p1/port.o
 .debug_aranges
                0x0000000000001830       0x58 ./ThirdParty/FreeRTOS/portable/MemMang/heap_4.o
 .debug_aranges
                0x0000000000001888       0xa0 ./ThirdParty/SD_CARD/Src/fatfs_sd.o

.debug_ranges   0x0000000000000000     0x1780
 .debug_ranges  0x0000000000000000       0x60 ./Core/Src/DataPLC.o
 .debug_ranges  0x0000000000000060       0x58 ./Core/Src/main.o
 .debug_ranges  0x00000000000000b8       0x40 ./Core/Src/stm32f7xx_hal_msp.o
 .debug_ranges  0x00000000000000f8       0x20 ./Core/Src/stm32f7xx_hal_timebase_tim.o
 .debug_ranges  0x0000000000000118       0x50 ./Core/Src/stm32f7xx_it.o
 .debug_ranges  0x0000000000000168       0x18 ./Core/Src/system_stm32f7xx.o
 .debug_ranges  0x0000000000000180       0x20 ./Core/Startup/startup_stm32f767zitx.o
 .debug_ranges  0x00000000000001a0      0x100 ./Drivers/STM32F7xx_HAL_Driver/Src/stm32f7xx_hal.o
 .debug_ranges  0x00000000000002a0      0x108 ./Drivers/STM32F7xx_HAL_Driver/Src/stm32f7xx_hal_cortex.o
 .debug_ranges  0x00000000000003a8       0x80 ./Drivers/STM32F7xx_HAL_Driver/Src/stm32f7xx_hal_dma.o
 .debug_ranges  0x0000000000000428       0x48 ./Drivers/STM32F7xx_HAL_Driver/Src/stm32f7xx_hal_gpio.o
 .debug_ranges  0x0000000000000470      0x280 ./Drivers/STM32F7xx_HAL_Driver/Src/stm32f7xx_hal_i2c.o
 .debug_ranges  0x00000000000006f0       0x28 ./Drivers/STM32F7xx_HAL_Driver/Src/stm32f7xx_hal_i2c_ex.o
 .debug_ranges  0x0000000000000718       0x70 ./Drivers/STM32F7xx_HAL_Driver/Src/stm32f7xx_hal_pwr_ex.o
 .debug_ranges  0x0000000000000788       0x78 ./Drivers/STM32F7xx_HAL_Driver/Src/stm32f7xx_hal_rcc.o
 .debug_ranges  0x0000000000000800       0x40 ./Drivers/STM32F7xx_HAL_Driver/Src/stm32f7xx_hal_rcc_ex.o
 .debug_ranges  0x0000000000000840      0x1c8 ./Drivers/STM32F7xx_HAL_Driver/Src/stm32f7xx_hal_spi.o
 .debug_ranges  0x0000000000000a08      0x3d0 ./Drivers/STM32F7xx_HAL_Driver/Src/stm32f7xx_hal_tim.o
 .debug_ranges  0x0000000000000dd8      0x170 ./Drivers/STM32F7xx_HAL_Driver/Src/stm32f7xx_hal_tim_ex.o
 .debug_ranges  0x0000000000000f48      0x250 ./Drivers/STM32F7xx_HAL_Driver/Src/stm32f7xx_hal_uart.o
 .debug_ranges  0x0000000000001198       0x18 ./FATFS/App/fatfs.o
 .debug_ranges  0x00000000000011b0       0x30 ./FATFS/Target/user_diskio.o
 .debug_ranges  0x00000000000011e0       0x30 ./Middlewares/Third_Party/FatFs/src/ff_gen_drv.o
 .debug_ranges  0x0000000000001210       0x30 ./ThirdParty/FreeRTOS/list.o
 .debug_ranges  0x0000000000001240      0x120 ./ThirdParty/FreeRTOS/queue.o
 .debug_ranges  0x0000000000001360      0x1f8 ./ThirdParty/FreeRTOS/tasks.o
 .debug_ranges  0x0000000000001558       0xd8 ./ThirdParty/FreeRTOS/timers.o
 .debug_ranges  0x0000000000001630       0x78 ./ThirdParty/FreeRTOS/portable/GCC/ARM_CM7/r0p1/port.o
 .debug_ranges  0x00000000000016a8       0x48 ./ThirdParty/FreeRTOS/portable/MemMang/heap_4.o
 .debug_ranges  0x00000000000016f0       0x90 ./ThirdParty/SD_CARD/Src/fatfs_sd.o

.debug_macro    0x0000000000000000    0x2d0c2
 .debug_macro   0x0000000000000000      0x4bf ./Core/Src/DataPLC.o
 .debug_macro   0x00000000000004bf      0xa90 ./Core/Src/DataPLC.o
 .debug_macro   0x0000000000000f4f      0x299 ./Core/Src/DataPLC.o
 .debug_macro   0x00000000000011e8       0x2e ./Core/Src/DataPLC.o
 .debug_macro   0x0000000000001216       0x3b ./Core/Src/DataPLC.o
 .debug_macro   0x0000000000001251       0x22 ./Core/Src/DataPLC.o
 .debug_macro   0x0000000000001273       0x8e ./Core/Src/DataPLC.o
 .debug_macro   0x0000000000001301       0x51 ./Core/Src/DataPLC.o
 .debug_macro   0x0000000000001352      0x103 ./Core/Src/DataPLC.o
 .debug_macro   0x0000000000001455       0x6a ./Core/Src/DataPLC.o
 .debug_macro   0x00000000000014bf      0x1df ./Core/Src/DataPLC.o
 .debug_macro   0x000000000000169e       0x1c ./Core/Src/DataPLC.o
 .debug_macro   0x00000000000016ba       0x22 ./Core/Src/DataPLC.o
 .debug_macro   0x00000000000016dc       0xd9 ./Core/Src/DataPLC.o
 .debug_macro   0x00000000000017b5     0x12cd ./Core/Src/DataPLC.o
 .debug_macro   0x0000000000002a82      0x11f ./Core/Src/DataPLC.o
 .debug_macro   0x0000000000002ba1       0x19 ./Core/Src/DataPLC.o
 .debug_macro   0x0000000000002bba    0x1a9dd ./Core/Src/DataPLC.o
 .debug_macro   0x000000000001d597       0x6d ./Core/Src/DataPLC.o
 .debug_macro   0x000000000001d604     0x3714 ./Core/Src/DataPLC.o
 .debug_macro   0x0000000000020d18      0x174 ./Core/Src/DataPLC.o
 .debug_macro   0x0000000000020e8c       0x63 ./Core/Src/DataPLC.o
 .debug_macro   0x0000000000020eef     0x1add ./Core/Src/DataPLC.o
 .debug_macro   0x00000000000229cc      0x6c4 ./Core/Src/DataPLC.o
 .debug_macro   0x0000000000023090      0x18b ./Core/Src/DataPLC.o
 .debug_macro   0x000000000002321b      0x115 ./Core/Src/DataPLC.o
 .debug_macro   0x0000000000023330      0x26e ./Core/Src/DataPLC.o
 .debug_macro   0x000000000002359e       0xa5 ./Core/Src/DataPLC.o
 .debug_macro   0x0000000000023643      0x24f ./Core/Src/DataPLC.o
 .debug_macro   0x0000000000023892       0x71 ./Core/Src/DataPLC.o
 .debug_macro   0x0000000000023903       0x58 ./Core/Src/DataPLC.o
 .debug_macro   0x000000000002395b      0x236 ./Core/Src/DataPLC.o
 .debug_macro   0x0000000000023b91      0x14e ./Core/Src/DataPLC.o
 .debug_macro   0x0000000000023cdf      0x3db ./Core/Src/DataPLC.o
 .debug_macro   0x00000000000240ba       0x12 ./Core/Src/DataPLC.o
 .debug_macro   0x00000000000240cc      0x22c ./Core/Src/DataPLC.o
 .debug_macro   0x00000000000242f8       0x61 ./Core/Src/DataPLC.o
 .debug_macro   0x0000000000024359       0xa5 ./Core/Src/DataPLC.o
 .debug_macro   0x00000000000243fe      0x12e ./Core/Src/DataPLC.o
 .debug_macro   0x000000000002452c      0x108 ./Core/Src/DataPLC.o
 .debug_macro   0x0000000000024634       0x35 ./Core/Src/DataPLC.o
 .debug_macro   0x0000000000024669      0x2fe ./Core/Src/DataPLC.o
 .debug_macro   0x0000000000024967      0xa6e ./Core/Src/DataPLC.o
 .debug_macro   0x00000000000253d5       0xa9 ./Core/Src/DataPLC.o
 .debug_macro   0x000000000002547e      0x5a5 ./Core/Src/DataPLC.o
 .debug_macro   0x0000000000025a23       0x44 ./Core/Src/DataPLC.o
 .debug_macro   0x0000000000025a67      0x15b ./Core/Src/DataPLC.o
 .debug_macro   0x0000000000025bc2      0x12f ./Core/Src/DataPLC.o
 .debug_macro   0x0000000000025cf1      0x15a ./Core/Src/DataPLC.o
 .debug_macro   0x0000000000025e4b       0xe4 ./Core/Src/DataPLC.o
 .debug_macro   0x0000000000025f2f       0x1c ./Core/Src/DataPLC.o
 .debug_macro   0x0000000000025f4b       0x26 ./Core/Src/DataPLC.o
 .debug_macro   0x0000000000025f71      0x512 ./Core/Src/DataPLC.o
 .debug_macro   0x0000000000026483       0xb5 ./Core/Src/DataPLC.o
 .debug_macro   0x0000000000026538      0x120 ./Core/Src/DataPLC.o
 .debug_macro   0x0000000000026658       0x91 ./Core/Src/DataPLC.o
 .debug_macro   0x00000000000266e9       0x86 ./Core/Src/DataPLC.o
 .debug_macro   0x000000000002676f       0x52 ./Core/Src/DataPLC.o
 .debug_macro   0x00000000000267c1       0x1d ./Core/Src/DataPLC.o
 .debug_macro   0x00000000000267de       0x3c ./Core/Src/DataPLC.o
 .debug_macro   0x000000000002681a       0x34 ./Core/Src/DataPLC.o
 .debug_macro   0x000000000002684e       0x16 ./Core/Src/DataPLC.o
 .debug_macro   0x0000000000026864       0x35 ./Core/Src/DataPLC.o
 .debug_macro   0x0000000000026899      0x341 ./Core/Src/DataPLC.o
 .debug_macro   0x0000000000026bda       0x10 ./Core/Src/DataPLC.o
 .debug_macro   0x0000000000026bea       0x16 ./Core/Src/DataPLC.o
 .debug_macro   0x0000000000026c00       0x43 ./Core/Src/DataPLC.o
 .debug_macro   0x0000000000026c43       0x34 ./Core/Src/DataPLC.o
 .debug_macro   0x0000000000026c77       0x10 ./Core/Src/DataPLC.o
 .debug_macro   0x0000000000026c87       0x58 ./Core/Src/DataPLC.o
 .debug_macro   0x0000000000026cdf       0x71 ./Core/Src/DataPLC.o
 .debug_macro   0x0000000000026d50       0x1c ./Core/Src/DataPLC.o
 .debug_macro   0x0000000000026d6c      0x12a ./Core/Src/DataPLC.o
 .debug_macro   0x0000000000026e96       0x10 ./Core/Src/DataPLC.o
 .debug_macro   0x0000000000026ea6       0x1c ./Core/Src/DataPLC.o
 .debug_macro   0x0000000000026ec2       0x52 ./Core/Src/DataPLC.o
 .debug_macro   0x0000000000026f14       0x22 ./Core/Src/DataPLC.o
 .debug_macro   0x0000000000026f36       0x10 ./Core/Src/DataPLC.o
 .debug_macro   0x0000000000026f46       0x52 ./Core/Src/DataPLC.o
 .debug_macro   0x0000000000026f98       0xd5 ./Core/Src/DataPLC.o
 .debug_macro   0x000000000002706d       0x1c ./Core/Src/DataPLC.o
 .debug_macro   0x0000000000027089       0x3d ./Core/Src/DataPLC.o
 .debug_macro   0x00000000000270c6       0x16 ./Core/Src/DataPLC.o
 .debug_macro   0x00000000000270dc      0x145 ./Core/Src/DataPLC.o
 .debug_macro   0x0000000000027221       0x16 ./Core/Src/DataPLC.o
 .debug_macro   0x0000000000027237       0x20 ./Core/Src/DataPLC.o
 .debug_macro   0x0000000000027257       0x10 ./Core/Src/DataPLC.o
 .debug_macro   0x0000000000027267       0x16 ./Core/Src/DataPLC.o
 .debug_macro   0x000000000002727d       0x7c ./Core/Src/DataPLC.o
 .debug_macro   0x00000000000272f9       0x64 ./Core/Src/DataPLC.o
 .debug_macro   0x000000000002735d      0x13e ./Core/Src/DataPLC.o
 .debug_macro   0x000000000002749b      0x3ff ./Core/Src/DataPLC.o
 .debug_macro   0x000000000002789a       0xeb ./Core/Src/DataPLC.o
 .debug_macro   0x0000000000027985       0x16 ./Core/Src/DataPLC.o
 .debug_macro   0x000000000002799b       0x16 ./Core/Src/DataPLC.o
 .debug_macro   0x00000000000279b1       0x29 ./Core/Src/DataPLC.o
 .debug_macro   0x00000000000279da       0x12 ./Core/Src/DataPLC.o
 .debug_macro   0x00000000000279ec       0xdb ./Core/Src/DataPLC.o
 .debug_macro   0x0000000000027ac7      0x4df ./Core/Src/main.o
 .debug_macro   0x0000000000027fa6      0x467 ./Core/Src/stm32f7xx_hal_msp.o
 .debug_macro   0x000000000002840d      0x1f8 ./Core/Src/stm32f7xx_hal_timebase_tim.o
 .debug_macro   0x0000000000028605      0x471 ./Core/Src/stm32f7xx_it.o
 .debug_macro   0x0000000000028a76      0x1f8 ./Core/Src/system_stm32f7xx.o
 .debug_macro   0x0000000000028c6e      0x21c ./Drivers/STM32F7xx_HAL_Driver/Src/stm32f7xx_hal.o
 .debug_macro   0x0000000000028e8a      0x1f8 ./Drivers/STM32F7xx_HAL_Driver/Src/stm32f7xx_hal_cortex.o
 .debug_macro   0x0000000000029082      0x1fe ./Drivers/STM32F7xx_HAL_Driver/Src/stm32f7xx_hal_dma.o
 .debug_macro   0x0000000000029280      0x1fe ./Drivers/STM32F7xx_HAL_Driver/Src/stm32f7xx_hal_gpio.o
 .debug_macro   0x000000000002947e      0x2c4 ./Drivers/STM32F7xx_HAL_Driver/Src/stm32f7xx_hal_i2c.o
 .debug_macro   0x0000000000029742      0x1f8 ./Drivers/STM32F7xx_HAL_Driver/Src/stm32f7xx_hal_i2c_ex.o
 .debug_macro   0x000000000002993a      0x210 ./Drivers/STM32F7xx_HAL_Driver/Src/stm32f7xx_hal_pwr_ex.o
 .debug_macro   0x0000000000029b4a      0x21c ./Drivers/STM32F7xx_HAL_Driver/Src/stm32f7xx_hal_rcc.o
 .debug_macro   0x0000000000029d66      0x1f8 ./Drivers/STM32F7xx_HAL_Driver/Src/stm32f7xx_hal_rcc_ex.o
 .debug_macro   0x0000000000029f5e      0x207 ./Drivers/STM32F7xx_HAL_Driver/Src/stm32f7xx_hal_spi.o
 .debug_macro   0x000000000002a165      0x1f9 ./Drivers/STM32F7xx_HAL_Driver/Src/stm32f7xx_hal_tim.o
 .debug_macro   0x000000000002a35e      0x1f8 ./Drivers/STM32F7xx_HAL_Driver/Src/stm32f7xx_hal_tim_ex.o
 .debug_macro   0x000000000002a556      0x215 ./Drivers/STM32F7xx_HAL_Driver/Src/stm32f7xx_hal_uart.o
 .debug_macro   0x000000000002a76b      0x4e0 ./FATFS/App/fatfs.o
 .debug_macro   0x000000000002ac4b       0x8e ./FATFS/App/fatfs.o
 .debug_macro   0x000000000002acd9       0xe5 ./FATFS/App/fatfs.o
 .debug_macro   0x000000000002adbe      0x4c7 ./FATFS/Target/user_diskio.o
 .debug_macro   0x000000000002b285       0x10 ./FATFS/Target/user_diskio.o
 .debug_macro   0x000000000002b295       0x5d ./FATFS/Target/user_diskio.o
 .debug_macro   0x000000000002b2f2      0x4cd ./Middlewares/Third_Party/FatFs/src/ff_gen_drv.o
 .debug_macro   0x000000000002b7bf      0x32b ./ThirdParty/FreeRTOS/list.o
 .debug_macro   0x000000000002baea      0x3b4 ./ThirdParty/FreeRTOS/queue.o
 .debug_macro   0x000000000002be9e       0x80 ./ThirdParty/FreeRTOS/queue.o
 .debug_macro   0x000000000002bf1e      0x4d9 ./ThirdParty/FreeRTOS/tasks.o
 .debug_macro   0x000000000002c3f7       0x10 ./ThirdParty/FreeRTOS/tasks.o
 .debug_macro   0x000000000002c407      0x374 ./ThirdParty/FreeRTOS/timers.o