../Core/Src/led_effect.c:11:6:led_effect_stop	24	static
../Core/Src/led_effect.c:24:6:led_effect	32	static
../Core/Src/led_effect.c:30:6:turn_off_all_leds	8	static
../Core/Src/led_effect.c:40:6:turn_on_all_leds	8	static
../Core/Src/led_effect.c:49:6:turn_on_even_leds	8	static
../Core/Src/led_effect.c:57:6:turn_on_odd_leds	8	static
../Core/Src/led_effect.c:65:6:Led_Control	16	static
../Core/Src/led_effect.c:87:6:led_effect1	8	static
../Core/Src/led_effect.c:93:6:led_effect2	8	static
../Core/Src/led_effect.c:99:6:led_effect3	8	static
../Core/Src/led_effect.c:103:6:led_effect4	8	static
