../Core/Src/main.c:85:5:main	48	static,ignoring_inline_asm
../Core/Src/main.c:162:6:SystemClock_Config	88	static
../Core/Src/main.c:217:13:MX_I2C1_Init	8	static
../Core/Src/main.c:251:13:MX_USART2_UART_Init	8	static
../Core/Src/main.c:284:13:MX_GPIO_Init	48	static
../Core/Src/main.c:334:6:led_effect_callback	24	static
../Core/Src/main.c:361:6:HAL_UART_RxCpltCallback	32	static
../Core/Src/main.c:405:6:HAL_TIM_PeriodElapsedCallback	16	static
../Core/Src/main.c:422:6:Error_Handler	4	static,ignoring_inline_asm
