../ThirdParty/FreeRTOS/portable/GCC/ARM_CM7/r0p1/port.c:185:15:pxPortInitialiseStack	24	static
../ThirdParty/FreeRTOS/portable/GCC/ARM_CM7/r0p1/port.c:217:13:prvTaskExitError	16	static,ignoring_inline_asm
../ThirdParty/FreeRTOS/portable/GCC/ARM_CM7/r0p1/port.c:243:6:SVC_Handler	0	static,ignoring_inline_asm
../ThirdParty/FreeRTOS/portable/GCC/ARM_CM7/r0p1/port.c:262:13:prvPortStartFirstTask	0	static,ignoring_inline_asm
../ThirdParty/FreeRTOS/portable/GCC/ARM_CM7/r0p1/port.c:289:12:xPortStartScheduler	24	static
../ThirdParty/FreeRTOS/portable/GCC/ARM_CM7/r0p1/port.c:393:6:vInitPrioGroupValue	24	static
../ThirdParty/FreeRTOS/portable/GCC/ARM_CM7/r0p1/port.c:469:6:vPortEndScheduler	8	static
../ThirdParty/FreeRTOS/portable/GCC/ARM_CM7/r0p1/port.c:477:6:vPortEnterCritical	16	static,ignoring_inline_asm
../ThirdParty/FreeRTOS/portable/GCC/ARM_CM7/r0p1/port.c:494:6:vPortExitCritical	16	static,ignoring_inline_asm
../ThirdParty/FreeRTOS/portable/GCC/ARM_CM7/r0p1/port.c:506:6:PendSV_Handler	0	static,ignoring_inline_asm
../ThirdParty/FreeRTOS/portable/GCC/ARM_CM7/r0p1/port.c:565:6:SysTick_Handler	16	static,ignoring_inline_asm
../ThirdParty/FreeRTOS/portable/GCC/ARM_CM7/r0p1/port.c:765:32:vPortSetupTimerInterrupt	4	static
../ThirdParty/FreeRTOS/portable/GCC/ARM_CM7/r0p1/port.c:787:13:vPortEnableVFP	0	static,ignoring_inline_asm
../ThirdParty/FreeRTOS/portable/GCC/ARM_CM7/r0p1/port.c:804:10:vPortValidateInterruptPriority	16	static,ignoring_inline_asm
