../Core/Src/DataPLC.c:7:9:get_number	24	static
../Core/Src/DataPLC.c:44:5:bufsize	24	static
../Core/Src/DataPLC.c:51:6:clear_buffer	24	static
../Core/Src/DataPLC.c:56:6:send_uart	24	static
../Core/Src/DataPLC.c:64:6:read_Pin_Input	8	static
../Core/Src/DataPLC.c:68:6:write_Pin_Output	8	static
../Core/Src/DataPLC.c:95:6:Main_task	40	static
../Core/Src/DataPLC.c:317:6:TimerCallBack	24	static
../Core/Src/DataPLC.c:328:6:initTimer	16	static
../Core/Src/DataPLC.c:342:6:Start_task	128	static
../Core/Src/DataPLC.c:526:6:Send_task	32	static
../Core/Src/DataPLC.c:586:6:Setting_task	96	static
../Core/Src/DataPLC.c:801:6:Command_task	48	static
../Core/Src/DataPLC.c:826:6:process_command	24	static
../Core/Src/DataPLC.c:858:5:extract_command	32	static
../Core/Src/DataPLC.c:878:6:checkState	24	static
