../Core/Src/main.c:85:5:main	24	static
../Core/Src/main.c:146:6:SystemClock_Config	88	static
../Core/Src/main.c:201:13:MX_I2C1_Init	8	static
../Core/Src/main.c:249:13:MX_SPI1_Init	8	static
../Core/Src/main.c:289:13:MX_USART3_UART_Init	8	static
../Core/Src/main.c:324:13:MX_GPIO_Init	56	static
../Core/Src/main.c:438:6:vAssertCalled	24	static,ignoring_inline_asm
../Core/Src/main.c:456:6:HAL_UART_RxCpltCallback	16	static
../Core/Src/main.c:470:6:HAL_TIM_PeriodElapsedCallback	16	static
../Core/Src/main.c:487:6:Error_Handler	4	static,ignoring_inline_asm
