../Core/Src/main.c:86:5:main	24	static
../Core/Src/main.c:147:6:SystemClock_Config	88	static
../Core/Src/main.c:198:13:MX_I2C1_Init	8	static
../Core/Src/main.c:243:13:MX_SPI1_Init	8	static
../Core/Src/main.c:281:13:MX_USART3_UART_Init	8	static
../Core/Src/main.c:314:13:MX_GPIO_Init	56	static
../Core/Src/main.c:430:6:vAssertCalled	24	static,ignoring_inline_asm
../Core/Src/main.c:445:6:HAL_UART_RxCpltCallback	32	static
../Core/Src/main.c:485:6:HAL_TIM_PeriodElapsedCallback	16	static
../Core/Src/main.c:501:6:Error_Handler	4	static,ignoring_inline_asm
