../Core/Src/stm32f7xx_it.c:57:6:SDTimer_Handler	4	static
../Core/Src/stm32f7xx_it.c:81:6:NMI_Handler	4	static
../Core/Src/stm32f7xx_it.c:96:6:HardFault_Handler	4	static
../Core/Src/stm32f7xx_it.c:111:6:MemManage_Handler	4	static
../Core/Src/stm32f7xx_it.c:126:6:BusFault_Handler	4	static
../Core/Src/stm32f7xx_it.c:141:6:UsageFault_Handler	4	static
../Core/Src/stm32f7xx_it.c:156:6:DebugMon_Handler	4	static
../Core/Src/stm32f7xx_it.c:176:6:USART3_IRQHandler	8	static
../Core/Src/stm32f7xx_it.c:190:6:TIM6_DAC_IRQHandler	8	static
