../Core/Src/stm32f7xx_it.c:57:6:SDTimer_Handler	4	static
../Core/Src/stm32f7xx_it.c:80:6:NMI_Handler	4	static
../Core/Src/stm32f7xx_it.c:93:6:HardFault_Handler	4	static
../Core/Src/stm32f7xx_it.c:106:6:MemManage_Handler	4	static
../Core/Src/stm32f7xx_it.c:119:6:BusFault_Handler	4	static
../Core/Src/stm32f7xx_it.c:132:6:UsageFault_Handler	4	static
../Core/Src/stm32f7xx_it.c:145:6:DebugMon_Handler	4	static
../Core/Src/stm32f7xx_it.c:164:6:USART3_IRQHandler	8	static
../Core/Src/stm32f7xx_it.c:177:6:TIM6_DAC_IRQHandler	8	static
